C51 COMPILER V9.01   DELAY                                                                 06/01/2018 17:39:14 PAGE 1   


C51 COMPILER V9.01, COMPILATION OF MODULE DELAY
OBJECT MODULE PLACED IN .\obj\Delay.obj
COMPILER INVOKED BY: C:\Keil\C51\BIN\C51.EXE src\Delay.c OPTIMIZE(SIZE) BROWSE INCDIR(.\inc) DEBUG OBJECTEXTEND PRINT(.\
                    -list\Delay.lst) OBJECT(.\obj\Delay.obj)

line level    source

   1          /*--------------------------------文*件*信*息-----------------------------
   2          * 文件名：  Delay.c
   3          * 版　本：  v1.0
   4          * 描  述：  100T双轴 整合后的版本
   5          * 创建人：   
   6          * 日  期：   
   7          --------------------------------------------------------------------------
   8          *当前版本:      v1.0
   9          *修 改 人:
  10          *日　  期:
  11          ----------------------------------修改履历--------------------------------
  12          1、
  13          2、
  14          3、
  15          4、
  16          ------------------------------------------------------------------------*/
  17          #include "_Include.h"
  18          
  19          //***********************************************************************///******************************
             -*****************************************/
  20          // *功    能：
  21          // *入    口：
  22          // *出    口：
  23          // *备    注：
  24          // *函数性质：
  25          //***********************************************************************/
  26          
  27          void delay_100us (void)
  28          {       int16u i;
  29   1              for(i=45;i>0;i--){ ; }
  30   1      }
  31          //***********************************************************************/
  32          void delay_ms_ (void)
  33          {       int8u i;
  34   1              for(i=10;i>0;i--)
  35   1              {       delay_100us();
  36   2              }
  37   1      }
  38          //***********************************************************************/
  39          void delay_ms (int16u n)
  40          {       int16u i;
  41   1              
  42   1              
  43   1              for(i=n;i>0;i--)
  44   1              {       delay_ms_();
  45   2              }
  46   1      }
  47           #if 1
  48          void delay_cyc (int16u n)
  49          {       
  50   1              while(n--);
  51   1      }
  52          #endif
  53          //***********************************************************************/
C51 COMPILER V9.01   DELAY                                                                 06/01/2018 17:39:14 PAGE 2   

  54          
  55          //*********************************************************************/
  56          
  57          
  58          
  59          
  60          void delay500us(void)   //误差 0us 400us+
  61          {
  62   1          unsigned char a,b;
  63   1          for(b=111;b>0;b--)
  64   1              for(a=10;a>0;a--);
  65   1      }
  66          
  67          #if 1
  68          void delayxus(void)   //  40,3--60us
  69          {
  70   1              unsigned char a;
  71   1              for(a=45;a>0;a--);
  72   1      }
  73          #endif
  74          
  75          
  76          
  77          


MODULE INFORMATION:   STATIC OVERLAYABLE
   CODE SIZE        =     71    ----
   CONSTANT SIZE    =   ----    ----
   XDATA SIZE       =   ----    ----
   PDATA SIZE       =   ----    ----
   DATA SIZE        =   ----    ----
   IDATA SIZE       =   ----    ----
   BIT SIZE         =   ----    ----
END OF MODULE INFORMATION.


C51 COMPILATION COMPLETE.  0 WARNING(S),  0 ERROR(S)
