BL51 BANKED LINKER/LOCATER V6.22                                                        08/31/2017  09:25:00  PAGE 1


BL51 BANKED LINKER/LOCATER V6.22, INVOKED BY:
C:\KEIL\C51\BIN\BL51.EXE .\obj\STARTUP.obj, .\obj\AD7176.obj, .\obj\AdcDrv.obj, .\obj\AngApp.obj, .\obj\Calibration.obj,
>>  .\obj\CalMcuT.obj, .\obj\CmdSub.obj, .\obj\Comm.obj, .\obj\Delay.obj, .\obj\Filter.obj, .\obj\Flash.obj, .\obj\Init.
>> obj, .\obj\Int0.obj, .\obj\Key.obj, .\obj\main.obj, .\obj\ModBusCrc.obj, .\obj\ModBusRtu.obj, .\obj\Send.obj, .\obj\S
>> ensor.obj, .\obj\SPI.obj, .\obj\Sub.obj, .\obj\Timer.obj TO .\obj\obj PRINT (.\list\obj.m51) RAMSIZE (256)


MEMORY MODEL: SMALL WITH FLOATING POINT ARITHMETIC


INPUT MODULES INCLUDED:
  .\obj\STARTUP.obj (?C_STARTUP)
  .\obj\AD7176.obj (AD7176)
  .\obj\AdcDrv.obj (ADCDRV)
  .\obj\AngApp.obj (ANGAPP)
  .\obj\Calibration.obj (CALIBRATION)
  .\obj\CalMcuT.obj (CALMCUT)
  .\obj\CmdSub.obj (CMDSUB)
  .\obj\Comm.obj (COMM)
  .\obj\Delay.obj (DELAY)
  .\obj\Filter.obj (FILTER)
  .\obj\Flash.obj (FLASH)
  .\obj\Init.obj (INIT)
  .\obj\Int0.obj (INT0)
  .\obj\Key.obj (KEY)
  .\obj\main.obj (MAIN)
  .\obj\ModBusCrc.obj (MODBUSCRC)
  .\obj\ModBusRtu.obj (MODBUSRTU)
  .\obj\Send.obj (SEND)
  .\obj\Sensor.obj (SENSOR)
  .\obj\SPI.obj (SPI)
  .\obj\Sub.obj (SUB)
  .\obj\Timer.obj (TIMER)
  C:\KEIL\C51\LIB\C51FPS.LIB (?C?FPADD)
  C:\KEIL\C51\LIB\C51FPS.LIB (?C?FPMUL)
  C:\KEIL\C51\LIB\C51FPS.LIB (?C?FPDIV)
  C:\KEIL\C51\LIB\C51FPS.LIB (?C?FPCMP)
  C:\KEIL\C51\LIB\C51FPS.LIB (?C?FCAST)
  C:\KEIL\C51\LIB\C51FPS.LIB (?C?CASTF)
  C:\KEIL\C51\LIB\C51FPS.LIB (SQRT)
  C:\KEIL\C51\LIB\C51FPS.LIB (SIN)
  C:\KEIL\C51\LIB\C51FPS.LIB (ASIN)
  C:\KEIL\C51\LIB\C51FPS.LIB (?C?FPGETOPN)
  C:\KEIL\C51\LIB\C51FPS.LIB (?C?FPSERIES)
  C:\KEIL\C51\LIB\C51FPS.LIB (ATAN)
  C:\KEIL\C51\LIB\C51S.LIB (?C_INIT)
  C:\KEIL\C51\LIB\C51S.LIB (?C?COPY)
  C:\KEIL\C51\LIB\C51S.LIB (?C?CLDPTR)
  C:\KEIL\C51\LIB\C51S.LIB (?C?CLDOPTR)
  C:\KEIL\C51\LIB\C51S.LIB (?C?CILDPTR)
  C:\KEIL\C51\LIB\C51S.LIB (?C?CSTPTR)
  C:\KEIL\C51\LIB\C51S.LIB (?C?CSTOPTR)
  C:\KEIL\C51\LIB\C51S.LIB (?C?IMUL)
  C:\KEIL\C51\LIB\C51S.LIB (?C?UIDIV)
  C:\KEIL\C51\LIB\C51S.LIB (?C?SIDIV)
  C:\KEIL\C51\LIB\C51S.LIB (?C?IILDX)
  C:\KEIL\C51\LIB\C51S.LIB (?C?ILDPTR)
  C:\KEIL\C51\LIB\C51S.LIB (?C?ILDOPTR)
BL51 BANKED LINKER/LOCATER V6.22                                                      08/31/2017  09:25:00  PAGE 2


  C:\KEIL\C51\LIB\C51S.LIB (?C?IILDPTR)
  C:\KEIL\C51\LIB\C51S.LIB (?C?IILDOPTR)
  C:\KEIL\C51\LIB\C51S.LIB (?C?ISTPTR)
  C:\KEIL\C51\LIB\C51S.LIB (?C?ISTOPTR)
  C:\KEIL\C51\LIB\C51S.LIB (?C?LMUL)
  C:\KEIL\C51\LIB\C51S.LIB (?C?ULDIV)
  C:\KEIL\C51\LIB\C51S.LIB (?C?SLDIV)
  C:\KEIL\C51\LIB\C51S.LIB (?C?LNEG)
  C:\KEIL\C51\LIB\C51S.LIB (?C?SLCMP)
  C:\KEIL\C51\LIB\C51S.LIB (?C?ULCMP)
  C:\KEIL\C51\LIB\C51S.LIB (?C?ULSHR)
  C:\KEIL\C51\LIB\C51S.LIB (?C?SLSHR)
  C:\KEIL\C51\LIB\C51S.LIB (?C?LSHL)
  C:\KEIL\C51\LIB\C51S.LIB (?C?LLDPTR)
  C:\KEIL\C51\LIB\C51S.LIB (?C?LLDOPTR)
  C:\KEIL\C51\LIB\C51S.LIB (?C?LSTPTR)
  C:\KEIL\C51\LIB\C51S.LIB (?C?LSTOPTR)
  C:\KEIL\C51\LIB\C51S.LIB (?C?LLDIDATA)
  C:\KEIL\C51\LIB\C51S.LIB (?C?LLDCODE)
  C:\KEIL\C51\LIB\C51S.LIB (?C?LLDIDATA0)
  C:\KEIL\C51\LIB\C51S.LIB (?C?LLDCODE0)
  C:\KEIL\C51\LIB\C51S.LIB (?C?LLDOPTR0)
  C:\KEIL\C51\LIB\C51S.LIB (?C?LSTIDATA)
  C:\KEIL\C51\LIB\C51S.LIB (?C?LSTXDATA)
  C:\KEIL\C51\LIB\C51S.LIB (?C?LSTKIDATA)
  C:\KEIL\C51\LIB\C51S.LIB (?C?LSTKXDATA)
  C:\KEIL\C51\LIB\C51S.LIB (?C?LSTKPTR)
  C:\KEIL\C51\LIB\C51S.LIB (?C?LSTKOPTR)
  C:\KEIL\C51\LIB\C51S.LIB (?C?OFFXADD)
  C:\KEIL\C51\LIB\C51S.LIB (?C?PLDOPTR)
  C:\KEIL\C51\LIB\C51S.LIB (?C?PLDIOPTR)
  C:\KEIL\C51\LIB\C51S.LIB (?C?PSTOPTR)
  C:\KEIL\C51\LIB\C51S.LIB (?C?ICASE)
  C:\KEIL\C51\LIB\C51S.LIB (?C?ICALL)
  C:\KEIL\C51\LIB\C51S.LIB (?C_IBP)
  C:\KEIL\C51\LIB\C51S.LIB (?C?LIMUL)
  C:\KEIL\C51\LIB\C51S.LIB (STRNCMP)
  C:\KEIL\C51\LIB\C51S.LIB (STRNCPY)
  C:\KEIL\C51\LIB\C51S.LIB (?C?LLDXDATA)
  C:\KEIL\C51\LIB\C51S.LIB (?C?LLDPDATA)
  C:\KEIL\C51\LIB\C51S.LIB (?C?LLDXDATA0)
  C:\KEIL\C51\LIB\C51S.LIB (?C?LLDPDATA0)
  C:\KEIL\C51\LIB\C51S.LIB (?C?LSTPDATA)
  C:\KEIL\C51\LIB\C51S.LIB (?C?LSTKPDATA)
  C:\KEIL\C51\LIB\C51S.LIB (?C?PLDIDATA)
  C:\KEIL\C51\LIB\C51S.LIB (?C?PLDIIDATA)
  C:\KEIL\C51\LIB\C51S.LIB (?C?PSTIDATA)
  C:\KEIL\C51\LIB\C51S.LIB (?C?PLDXDATA)
  C:\KEIL\C51\LIB\C51S.LIB (?C?PLDIXDATA)
  C:\KEIL\C51\LIB\C51S.LIB (?C?PSTXDATA)
  C:\KEIL\C51\LIB\C51S.LIB (?C?PLDPDATA)
  C:\KEIL\C51\LIB\C51S.LIB (?C?PLDIPDATA)
  C:\KEIL\C51\LIB\C51S.LIB (?C?PSTPDATA)
  C:\KEIL\C51\LIB\C51S.LIB (?C?PLDCODE)


LINK MAP OF MODULE:  .\obj\obj (?C_STARTUP)
BL51 BANKED LINKER/LOCATER V6.22                                                      08/31/2017  09:25:00  PAGE 3




            TYPE    BASE      LENGTH    RELOCATION   SEGMENT NAME
            -----------------------------------------------------

            * * * * * * *   D A T A   M E M O R Y   * * * * * * *
            REG     0000H     0008H     ABSOLUTE     "REG BANK 0"
            DATA    0008H     000AH     UNIT         ?DT?SEND
            DATA    0012H     0007H     UNIT         ?DT?_SPI_READ?SPI
            DATA    0019H     0006H     UNIT         ?DT?ADCDRV
            DATA    001FH     0001H     UNIT         ?DT?_SPI_WRITE_INT?SPI
            BIT     0020H.0   0000H.2   UNIT         ?BI?COMM
            BIT     0020H.2   0000H.2   UNIT         _BIT_GROUP_
                    0020H.4   0000H.4                *** GAP ***
            DATA    0021H     0041H     UNIT         _DATA_GROUP_
            DATA    0062H     0004H     UNIT         ?DT?CMDSUB
            DATA    0066H     0003H     UNIT         ?DT?AD7176
            DATA    0069H     0002H     UNIT         ?DT?CALMCUT
            DATA    006BH     0002H     UNIT         ?DT?_COMM_XTOSTR?COMM
            DATA    006DH     0001H     UNIT         ?DT?TIMER
            DATA    006EH     0001H     UNIT         ?C?LIB_DATA
            IDATA   006FH     0002H     UNIT         ?ID?ADCDRV
            IDATA   0071H     0001H     UNIT         ?STACK

            * * * * * * *  X D A T A   M E M O R Y  * * * * * * *
            XDATA   0000H     0568H     UNIT         ?XD?CALIBRATION
            XDATA   0568H     0332H     UNIT         ?XD?AD7176
            XDATA   089AH     0200H     UNIT         ?XD?FLASH
            XDATA   0A9AH     01A2H     UNIT         ?XD?COMM
            XDATA   0C3CH     00F1H     UNIT         ?XD?CALMCUT
            XDATA   0D2DH     00C9H     UNIT         ?XD?SEND
            XDATA   0DF6H     004DH     UNIT         ?XD?SENSOR
            XDATA   0E43H     0038H     UNIT         ?XD?ANGAPP
            XDATA   0E7BH     001CH     UNIT         ?XD?CMDSUB
            XDATA   0E97H     000FH     UNIT         ?XD?MODBUSRTU
            XDATA   0EA6H     0008H     UNIT         _XDATA_GROUP_
            XDATA   0EAEH     0005H     UNIT         ?XD?MAIN
            XDATA   0EB3H     0003H     UNIT         ?XD?KEY
            XDATA   0EB6H     0002H     UNIT         ?XD?TIMER

            * * * * * * *   C O D E   M E M O R Y   * * * * * * *
            CODE    0000H     0003H     ABSOLUTE     
            CODE    0003H     0003H     ABSOLUTE     
            CODE    0006H     001DH     UNIT         ?PR?COMM_TIMERPROC?COMM
            CODE    0023H     0003H     ABSOLUTE     
            CODE    0026H     0005H     UNIT         ?PR?DELAYXUS?DELAY
            CODE    002BH     0003H     ABSOLUTE     
            CODE    002EH     0005H     UNIT         ?PR?INT0_ENABLE?INT0
            CODE    0033H     0003H     ABSOLUTE     
            CODE    0036H     0015H     UNIT         ?PR?_SETTEMPXCALTEMPVAL?CALIBRATION
            CODE    004BH     0003H     ABSOLUTE     
            CODE    004EH     0CA9H     UNIT         ?C?LIB_CODE
            CODE    0CF7H     0B7EH     UNIT         ?PR?_MODRTU_RDVAL?MODBUSRTU
            CODE    1875H     0A20H     UNIT         ?PR?_MODRTU_WRVAL?MODBUSRTU
            CODE    2295H     09E9H     UNIT         ?PR?_SEND_SDEAL?SEND
            CODE    2C7EH     0366H     UNIT         ?PR?_RAM_BUF2CALDATA?FLASH
            CODE    2FE4H     0345H     UNIT         ?PR?_RAM_CALDATA2BUF?FLASH
BL51 BANKED LINKER/LOCATER V6.22                                                      08/31/2017  09:25:00  PAGE 4


            CODE    3329H     0278H     UNIT         ?CO?SEND
            CODE    35A1H     026FH     UNIT         ?PR?_SEND_CDEAL?SEND
            CODE    3810H     0219H     UNIT         ?PR?_SEND_RDEAL?SEND
            CODE    3A29H     0205H     UNIT         ?PR?_SUB_STR2INT32SANG?SUB
            CODE    3C2EH     0200H     UNIT         ?CO?MODBUSCRC
            CODE    3E2EH     01D1H     UNIT         ?PR?_SUB_INT32U2STR?SUB
            CODE    3FFFH     01B1H     UNIT         ?PR?_SUB_STR2INT32S?SUB
            CODE    41B0H     019CH     UNIT         ?PR?_ANG_CALCPRM?CALIBRATION
            CODE    434CH     019CH     UNIT         ?PR?_SUB_INT32S2STR?SUB
            CODE    44E8H     016EH     UNIT         ?PR?SIN?SIN
            CODE    4656H     0151H     UNIT         ?PR?_MCUT_CALCPRM?CALMCUT
            CODE    47A7H     014EH     UNIT         ?PR?_?SLIDEWINFILTER?FILTER
            CODE    48F5H     0146H     UNIT         ?PR?_TEMP_CALCPRM?CALIBRATION
            CODE    4A3BH     0144H     UNIT         ?PR?ANGCALDATAINIT?CALIBRATION
            CODE    4B7FH     0128H     UNIT         ?PR?ATAN?ATAN
            CODE    4CA7H     0125H     UNIT         ?PR?_TEMP_CALTREFSET?CMDSUB
            CODE    4DCCH     011DH     UNIT         ?PR?SEND_TIMEPROC?SEND
            CODE    4EE9H     0119H     UNIT         ?PR?MTCALDATAINIT?CALMCUT
            CODE    5002H     0115H     UNIT         ?PR?CALIBINIT?CALIBRATION
            CODE    5117H     010EH     UNIT         ?PR?_SEND_WDEAL?SEND
            CODE    5225H     0109H     UNIT         ?PR?_ADC_XCALPROC?CMDSUB
            CODE    532EH     0109H     UNIT         ?PR?_ADC_YCALPROC?CMDSUB
            CODE    5437H     0103H     UNIT         ?PR?_MODRTU_WRREG?MODBUSRTU
            CODE    553AH     00EDH     UNIT         ?PR?_MODRTU_RDREG?MODBUSRTU
            CODE    5627H     00DDH     UNIT         ?PR?SNPROC?SENSOR
            CODE    5704H     00DBH     UNIT         ?PR?_SUB_SENDTEMPCAL?SUB
            CODE    57DFH     00D7H     UNIT         ?PR?_PANGCALC?ANGAPP
            CODE    58B6H     00CFH     UNIT         ?PR?FLASH_CALDATAINIT?FLASH
            CODE    5985H     00C5H     UNIT         ?PR?AD7176_INIT?AD7176
            CODE    5A4AH     00C3H     UNIT         ?PR?_GETANGCALCVAL?SENSOR
            CODE    5B0DH     00BFH     UNIT         ?PR?_SUB_STR2INT16U?SUB
            CODE    5BCCH     00BEH     UNIT         ?PR?_GETOFFSET?SENSOR
            CODE    5C8AH     00BBH     UNIT         ?PR?_ADCFILTER?AD7176
            CODE    5D45H     00B4H     UNIT         ?PR?_ADCFILTER_TEMP?ADCDRV
            CODE    5DF9H     00B0H     UNIT         ?PR?_SUB_INT16U2STR?SUB
            CODE    5EA9H     00AAH     UNIT         ?PR?SQRT?SQRT
            CODE    5F53H     00A5H     UNIT         ?PR?_COMM_GETTXCHAR?COMM
            CODE    5FF8H     00A4H     UNIT         ?PR?_COMM_GETCHAR?COMM
            CODE    609CH     00A4H     UNIT         ?PR?_SNFILTER?SENSOR
            CODE    6140H     00A2H     UNIT         ?PR?_ANG_CALC?SENSOR
            CODE    61E2H     00A0H     UNIT         ?PR?_TEMP_CALSAMP?CMDSUB
            CODE    6282H     009BH     UNIT         ?PR?_GETMT?CALMCUT
            CODE    631DH     0099H     UNIT         ?PR?ANGINIT?ANGAPP
            CODE    63B6H     0097H     UNIT         ?PR?ADC_XCALSTOP?CMDSUB
            CODE    644DH     0097H     UNIT         ?PR?ADC_YCALSTOP?CMDSUB
            CODE    64E4H     008FH     UNIT         ?PR?COMM_SOFTWAREINIT?COMM
            CODE    6573H     008CH     UNIT         ?C_C51STARTUP
            CODE    65FFH     008CH     UNIT         ?PR?_COMM_PUTCHAR?COMM
            CODE    668BH     0088H     UNIT         ?PR?_FLOATTOINT?MODBUSRTU
            CODE    6713H     0084H     UNIT         ?PR?_COMM_PUTRXCHAR?COMM
            CODE    6797H     0084H     UNIT         ?PR?SNINIT?SENSOR
            CODE    681BH     0081H     UNIT         ?PR?ADC_ISR?ADCDRV
            CODE    689CH     0080H     UNIT         ?PR?TEMPSORTANDCALCPRM?CMDSUB
            CODE    691CH     0076H     UNIT         ?PR?SUB_SENDPRMTALL?SUB
            CODE    6992H     0075H     UNIT         ?PR?_SUB_BUFBUBBLE2?SUB
            CODE    6A07H     0074H     UNIT         ?PR?SUB_SENDTCALTEST?SUB
            CODE    6A7BH     0072H     UNIT         ?PR?AD7176_INMAINPROC?AD7176
BL51 BANKED LINKER/LOCATER V6.22                                                      08/31/2017  09:25:00  PAGE 5


            CODE    6AEDH     0072H     UNIT         ?PR?COMM_ISR?COMM
            CODE    6B5FH     006FH     UNIT         ?PR?_STRNCMP?STRNCMP
            CODE    6BCEH     006EH     UNIT         ?PR?AD7176_INTPROC?AD7176
            CODE    6C3CH     006DH     UNIT         ?PR?TEMPCALDATAINIT?CALIBRATION
            CODE    6CA9H     006DH     UNIT         ?PR?_SUB_BUFBUBBLE16S?SUB
            CODE    6D16H     006CH     UNIT         ?PR?_SN_DATAINIT?SENSOR
            CODE    6D82H     006AH     UNIT         ?PR?_FLASH_BUFWR?FLASH
            CODE    6DECH     0069H     UNIT         ?PR?_SUB_BUFBUBBLE?SUB
            CODE    6E55H     0065H     UNIT         ?PR?_AD7176_WRREGVAL?AD7176
            CODE    6EBAH     0065H     UNIT         ?PR?_?VALINRANGE?FILTER
            CODE    6F1FH     0065H     UNIT         ?PR?_SEND_UDEAL?SEND
            CODE    6F84H     0063H     UNIT         ?PR?_SUB_SENDANGXCAL?SUB
            CODE    6FE7H     0061H     UNIT         ?PR?ADCENTITYINIT?AD7176
            CODE    7048H     0061H     UNIT         ?PR?_FILTER_1ST?FILTER
            CODE    70A9H     005CH     UNIT         ?PR?_FLASH_BUFRD?FLASH
            CODE    7105H     005CH     UNIT         ?CO?SUB
            CODE    7161H     005AH     UNIT         ?PR?_ANGCHKDIFF?CMDSUB
            CODE    71BBH     0056H     UNIT         ?PR?FLASHAREA_USER?FLASH
            CODE    7211H     0056H     UNIT         ?PR?_SUB_SBUFSWITCH?SUB
            CODE    7267H     0056H     UNIT         ?PR?_SUB_32UBUFSWITCH?SUB
            CODE    72BDH     0054H     UNIT         ?PR?SUB_SENDANGXYP?SUB
            CODE    7311H     0052H     UNIT         ?PR?_STRNCPY?STRNCPY
            CODE    7363H     0051H     UNIT         ?PR?_TEMP_CALVALWR?CMDSUB
            CODE    73B4H     0050H     UNIT         ?PR?RAM_CALDATAINIT_USER?FLASH
            CODE    7404H     004FH     UNIT         ?PR?_FLASH_CALDATAUPDATE_USER?FLASH
            CODE    7453H     004EH     UNIT         ?PR?_SPI_READ?SPI
            CODE    74A1H     004DH     UNIT         ?PR?CALIBMTINIT?CALMCUT
            CODE    74EEH     004DH     UNIT         ?PR?_MCUT_CALVALWR?CALMCUT
            CODE    753BH     004CH     UNIT         ?PR?_SUB_16SBUFSWITCH?SUB
            CODE    7587H     004CH     UNIT         ?PR?_SUB_UBUFSWITCH?SUB
            CODE    75D3H     0049H     UNIT         ?PR?_AD7176_INTMODECONFIG?AD7176
            CODE    761CH     0048H     UNIT         ?PR?_SUB_SENDADCTXY?SUB
            CODE    7664H     0047H     UNIT         ?PR?KEY_DOWN?KEY
            CODE    76ABH     0046H     UNIT         ?PR?GETXANGALLSETVAL?ANGAPP
            CODE    76F1H     0046H     UNIT         ?PR?GETYANGALLSETVAL?ANGAPP
            CODE    7737H     0045H     UNIT         ?PR?INT0_ISR?INT0
            CODE    777CH     0045H     UNIT         ?PR?_MODRTU_RLYERROR?MODBUSRTU
            CODE    77C1H     0045H     UNIT         ?PR?SPI_ISR?SPI
            CODE    7806H     0044H     UNIT         ?C?LDIV
            CODE    784AH     0043H     UNIT         ?PR?FLASH_CALDATAUPDATE?FLASH
            CODE    788DH     0043H     UNIT         ?PR?_COMM_PUTINT32SAD?SUB
            CODE    78D0H     0042H     UNIT         ?PR?_COMM_XTOSTR?COMM
            CODE    7912H     0041H     UNIT         ?PR?_COMM_PUTINT16S?SUB
            CODE    7953H     0041H     UNIT         ?PR?_SUB_SENDANGYCAL?SUB
            CODE    7994H     003EH     UNIT         ?PR?MCUTCALCPRM?CALMCUT
            CODE    79D2H     003EH     UNIT         ?PR?INIT_SYSTEMPARA?INIT
            CODE    7A10H     003DH     UNIT         ?PR?TIMER2_ISR?TIMER
            CODE    7A4DH     003CH     UNIT         ?PR?_FLASH_CHECKSUM?FLASH
            CODE    7A89H     003CH     UNIT         ?PR?_MODRTU_RXPROC?MODBUSRTU
            CODE    7AC5H     003CH     UNIT         ?PR?SUB_SENDID?SUB
            CODE    7B01H     003CH     UNIT         ?PR?_SUB_STR2INT8U?SUB
            CODE    7B3DH     003CH     UNIT         ?PR?TIMER2_TASKINISR?TIMER
            CODE    7B79H     003BH     UNIT         ?PR?ASIN?ASIN
            CODE    7BB4H     003AH     UNIT         ?PR?_MODBUSCRCCNT?MODBUSCRC
            CODE    7BEEH     0038H     UNIT         ?PR?SUB_SENDANGXY?SUB
            CODE    7C26H     0036H     UNIT         ?C_INITSEG
            CODE    7C5CH     0036H     UNIT         ?PR?GETANGP?ANGAPP
BL51 BANKED LINKER/LOCATER V6.22                                                      08/31/2017  09:25:00  PAGE 6


            CODE    7C92H     0034H     UNIT         ?PR?_AD7176_FILTERCONFIG?AD7176
            CODE    7CC6H     0033H     UNIT         ?PR?_MODRTU_SETZERO?MODBUSRTU
            CODE    7CF9H     0032H     UNIT         ?PR?_FLASHUPDATE?FLASH
            CODE    7D2BH     002FH     UNIT         ?PR?_SUB_SENDMCUT?SUB
            CODE    7D5AH     002FH     UNIT         ?PR?_SUB_STRALARMCHECK?SUB
            CODE    7D89H     002EH     UNIT         ?PR?ADC_SETINIT?ADCDRV
            CODE    7DB7H     002EH     UNIT         ?PR?MAIN?MAIN
            CODE    7DE5H     002CH     UNIT         ?PR?_AD7176_CHANNELCONFIG?AD7176
            CODE    7E11H     002CH     UNIT         ?PR?_SETANGZERO?ANGAPP
            CODE    7E3DH     002BH     UNIT         ?PR?_AD7176_ADCMODECONFIG?AD7176
            CODE    7E68H     002AH     UNIT         ?PR?KEY_PROC?KEY
            CODE    7E92H     0029H     UNIT         ?PR?_SETANGZEROADD?ANGAPP
            CODE    7EBBH     0029H     UNIT         ?PR?_FLASH_PAGEERASE?FLASH
            CODE    7EE4H     0028H     UNIT         ?PR?_MODRTU_WRADDR?MODBUSRTU
            CODE    7F0CH     0026H     UNIT         ?PR?_COMM_PUTSTR?COMM
            CODE    7F32H     0025H     UNIT         ?PR?_MODRTU_WRBAUD?MODBUSRTU
            CODE    7F57H     0024H     UNIT         ?PR?INIT_ALL?INIT
            CODE    7F7BH     0023H     UNIT         ?PR?AD7176_RESET?AD7176
            CODE    7F9EH     0022H     UNIT         ?PR?_SUB_INT16S2STR?SUB
            CODE    7FC0H     0021H     UNIT         ?PR?_MODRTU_WR16U?MODBUSRTU
            CODE    7FE1H     0021H     UNIT         ?PR?_SUB_STR2INT8S?SUB
            CODE    8002H     0020H     UNIT         ?PR?_SEND_TDEAL?SEND
            CODE    8022H     0020H     UNIT         ?PR?_SUB_INT8U2STR?SUB
            CODE    8042H     001EH     UNIT         ?PR?_MCUT_CALSAMP?CALMCUT
            CODE    8060H     001EH     UNIT         ?PR?COMM_HARDWAREINIT?COMM
            CODE    807EH     001DH     UNIT         ?PR?PORTINIT?INIT
            CODE    809BH     001DH     UNIT         ?PR?TIMER2_INIT?TIMER
            CODE    80B8H     001CH     UNIT         ?PR?_AD7176_SETUPCONFIG?AD7176
            CODE    80D4H     001CH     UNIT         ?PR?_SPI_WRITE?SPI
            CODE    80F0H     001CH     UNIT         ?PR?_SPI_WRITE_INT?SPI
            CODE    810CH     001CH     UNIT         ?PR?_COMM_PUTINT16U?SUB
            CODE    8128H     001CH     UNIT         ?PR?SUB_SENDSYSNUM?SUB
            CODE    8144H     001BH     UNIT         ?PR?SNXDATAINIT?SENSOR
            CODE    815FH     001BH     UNIT         ?PR?SNYDATAINIT?SENSOR
            CODE    817AH     0019H     UNIT         ?PR?SYS_CLKINIT?INIT
            CODE    8193H     0018H     UNIT         ?PR?_SETTEMPYCALTEMPVAL?CALIBRATION
            CODE    81ABH     0018H     UNIT         ?PR?FLASH_USERDATAUPDATE?FLASH
            CODE    81C3H     0017H     UNIT         ?PR?_TEMP_RDTEMPVAL?CALIBRATION
            CODE    81DAH     0017H     UNIT         ?PR?_TEMP_WRTEMPVAL?CALIBRATION
            CODE    81F1H     0017H     UNIT         ?PR?_MCUT_RDADCVAL?CALMCUT
            CODE    8208H     0017H     UNIT         ?PR?_MCUT_WRADCVAL?CALMCUT
            CODE    821FH     0017H     UNIT         ?PR?ADC_XCALSTA?CMDSUB
            CODE    8236H     0017H     UNIT         ?PR?ADC_YCALSTA?CMDSUB
            CODE    824DH     0017H     UNIT         ?PR?_DELAY_MS?DELAY
            CODE    8264H     0016H     UNIT         ?PR?TEMP_CALSTOP?CMDSUB
            CODE    827AH     0016H     UNIT         ?PR?_MODRTU_CHKCRC?MODBUSRTU
            CODE    8290H     0016H     UNIT         ?PR?_COMM_PUTINT8U?SUB
            CODE    82A6H     0015H     UNIT         ?PR?_SETMCUTCALTEMPVAL?CALMCUT
            CODE    82BBH     0015H     UNIT         ?PR?_SETMCUTCALADCVAL?CALMCUT
            CODE    82D0H     0014H     UNIT         ?PR?_COMM_PUTINT32S?SUB
            CODE    82E4H     0014H     UNIT         ?PR?_COMM_PUTINT32U?SUB
            CODE    82F8H     0012H     UNIT         ?PR?_AD7176_OFFSETCONFIG?AD7176
            CODE    830AH     0012H     UNIT         ?PR?_AD7176_GAINCONFIG?AD7176
            CODE    831CH     0012H     UNIT         ?PR?TEMP_CALSTA?CMDSUB
            CODE    832EH     0012H     UNIT         ?PR?INT0_INIT?INT0
            CODE    8340H     0012H     UNIT         ?PR?TIMER2_TASKINMAIN?TIMER
            CODE    8352H     0011H     UNIT         ?PR?_ADC_SAVEANDSWITCH?ADCDRV
BL51 BANKED LINKER/LOCATER V6.22                                                      08/31/2017  09:25:00  PAGE 7


            CODE    8363H     0011H     UNIT         ?PR?_MCUT_RDTEMPVAL?CALMCUT
            CODE    8374H     0011H     UNIT         ?PR?_MCUT_WRTEMPVAL?CALMCUT
            CODE    8385H     0011H     UNIT         ?PR?SPI_INIT?SPI
            CODE    8396H     0011H     UNIT         ?PR?SUB_SENDOK?SUB
            CODE    83A7H     0011H     UNIT         ?PR?SUB_SENDERR?SUB
            CODE    83B8H     0011H     UNIT         ?PR?SUB_SENDSOFTVER?SUB
            CODE    83C9H     000FH     UNIT         ?PR?GETANGXSYSZERO?ANGAPP
            CODE    83D8H     000FH     UNIT         ?PR?GETANGYSYSZERO?ANGAPP
            CODE    83E7H     000FH     UNIT         ?PR?GETANGXUSRZERO?ANGAPP
            CODE    83F6H     000FH     UNIT         ?PR?GETANGYUSRZERO?ANGAPP
            CODE    8405H     000FH     UNIT         ?PR?GETANGXINST?ANGAPP
            CODE    8414H     000FH     UNIT         ?PR?GETANGYINST?ANGAPP
            CODE    8423H     000FH     UNIT         ?PR?GETANGXSET?ANGAPP
            CODE    8432H     000FH     UNIT         ?PR?GETANGYSET?ANGAPP
            CODE    8441H     000FH     UNIT         ?PR?GETANGPSET?ANGAPP
            CODE    8450H     000FH     UNIT         ?PR?GETANGXZEROUSR?ANGAPP
            CODE    845FH     000FH     UNIT         ?PR?GETANGYZEROUSR?ANGAPP
            CODE    846EH     000FH     UNIT         ?PR?GETANGXRELSYS?ANGAPP
            CODE    847DH     000FH     UNIT         ?PR?GETANGYRELSYS?ANGAPP
            CODE    848CH     000FH     UNIT         ?PR?DELAY_100US?DELAY
            CODE    849BH     000FH     UNIT         ?PR?GETXFTVAL?SENSOR
            CODE    84AAH     000FH     UNIT         ?PR?GETYFTVAL?SENSOR
            CODE    84B9H     000FH     UNIT         ?PR?GETXOFTVAL?SENSOR
            CODE    84C8H     000FH     UNIT         ?PR?GETYOFTVAL?SENSOR
            CODE    84D7H     000FH     UNIT         ?PR?GETXANG?SENSOR
            CODE    84E6H     000FH     UNIT         ?PR?GETYANG?SENSOR
            CODE    84F5H     000EH     UNIT         ?PR?_TEMP_RDADCVAL?CALIBRATION
            CODE    8503H     000EH     UNIT         ?PR?_TEMP_WRADCVAL?CALIBRATION
            CODE    8511H     000EH     UNIT         ?PR?_ANG_RDANGVAL?CALIBRATION
            CODE    851FH     000EH     UNIT         ?PR?_ANG_RDADCVAL?CALIBRATION
            CODE    852DH     000EH     UNIT         ?PR?_ANG_WRANGVAL?CALIBRATION
            CODE    853BH     000EH     UNIT         ?PR?_ANG_WRADCVAL?CALIBRATION
            CODE    8549H     000EH     UNIT         ?PR?FLASHCHK?FLASH
            CODE    8557H     000DH     UNIT         ?CO?AD7176
            CODE    8564H     000DH     UNIT         ?PR?_MODRTU_RD16U?MODBUSRTU
            CODE    8571H     000DH     UNIT         ?PR?COMM_PUTNEWLINESTA?SUB
            CODE    857EH     000CH     UNIT         ?PR?_GETTEMPXCALTEMPVAL?CALIBRATION
            CODE    858AH     000CH     UNIT         ?PR?_GETANGXCALANGVAL?CALIBRATION
            CODE    8596H     000CH     UNIT         ?PR?_GETTEMPYCALTEMPVAL?CALIBRATION
            CODE    85A2H     000CH     UNIT         ?PR?_GETANGYCALANGVAL?CALIBRATION
            CODE    85AEH     000CH     UNIT         ?PR?_GETTEMPXCALADCVAL?CALIBRATION
            CODE    85BAH     000CH     UNIT         ?PR?_GETANGXCALADCVAL?CALIBRATION
            CODE    85C6H     000CH     UNIT         ?PR?_GETTEMPYCALADCVAL?CALIBRATION
            CODE    85D2H     000CH     UNIT         ?PR?_GETANGYCALADCVAL?CALIBRATION
            CODE    85DEH     000CH     UNIT         ?PR?_SETANGXCALANGVAL?CALIBRATION
            CODE    85EAH     000CH     UNIT         ?PR?_SETANGYCALANGVAL?CALIBRATION
            CODE    85F6H     000CH     UNIT         ?PR?_SETTEMPXCALADCVAL?CALIBRATION
            CODE    8602H     000CH     UNIT         ?PR?_SETANGXCALADCVAL?CALIBRATION
            CODE    860EH     000CH     UNIT         ?PR?_SETTEMPYCALADCVAL?CALIBRATION
            CODE    861AH     000CH     UNIT         ?PR?_SETANGYCALADCVAL?CALIBRATION
            CODE    8626H     000CH     UNIT         ?PR?_GETMCUTCALTEMPVAL?CALMCUT
            CODE    8632H     000CH     UNIT         ?PR?_GETMCUTCALADCVAL?CALMCUT
            CODE    863EH     000CH     UNIT         ?PR?_MODRTU_8TO16?MODBUSRTU
            CODE    864AH     000CH     UNIT         ?PR?_SNXFILTER?SENSOR
            CODE    8656H     000CH     UNIT         ?PR?_SNYFILTER?SENSOR
            CODE    8662H     000BH     UNIT         ?PR?ADC_GETXVAL?AD7176
            CODE    866DH     000BH     UNIT         ?PR?ADC_GETYVAL?AD7176
BL51 BANKED LINKER/LOCATER V6.22                                                      08/31/2017  09:25:00  PAGE 8


            CODE    8678H     000BH     UNIT         ?PR?ADC_GETTEMP?ADCDRV
            CODE    8683H     000BH     UNIT         ?PR?_SETTEMPXCALCNT?CALIBRATION
            CODE    868EH     000BH     UNIT         ?PR?_SETANGXCALCNT?CALIBRATION
            CODE    8699H     000BH     UNIT         ?PR?_SETTEMPYCALCNT?CALIBRATION
            CODE    86A4H     000BH     UNIT         ?PR?_SETANGYCALCNT?CALIBRATION
            CODE    86AFH     000BH     UNIT         ?PR?_SETMCUTCALCNT?CALMCUT
            CODE    86BAH     000BH     UNIT         ?PR?_MODRTU_WRCRC?MODBUSRTU
            CODE    86C5H     000BH     UNIT         ?PR?SUB_SYSRST?SUB
            CODE    86D0H     000AH     UNIT         ?PR?COMM_TIMERINIT?COMM
            CODE    86DAH     000AH     UNIT         ?PR?DELAY_MS_?DELAY
            CODE    86E4H     000AH     UNIT         ?PR?COMM_PUTNEWLINE?SUB
            CODE    86EEH     0009H     UNIT         ?PR?ADC_INIT?ADCDRV
            CODE    86F7H     0009H     UNIT         ?PR?TEMPXCALCPRM?CALIBRATION
            CODE    8700H     0009H     UNIT         ?PR?TEMPYCALCPRM?CALIBRATION
            CODE    8709H     0009H     UNIT         ?PR?ANGXCALCPRM?CALIBRATION
            CODE    8712H     0009H     UNIT         ?PR?ANGYCALCPRM?CALIBRATION
            CODE    871BH     0009H     UNIT         ?PR?DELAY500US?DELAY
            CODE    8724H     0009H     UNIT         ?PR?RAM_CALDATAINIT?FLASH
            CODE    872DH     0009H     UNIT         ?CO?KEY
            CODE    8736H     0009H     UNIT         ?PR?ANGXCALC?SENSOR
            CODE    873FH     0009H     UNIT         ?PR?ANGYCALC?SENSOR
            CODE    8748H     0009H     UNIT         ?PR?_SUB_SENDOFFSET?SUB
            CODE    8751H     0008H     UNIT         ?PR?_SETTEMPCALCNT?CALIBRATION
            CODE    8759H     0008H     UNIT         ?PR?_SETANGCALCNT?CALIBRATION
            CODE    8761H     0008H     UNIT         ?PR?_GETXOFFSET?SENSOR
            CODE    8769H     0008H     UNIT         ?PR?_GETYOFFSET?SENSOR
            CODE    8771H     0006H     UNIT         ?PR?_SETANGXSYSZERO?ANGAPP
            CODE    8777H     0006H     UNIT         ?PR?_SETANGYSYSZERO?ANGAPP
            CODE    877DH     0006H     UNIT         ?PR?_SETANGXUSRZERO?ANGAPP
            CODE    8783H     0006H     UNIT         ?PR?_SETANGYUSRZERO?ANGAPP
            CODE    8789H     0006H     UNIT         ?PR?_SETANGXINST?ANGAPP
            CODE    878FH     0006H     UNIT         ?PR?_SETANGYINST?ANGAPP
            CODE    8795H     0006H     UNIT         ?PR?_SETANGXSET?ANGAPP
            CODE    879BH     0006H     UNIT         ?PR?_SETANGYSET?ANGAPP
            CODE    87A1H     0006H     UNIT         ?PR?_SETANGPSET?ANGAPP
            CODE    87A7H     0006H     UNIT         ?PR?GETTEMPXCALCNT?CALIBRATION
            CODE    87ADH     0006H     UNIT         ?PR?GETANGXCALCNT?CALIBRATION
            CODE    87B3H     0006H     UNIT         ?PR?GETANGYCALCNT?CALIBRATION
            CODE    87B9H     0006H     UNIT         ?PR?GETMCUTCALCNT?CALMCUT
            CODE    87BFH     0006H     UNIT         ?PR?MCUT_CALSTOP?CALMCUT
            CODE    87C5H     0006H     UNIT         ?PR?COMM_SENDSTA?COMM
            CODE    87CBH     0006H     UNIT         ?PR?GETFILTERCNT?SENSOR
            CODE    87D1H     0006H     UNIT         ?PR?_SETFILTERCNT?SENSOR
            CODE    87D7H     0005H     UNIT         ?CO?SENSOR
            CODE    87DCH     0004H     UNIT         ?PR?ADC_ENABLE?ADCDRV
            CODE    87E0H     0004H     UNIT         ?PR?ADC_VREFINIT?ADCDRV
            CODE    87E4H     0004H     UNIT         ?PR?ADC_ISRINIT?ADCDRV
            CODE    87E8H     0004H     UNIT         ?PR?_TEMP_SETCALCNT?CALIBRATION
            CODE    87ECH     0004H     UNIT         ?PR?_ANG_SETCALCNT?CALIBRATION
            CODE    87F0H     0004H     UNIT         ?PR?_MCUT_SETCALCNT?CALMCUT
            CODE    87F4H     0004H     UNIT         ?PR?COMM_SENDSTOP?COMM
            CODE    87F8H     0004H     UNIT         ?PR?GET_MCUTEMP?SENSOR
            CODE    87FCH     0003H     UNIT         ?PR?MCUT_CALSTA?CALMCUT
            CODE    87FFH     0003H     UNIT         ?PR?INT0_DISABLE?INT0
            CODE    8802H     0002H     UNIT         ?CO?SPI


BL51 BANKED LINKER/LOCATER V6.22                                                      08/31/2017  09:25:00  PAGE 9



OVERLAY MAP OF MODULE:   .\obj\obj (?C_STARTUP)


SEGMENT                                        BIT_GROUP          DATA_GROUP          XDATA_GROUP
  +--> CALLED SEGMENT                       START    LENGTH     START    LENGTH     START    LENGTH
---------------------------------------------------------------------------------------------------
?C_C51STARTUP                               -----    -----      -----    -----      -----    -----
  +--> ?PR?MAIN?MAIN
  +--> ?C_INITSEG

?PR?MAIN?MAIN                               -----    -----      -----    -----      -----    -----
  +--> ?PR?INIT_ALL?INIT
  +--> ?PR?FLASH_CALDATAINIT?FLASH
  +--> ?PR?_DELAY_MS?DELAY
  +--> ?PR?AD7176_INMAINPROC?AD7176
  +--> ?PR?SNPROC?SENSOR
  +--> ?PR?TIMER2_TASKINMAIN?TIMER
  +--> ?PR?SEND_TIMEPROC?SEND

?PR?INIT_ALL?INIT                           -----    -----      -----    -----      -----    -----
  +--> ?PR?PORTINIT?INIT
  +--> ?PR?SYS_CLKINIT?INIT
  +--> ?PR?COMM_HARDWAREINIT?COMM
  +--> ?PR?COMM_SOFTWAREINIT?COMM
  +--> ?PR?TIMER2_INIT?TIMER
  +--> ?PR?SPI_INIT?SPI
  +--> ?PR?CALIBMTINIT?CALMCUT
  +--> ?PR?AD7176_INIT?AD7176
  +--> ?PR?INT0_INIT?INT0
  +--> ?PR?ADC_INIT?ADCDRV
  +--> ?PR?ADC_ENABLE?ADCDRV
  +--> ?PR?ANGINIT?ANGAPP

?PR?COMM_SOFTWAREINIT?COMM                  -----    -----      0021H    0003H      -----    -----

?PR?CALIBMTINIT?CALMCUT                     -----    -----      -----    -----      -----    -----
  +--> ?PR?_SETMCUTCALCNT?CALMCUT
  +--> ?PR?_GETMCUTCALTEMPVAL?CALMCUT
  +--> ?PR?_GETMCUTCALADCVAL?CALMCUT
  +--> ?PR?_SETMCUTCALTEMPVAL?CALMCUT
  +--> ?PR?_SETMCUTCALADCVAL?CALMCUT

?PR?_SETMCUTCALCNT?CALMCUT                  -----    -----      -----    -----      -----    -----
  +--> ?PR?_MCUT_SETCALCNT?CALMCUT

?PR?_GETMCUTCALTEMPVAL?CALMCUT              -----    -----      -----    -----      -----    -----
  +--> ?PR?_MCUT_RDTEMPVAL?CALMCUT

?PR?_GETMCUTCALADCVAL?CALMCUT               -----    -----      -----    -----      -----    -----
  +--> ?PR?_MCUT_RDADCVAL?CALMCUT

?PR?_SETMCUTCALTEMPVAL?CALMCUT              -----    -----      -----    -----      -----    -----
  +--> ?PR?_MCUT_WRTEMPVAL?CALMCUT

?PR?_MCUT_WRTEMPVAL?CALMCUT                 -----    -----      0026H    0006H      -----    -----

BL51 BANKED LINKER/LOCATER V6.22                                                      08/31/2017  09:25:00  PAGE 10


?PR?_SETMCUTCALADCVAL?CALMCUT               -----    -----      -----    -----      -----    -----
  +--> ?PR?_MCUT_WRADCVAL?CALMCUT

?PR?_MCUT_WRADCVAL?CALMCUT                  -----    -----      0026H    0006H      -----    -----

?PR?AD7176_INIT?AD7176                      -----    -----      -----    -----      -----    -----
  +--> ?PR?AD7176_RESET?AD7176
  +--> ?PR?_DELAY_MS?DELAY
  +--> ?PR?_AD7176_OFFSETCONFIG?AD7176
  +--> ?PR?_AD7176_INTMODECONFIG?AD7176
  +--> ?PR?_AD7176_ADCMODECONFIG?AD7176
  +--> ?PR?_AD7176_GAINCONFIG?AD7176
  +--> ?PR?_AD7176_CHANNELCONFIG?AD7176
  +--> ?PR?_AD7176_SETUPCONFIG?AD7176
  +--> ?PR?_AD7176_FILTERCONFIG?AD7176
  +--> ?PR?ADCENTITYINIT?AD7176

?PR?AD7176_RESET?AD7176                     -----    -----      0021H    0008H      -----    -----
  +--> ?CO?AD7176
  +--> ?PR?_SPI_WRITE?SPI

?PR?_SPI_WRITE?SPI                          -----    -----      0040H    0001H      -----    -----

?PR?_DELAY_MS?DELAY                         -----    -----      -----    -----      -----    -----
  +--> ?PR?DELAY_MS_?DELAY

?PR?DELAY_MS_?DELAY                         -----    -----      -----    -----      -----    -----
  +--> ?PR?DELAY_100US?DELAY

?PR?_AD7176_OFFSETCONFIG?AD7176             -----    -----      0021H    0005H      -----    -----
  +--> ?PR?_AD7176_WRREGVAL?AD7176

?PR?_AD7176_WRREGVAL?AD7176                 -----    -----      0031H    000FH      -----    -----
  +--> ?CO?AD7176
  +--> ?PR?_SPI_WRITE?SPI

?PR?_AD7176_INTMODECONFIG?AD7176            -----    -----      0021H    0010H      -----    -----
  +--> ?PR?_AD7176_WRREGVAL?AD7176

?PR?_AD7176_ADCMODECONFIG?AD7176            -----    -----      0021H    000AH      -----    -----
  +--> ?PR?_AD7176_WRREGVAL?AD7176

?PR?_AD7176_GAINCONFIG?AD7176               -----    -----      0021H    0005H      -----    -----
  +--> ?PR?_AD7176_WRREGVAL?AD7176

?PR?_AD7176_CHANNELCONFIG?AD7176            -----    -----      0021H    0009H      -----    -----
  +--> ?PR?_AD7176_WRREGVAL?AD7176

?PR?_AD7176_SETUPCONFIG?AD7176              -----    -----      -----    -----      -----    -----
  +--> ?PR?_AD7176_WRREGVAL?AD7176

?PR?_AD7176_FILTERCONFIG?AD7176             -----    -----      0021H    000BH      -----    -----
  +--> ?PR?_AD7176_WRREGVAL?AD7176

?PR?INT0_INIT?INT0                          -----    -----      -----    -----      -----    -----
  +--> ?PR?INT0_ENABLE?INT0

BL51 BANKED LINKER/LOCATER V6.22                                                      08/31/2017  09:25:00  PAGE 11


?PR?ADC_INIT?ADCDRV                         -----    -----      -----    -----      -----    -----
  +--> ?PR?ADC_SETINIT?ADCDRV
  +--> ?PR?ADC_VREFINIT?ADCDRV
  +--> ?PR?ADC_ISRINIT?ADCDRV

?PR?ANGINIT?ANGAPP                          -----    -----      -----    -----      -----    -----
  +--> ?PR?SNINIT?SENSOR
  +--> ?PR?_SETANGXINST?ANGAPP
  +--> ?PR?_SETANGYINST?ANGAPP
  +--> ?PR?_SETANGXSYSZERO?ANGAPP
  +--> ?PR?_SETANGYSYSZERO?ANGAPP
  +--> ?PR?_SETANGXUSRZERO?ANGAPP
  +--> ?PR?_SETANGYUSRZERO?ANGAPP
  +--> ?PR?_SETANGXSET?ANGAPP
  +--> ?PR?_SETANGYSET?ANGAPP
  +--> ?PR?_SETANGPSET?ANGAPP

?PR?SNINIT?SENSOR                           -----    -----      -----    -----      -----    -----
  +--> ?PR?CALIBINIT?CALIBRATION
  +--> ?PR?_SETFILTERCNT?SENSOR
  +--> ?PR?SNXDATAINIT?SENSOR
  +--> ?PR?_SNXFILTER?SENSOR
  +--> ?PR?_GETXOFFSET?SENSOR
  +--> ?PR?ANGXCALC?SENSOR
  +--> ?PR?SNYDATAINIT?SENSOR
  +--> ?PR?_SNYFILTER?SENSOR
  +--> ?PR?_GETYOFFSET?SENSOR
  +--> ?PR?ANGYCALC?SENSOR

?PR?CALIBINIT?CALIBRATION                   -----    -----      -----    -----      -----    -----
  +--> ?PR?_SETTEMPXCALCNT?CALIBRATION
  +--> ?PR?_GETTEMPXCALTEMPVAL?CALIBRATION
  +--> ?PR?_GETTEMPXCALADCVAL?CALIBRATION
  +--> ?PR?_SETTEMPXCALTEMPVAL?CALIBRATION
  +--> ?PR?_SETTEMPXCALADCVAL?CALIBRATION
  +--> ?PR?_SETTEMPYCALCNT?CALIBRATION
  +--> ?PR?_GETTEMPYCALTEMPVAL?CALIBRATION
  +--> ?PR?_GETTEMPYCALADCVAL?CALIBRATION
  +--> ?PR?_SETTEMPYCALTEMPVAL?CALIBRATION
  +--> ?PR?_SETTEMPYCALADCVAL?CALIBRATION
  +--> ?PR?_SETANGXCALCNT?CALIBRATION
  +--> ?PR?_GETANGXCALANGVAL?CALIBRATION
  +--> ?PR?_GETANGXCALADCVAL?CALIBRATION
  +--> ?PR?_SETANGXCALANGVAL?CALIBRATION
  +--> ?PR?_SETANGXCALADCVAL?CALIBRATION
  +--> ?PR?_SETANGYCALCNT?CALIBRATION
  +--> ?PR?_GETANGYCALANGVAL?CALIBRATION
  +--> ?PR?_GETANGYCALADCVAL?CALIBRATION
  +--> ?PR?_SETANGYCALANGVAL?CALIBRATION
  +--> ?PR?_SETANGYCALADCVAL?CALIBRATION

?PR?_SETTEMPXCALCNT?CALIBRATION             -----    -----      -----    -----      -----    -----
  +--> ?PR?_TEMP_SETCALCNT?CALIBRATION

?PR?_GETTEMPXCALTEMPVAL?CALIBRATION         -----    -----      -----    -----      -----    -----
  +--> ?PR?_TEMP_RDTEMPVAL?CALIBRATION

BL51 BANKED LINKER/LOCATER V6.22                                                      08/31/2017  09:25:00  PAGE 12


?PR?_GETTEMPXCALADCVAL?CALIBRATION          -----    -----      -----    -----      -----    -----
  +--> ?PR?_TEMP_RDADCVAL?CALIBRATION

?PR?_SETTEMPXCALTEMPVAL?CALIBRATION         -----    -----      -----    -----      -----    -----
  +--> ?PR?_TEMP_WRTEMPVAL?CALIBRATION

?PR?_TEMP_WRTEMPVAL?CALIBRATION             -----    -----      0026H    0006H      -----    -----

?PR?_SETTEMPXCALADCVAL?CALIBRATION          -----    -----      0042H    0005H      -----    -----
  +--> ?PR?_TEMP_WRADCVAL?CALIBRATION

?PR?_TEMP_WRADCVAL?CALIBRATION              -----    -----      0047H    0008H      -----    -----

?PR?_SETTEMPYCALCNT?CALIBRATION             -----    -----      -----    -----      -----    -----
  +--> ?PR?_TEMP_SETCALCNT?CALIBRATION

?PR?_GETTEMPYCALTEMPVAL?CALIBRATION         -----    -----      -----    -----      -----    -----
  +--> ?PR?_TEMP_RDTEMPVAL?CALIBRATION

?PR?_GETTEMPYCALADCVAL?CALIBRATION          -----    -----      -----    -----      -----    -----
  +--> ?PR?_TEMP_RDADCVAL?CALIBRATION

?PR?_SETTEMPYCALTEMPVAL?CALIBRATION         -----    -----      0021H    0005H      -----    -----
  +--> ?PR?_TEMP_WRTEMPVAL?CALIBRATION

?PR?_SETTEMPYCALADCVAL?CALIBRATION          -----    -----      0042H    0005H      -----    -----
  +--> ?PR?_TEMP_WRADCVAL?CALIBRATION

?PR?_SETANGXCALCNT?CALIBRATION              -----    -----      -----    -----      -----    -----
  +--> ?PR?_ANG_SETCALCNT?CALIBRATION

?PR?_GETANGXCALANGVAL?CALIBRATION           -----    -----      -----    -----      -----    -----
  +--> ?PR?_ANG_RDANGVAL?CALIBRATION

?PR?_GETANGXCALADCVAL?CALIBRATION           -----    -----      -----    -----      -----    -----
  +--> ?PR?_ANG_RDADCVAL?CALIBRATION

?PR?_SETANGXCALANGVAL?CALIBRATION           -----    -----      0039H    0005H      -----    -----
  +--> ?PR?_ANG_WRANGVAL?CALIBRATION

?PR?_ANG_WRANGVAL?CALIBRATION               -----    -----      003EH    0008H      -----    -----

?PR?_SETANGXCALADCVAL?CALIBRATION           -----    -----      0039H    0005H      -----    -----
  +--> ?PR?_ANG_WRADCVAL?CALIBRATION

?PR?_ANG_WRADCVAL?CALIBRATION               -----    -----      003EH    0008H      -----    -----

?PR?_SETANGYCALCNT?CALIBRATION              -----    -----      -----    -----      -----    -----
  +--> ?PR?_ANG_SETCALCNT?CALIBRATION

?PR?_GETANGYCALANGVAL?CALIBRATION           -----    -----      -----    -----      -----    -----
  +--> ?PR?_ANG_RDANGVAL?CALIBRATION

?PR?_GETANGYCALADCVAL?CALIBRATION           -----    -----      -----    -----      -----    -----
  +--> ?PR?_ANG_RDADCVAL?CALIBRATION

?PR?_SETANGYCALANGVAL?CALIBRATION           -----    -----      0039H    0005H      -----    -----
BL51 BANKED LINKER/LOCATER V6.22                                                      08/31/2017  09:25:00  PAGE 13


  +--> ?PR?_ANG_WRANGVAL?CALIBRATION

?PR?_SETANGYCALADCVAL?CALIBRATION           -----    -----      0039H    0005H      -----    -----
  +--> ?PR?_ANG_WRADCVAL?CALIBRATION

?PR?SNXDATAINIT?SENSOR                      -----    -----      -----    -----      -----    -----
  +--> ?PR?_SN_DATAINIT?SENSOR

?PR?_SN_DATAINIT?SENSOR                     -----    -----      0021H    0009H      -----    -----

?PR?_SNXFILTER?SENSOR                       -----    -----      0021H    0005H      -----    -----
  +--> ?PR?_SNFILTER?SENSOR

?PR?_SNFILTER?SENSOR                        -----    -----      0026H    0008H      -----    -----
  +--> ?PR?_?VALINRANGE?FILTER
  +--> ?PR?_FILTER_1ST?FILTER

?PR?_FILTER_1ST?FILTER                      -----    -----      002EH    0009H      -----    -----

?PR?_GETXOFFSET?SENSOR                      -----    -----      -----    -----      -----    -----
  +--> ?PR?_GETOFFSET?SENSOR

?PR?_GETOFFSET?SENSOR                       -----    -----      0021H    0006H      -----    -----

?PR?ANGXCALC?SENSOR                         -----    -----      -----    -----      -----    -----
  +--> ?PR?_ANG_CALC?SENSOR

?PR?_ANG_CALC?SENSOR                        -----    -----      0021H    0007H      -----    -----
  +--> ?PR?_GETANGCALCVAL?SENSOR
  +--> ?PR?ASIN?ASIN

?PR?_GETANGCALCVAL?SENSOR                   -----    -----      0028H    000DH      -----    -----
  +--> ?CO?SENSOR

?PR?ASIN?ASIN                               -----    -----      -----    -----      -----    -----
  +--> ?PR?SQRT?SQRT
  +--> ?PR?ATAN?ATAN

?PR?SQRT?SQRT                               -----    -----      004AH    0004H      -----    -----

?PR?ATAN?ATAN                               0020H.2  0000H.2    004AH    0004H      -----    -----

?PR?SNYDATAINIT?SENSOR                      -----    -----      -----    -----      -----    -----
  +--> ?PR?_SN_DATAINIT?SENSOR

?PR?_SNYFILTER?SENSOR                       -----    -----      0021H    0005H      -----    -----
  +--> ?PR?_SNFILTER?SENSOR

?PR?_GETYOFFSET?SENSOR                      -----    -----      -----    -----      -----    -----
  +--> ?PR?_GETOFFSET?SENSOR

?PR?ANGYCALC?SENSOR                         -----    -----      -----    -----      -----    -----
  +--> ?PR?_ANG_CALC?SENSOR

?PR?FLASH_CALDATAINIT?FLASH                 -----    -----      0021H    0001H      -----    -----
  +--> ?PR?_FLASH_BUFRD?FLASH
  +--> ?PR?FLASHCHK?FLASH
BL51 BANKED LINKER/LOCATER V6.22                                                      08/31/2017  09:25:00  PAGE 14


  +--> ?PR?RAM_CALDATAINIT?FLASH
  +--> ?PR?FLASH_CALDATAUPDATE?FLASH
  +--> ?PR?_RAM_BUF2CALDATA?FLASH
  +--> ?PR?_FLASH_CHECKSUM?FLASH
  +--> ?PR?FLASHAREA_USER?FLASH
  +--> ?PR?_FLASH_CALDATAUPDATE_USER?FLASH
  +--> ?PR?GETANGXCALCNT?CALIBRATION
  +--> ?PR?GETANGYCALCNT?CALIBRATION
  +--> ?PR?ADC_XCALSTOP?CMDSUB
  +--> ?PR?ADC_YCALSTOP?CMDSUB
  +--> ?PR?TEMP_CALSTOP?CMDSUB
  +--> ?PR?MCUT_CALSTOP?CALMCUT

?PR?_FLASH_BUFRD?FLASH                      0020H.2  0000H.1    0022H    0009H      -----    -----

?PR?RAM_CALDATAINIT?FLASH                   -----    -----      -----    -----      -----    -----
  +--> ?PR?ANGCALDATAINIT?CALIBRATION
  +--> ?PR?TEMPCALDATAINIT?CALIBRATION
  +--> ?PR?MTCALDATAINIT?CALMCUT

?PR?ANGCALDATAINIT?CALIBRATION              -----    -----      0022H    0001H      -----    -----
  +--> ?PR?_SETANGCALCNT?CALIBRATION

?PR?_SETANGCALCNT?CALIBRATION               -----    -----      -----    -----      -----    -----
  +--> ?PR?_SETANGXCALCNT?CALIBRATION
  +--> ?PR?_SETANGYCALCNT?CALIBRATION

?PR?TEMPCALDATAINIT?CALIBRATION             -----    -----      0022H    0001H      -----    -----
  +--> ?PR?_SETTEMPCALCNT?CALIBRATION

?PR?_SETTEMPCALCNT?CALIBRATION              -----    -----      -----    -----      -----    -----
  +--> ?PR?_SETTEMPXCALCNT?CALIBRATION
  +--> ?PR?_SETTEMPYCALCNT?CALIBRATION

?PR?MTCALDATAINIT?CALMCUT                   -----    -----      0022H    0001H      -----    -----
  +--> ?PR?_SETMCUTCALCNT?CALMCUT

?PR?FLASH_CALDATAUPDATE?FLASH               -----    -----      -----    -----      -----    -----
  +--> ?PR?_RAM_CALDATA2BUF?FLASH
  +--> ?PR?_FLASHUPDATE?FLASH

?PR?_RAM_CALDATA2BUF?FLASH                  -----    -----      0042H    0006H      -----    -----
  +--> ?PR?_GETANGXCALANGVAL?CALIBRATION
  +--> ?PR?_GETANGYCALANGVAL?CALIBRATION
  +--> ?PR?_GETANGXCALADCVAL?CALIBRATION
  +--> ?PR?_GETANGYCALADCVAL?CALIBRATION
  +--> ?PR?GETANGXCALCNT?CALIBRATION
  +--> ?PR?GETTEMPXCALCNT?CALIBRATION
  +--> ?PR?GETANGXSYSZERO?ANGAPP
  +--> ?PR?GETANGYSYSZERO?ANGAPP
  +--> ?PR?GETMCUTCALCNT?CALMCUT
  +--> ?PR?GETFILTERCNT?SENSOR
  +--> ?PR?GETANGXUSRZERO?ANGAPP
  +--> ?PR?GETANGYUSRZERO?ANGAPP
  +--> ?PR?GETANGXINST?ANGAPP
  +--> ?PR?GETANGYINST?ANGAPP
  +--> ?PR?GETANGXSET?ANGAPP
BL51 BANKED LINKER/LOCATER V6.22                                                      08/31/2017  09:25:00  PAGE 15


  +--> ?PR?GETANGYSET?ANGAPP
  +--> ?PR?GETANGPSET?ANGAPP
  +--> ?PR?_GETTEMPXCALTEMPVAL?CALIBRATION
  +--> ?PR?_GETTEMPXCALADCVAL?CALIBRATION
  +--> ?PR?_GETTEMPYCALADCVAL?CALIBRATION
  +--> ?PR?_GETMCUTCALTEMPVAL?CALMCUT
  +--> ?PR?_GETMCUTCALADCVAL?CALMCUT
  +--> ?PR?_FLASH_CHECKSUM?FLASH

?PR?_FLASH_CHECKSUM?FLASH                   -----    -----      0048H    0005H      -----    -----

?PR?_FLASHUPDATE?FLASH                      0020H.2  0000H.1    0042H    0007H      -----    -----
  +--> ?PR?_FLASH_PAGEERASE?FLASH
  +--> ?PR?_DELAY_MS?DELAY
  +--> ?PR?_FLASH_BUFWR?FLASH

?PR?_FLASH_PAGEERASE?FLASH                  0020H.3  0000H.1    -----    -----      -----    -----

?PR?_FLASH_BUFWR?FLASH                      0020H.3  0000H.1    0049H    000BH      -----    -----

?PR?_RAM_BUF2CALDATA?FLASH                  -----    -----      0022H    0004H      -----    -----
  +--> ?PR?_SETANGXCALANGVAL?CALIBRATION
  +--> ?PR?_SETANGYCALANGVAL?CALIBRATION
  +--> ?PR?_SETANGXCALADCVAL?CALIBRATION
  +--> ?PR?_SETANGYCALADCVAL?CALIBRATION
  +--> ?PR?_SETANGCALCNT?CALIBRATION
  +--> ?PR?_SETTEMPCALCNT?CALIBRATION
  +--> ?PR?_SETANGXSYSZERO?ANGAPP
  +--> ?PR?_SETANGYSYSZERO?ANGAPP
  +--> ?PR?_SETMCUTCALCNT?CALMCUT
  +--> ?PR?_SETFILTERCNT?SENSOR
  +--> ?PR?_SETANGXUSRZERO?ANGAPP
  +--> ?PR?_SETANGYUSRZERO?ANGAPP
  +--> ?PR?_SETANGXINST?ANGAPP
  +--> ?PR?_SETANGYINST?ANGAPP
  +--> ?PR?_SETANGXSET?ANGAPP
  +--> ?PR?_SETANGYSET?ANGAPP
  +--> ?PR?_SETANGPSET?ANGAPP
  +--> ?PR?_SETTEMPXCALTEMPVAL?CALIBRATION
  +--> ?PR?_SETTEMPXCALADCVAL?CALIBRATION
  +--> ?PR?_SETTEMPYCALADCVAL?CALIBRATION
  +--> ?PR?_SETMCUTCALTEMPVAL?CALMCUT
  +--> ?PR?_SETMCUTCALADCVAL?CALMCUT

?PR?FLASHAREA_USER?FLASH                    -----    -----      -----    -----      -----    -----
  +--> ?PR?_FLASH_BUFRD?FLASH
  +--> ?PR?FLASHCHK?FLASH
  +--> ?PR?_FLASH_CHECKSUM?FLASH
  +--> ?PR?RAM_CALDATAINIT_USER?FLASH
  +--> ?PR?_FLASH_CALDATAUPDATE_USER?FLASH
  +--> ?PR?_RAM_BUF2CALDATA?FLASH

?PR?RAM_CALDATAINIT_USER?FLASH              -----    -----      -----    -----      -----    -----
  +--> ?PR?_SETANGXUSRZERO?ANGAPP
  +--> ?PR?_SETANGYUSRZERO?ANGAPP
  +--> ?PR?_SETANGXSET?ANGAPP
  +--> ?PR?_SETANGYSET?ANGAPP
BL51 BANKED LINKER/LOCATER V6.22                                                      08/31/2017  09:25:00  PAGE 16


  +--> ?PR?_SETANGPSET?ANGAPP
  +--> ?PR?_SETANGXINST?ANGAPP
  +--> ?PR?_SETANGYINST?ANGAPP
  +--> ?PR?INIT_SYSTEMPARA?INIT

?PR?INIT_SYSTEMPARA?INIT                    -----    -----      -----    -----      -----    -----
  +--> ?CO?SEND

?PR?_FLASH_CALDATAUPDATE_USER?FLASH         -----    -----      0039H    0009H      -----    -----
  +--> ?PR?_RAM_CALDATA2BUF?FLASH
  +--> ?PR?_FLASHUPDATE?FLASH

?PR?ADC_XCALSTOP?CMDSUB                     -----    -----      002CH    0001H      -----    -----
  +--> ?PR?_SUB_BUFBUBBLE?SUB
  +--> ?PR?ANGXCALCPRM?CALIBRATION

?PR?_SUB_BUFBUBBLE?SUB                      -----    -----      002DH    0009H      -----    -----
  +--> ?PR?_SUB_SBUFSWITCH?SUB
  +--> ?PR?_SUB_32UBUFSWITCH?SUB

?PR?_SUB_SBUFSWITCH?SUB                     -----    -----      0042H    0009H      -----    -----

?PR?_SUB_32UBUFSWITCH?SUB                   -----    -----      0036H    0009H      -----    -----

?PR?ANGXCALCPRM?CALIBRATION                 -----    -----      -----    -----      -----    -----
  +--> ?PR?_ANG_CALCPRM?CALIBRATION

?PR?_ANG_CALCPRM?CALIBRATION                -----    -----      002DH    000CH      -----    -----
  +--> ?PR?SIN?SIN

?PR?SIN?SIN                                 0020H.2  0000H.1    004AH    0004H      -----    -----

?PR?ADC_YCALSTOP?CMDSUB                     -----    -----      002CH    0001H      -----    -----
  +--> ?PR?_SUB_BUFBUBBLE?SUB
  +--> ?PR?ANGYCALCPRM?CALIBRATION

?PR?ANGYCALCPRM?CALIBRATION                 -----    -----      -----    -----      -----    -----
  +--> ?PR?_ANG_CALCPRM?CALIBRATION

?PR?TEMP_CALSTOP?CMDSUB                     -----    -----      -----    -----      -----    -----
  +--> ?PR?TEMPSORTANDCALCPRM?CMDSUB

?PR?TEMPSORTANDCALCPRM?CMDSUB               -----    -----      -----    -----      -----    -----
  +--> ?PR?_SUB_BUFBUBBLE2?SUB
  +--> ?PR?TEMPXCALCPRM?CALIBRATION
  +--> ?PR?TEMPYCALCPRM?CALIBRATION

?PR?_SUB_BUFBUBBLE2?SUB                     -----    -----      0036H    000CH      -----    -----
  +--> ?PR?_SUB_UBUFSWITCH?SUB
  +--> ?PR?_SUB_SBUFSWITCH?SUB

?PR?_SUB_UBUFSWITCH?SUB                     -----    -----      0042H    0007H      -----    -----

?PR?TEMPXCALCPRM?CALIBRATION                -----    -----      -----    -----      -----    -----
  +--> ?PR?_TEMP_CALCPRM?CALIBRATION

?PR?_TEMP_CALCPRM?CALIBRATION               -----    -----      0036H    0004H      -----    -----
BL51 BANKED LINKER/LOCATER V6.22                                                      08/31/2017  09:25:00  PAGE 17



?PR?TEMPYCALCPRM?CALIBRATION                -----    -----      -----    -----      -----    -----
  +--> ?PR?_TEMP_CALCPRM?CALIBRATION

?PR?MCUT_CALSTOP?CALMCUT                    -----    -----      -----    -----      -----    -----
  +--> ?PR?MCUTCALCPRM?CALMCUT

?PR?MCUTCALCPRM?CALMCUT                     -----    -----      -----    -----      -----    -----
  +--> ?PR?_SUB_BUFBUBBLE16S?SUB
  +--> ?PR?_MCUT_CALCPRM?CALMCUT

?PR?_SUB_BUFBUBBLE16S?SUB                   -----    -----      0025H    0009H      -----    -----
  +--> ?PR?_SUB_16SBUFSWITCH?SUB
  +--> ?PR?_SUB_UBUFSWITCH?SUB

?PR?_SUB_16SBUFSWITCH?SUB                   -----    -----      002EH    0007H      -----    -----

?PR?_MCUT_CALCPRM?CALMCUT                   -----    -----      0025H    0004H      -----    -----

?PR?AD7176_INMAINPROC?AD7176                -----    -----      0021H    0005H      -----    -----
  +--> ?PR?_ADCFILTER?AD7176

?PR?_ADCFILTER?AD7176                       -----    -----      0026H    0007H      -----    -----
  +--> ?PR?_?VALINRANGE?FILTER
  +--> ?PR?_?SLIDEWINFILTER?FILTER

?PR?SNPROC?SENSOR                           -----    -----      -----    -----      -----    -----
  +--> ?PR?ADC_GETXVAL?AD7176
  +--> ?PR?_SNXFILTER?SENSOR
  +--> ?PR?GET_MCUTEMP?SENSOR
  +--> ?PR?ADC_GETYVAL?AD7176
  +--> ?PR?_SNYFILTER?SENSOR

?PR?GET_MCUTEMP?SENSOR                      -----    -----      -----    -----      -----    -----
  +--> ?PR?ADC_GETTEMP?ADCDRV

?PR?TIMER2_TASKINMAIN?TIMER                 -----    -----      -----    -----      -----    -----
  +--> ?PR?SUB_SENDANGXY?SUB

?PR?SUB_SENDANGXY?SUB                       -----    -----      -----    -----      -----    -----
  +--> ?CO?SUB
  +--> ?PR?_COMM_PUTSTR?COMM
  +--> ?PR?GETXANGALLSETVAL?ANGAPP
  +--> ?PR?_COMM_PUTINT32S?SUB
  +--> ?PR?GETYANGALLSETVAL?ANGAPP
  +--> ?PR?COMM_PUTNEWLINE?SUB
  +--> ?PR?_COMM_PUTCHAR?COMM
  +--> ?PR?COMM_SENDSTA?COMM

?PR?_COMM_PUTSTR?COMM                       -----    -----      0041H    0003H      -----    -----
  +--> ?PR?_COMM_PUTCHAR?COMM

?PR?_COMM_PUTCHAR?COMM                      -----    -----      0044H    0003H      -----    -----

?PR?GETXANGALLSETVAL?ANGAPP                 -----    -----      003AH    0004H      -----    -----
  +--> ?PR?GETXANG?SENSOR
  +--> ?PR?_SETANGZERO?ANGAPP
BL51 BANKED LINKER/LOCATER V6.22                                                      08/31/2017  09:25:00  PAGE 18


  +--> ?PR?_SETANGZEROADD?ANGAPP

?PR?_SETANGZERO?ANGAPP                      -----    -----      003EH    0004H      -----    -----

?PR?_SETANGZEROADD?ANGAPP                   -----    -----      003EH    0004H      -----    -----

?PR?_COMM_PUTINT32S?SUB                     -----    -----      -----    -----      -----    -----
  +--> ?PR?_SUB_INT32S2STR?SUB
  +--> ?PR?_COMM_PUTSTR?COMM

?PR?_SUB_INT32S2STR?SUB                     -----    -----      002CH    0007H      -----    -----

?PR?GETYANGALLSETVAL?ANGAPP                 -----    -----      003AH    0004H      -----    -----
  +--> ?PR?GETYANG?SENSOR
  +--> ?PR?_SETANGZERO?ANGAPP
  +--> ?PR?_SETANGZEROADD?ANGAPP

?PR?COMM_PUTNEWLINE?SUB                     -----    -----      -----    -----      -----    -----
  +--> ?PR?_COMM_PUTCHAR?COMM

?PR?SEND_TIMEPROC?SEND                      -----    -----      -----    -----      -----    -----
  +--> ?PR?_COMM_GETCHAR?COMM
  +--> ?PR?_MODRTU_RXPROC?MODBUSRTU
  +--> ?PR?_SEND_RDEAL?SEND
  +--> ?PR?_SEND_CDEAL?SEND
  +--> ?PR?_SEND_SDEAL?SEND
  +--> ?PR?_SEND_UDEAL?SEND
  +--> ?PR?_SEND_WDEAL?SEND
  +--> ?PR?_SEND_TDEAL?SEND

?PR?_COMM_GETCHAR?COMM                      -----    -----      0021H    0006H      -----    -----

?PR?_MODRTU_RXPROC?MODBUSRTU                -----    -----      0021H    0004H      -----    -----
  +--> ?PR?_MODRTU_CHKCRC?MODBUSRTU
  +--> ?PR?_MODRTU_RDREG?MODBUSRTU
  +--> ?PR?_MODRTU_WRREG?MODBUSRTU
  +--> ?PR?_MODRTU_RLYERROR?MODBUSRTU

?PR?_MODRTU_CHKCRC?MODBUSRTU                -----    -----      -----    -----      -----    -----
  +--> ?PR?_MODBUSCRCCNT?MODBUSCRC

?PR?_MODBUSCRCCNT?MODBUSCRC                 -----    -----      0035H    0003H      -----    -----
  +--> ?CO?MODBUSCRC

?PR?_MODRTU_RDREG?MODBUSRTU                 -----    -----      0025H    000DH      -----    -----
  +--> ?PR?_MODRTU_8TO16?MODBUSRTU
  +--> ?PR?_MODRTU_RDVAL?MODBUSRTU
  +--> ?PR?_MODRTU_RLYERROR?MODBUSRTU
  +--> ?PR?_MODBUSCRCCNT?MODBUSCRC
  +--> ?PR?_MODRTU_WRCRC?MODBUSRTU
  +--> ?PR?_COMM_PUTSTR?COMM
  +--> ?PR?COMM_SENDSTA?COMM

?PR?_MODRTU_RDVAL?MODBUSRTU                 -----    -----      0032H    0008H      0EA6H    0004H
  +--> ?PR?GETXANGALLSETVAL?ANGAPP
  +--> ?PR?GETYANGALLSETVAL?ANGAPP
  +--> ?PR?GETANGP?ANGAPP
BL51 BANKED LINKER/LOCATER V6.22                                                      08/31/2017  09:25:00  PAGE 19


  +--> ?PR?GETANGXINST?ANGAPP
  +--> ?PR?GETANGYINST?ANGAPP
  +--> ?PR?GETANGXSET?ANGAPP
  +--> ?PR?GETANGYSET?ANGAPP
  +--> ?PR?GETANGPSET?ANGAPP
  +--> ?PR?GET_MCUTEMP?SENSOR
  +--> ?PR?_GETTEMPXCALTEMPVAL?CALIBRATION
  +--> ?PR?_GETTEMPXCALADCVAL?CALIBRATION
  +--> ?PR?_GETTEMPYCALADCVAL?CALIBRATION
  +--> ?PR?GETXOFTVAL?SENSOR
  +--> ?PR?_FLOATTOINT?MODBUSRTU
  +--> ?PR?_GETANGXCALADCVAL?CALIBRATION
  +--> ?PR?_GETANGXCALANGVAL?CALIBRATION
  +--> ?PR?GETYOFTVAL?SENSOR
  +--> ?PR?_GETANGYCALADCVAL?CALIBRATION
  +--> ?PR?_GETANGYCALANGVAL?CALIBRATION
  +--> ?PR?GETXFTVAL?SENSOR
  +--> ?PR?GETYFTVAL?SENSOR
  +--> ?PR?GETXANG?SENSOR
  +--> ?PR?GETYANG?SENSOR
  +--> ?PR?GETANGXRELSYS?ANGAPP
  +--> ?PR?GETANGYRELSYS?ANGAPP
  +--> ?PR?GETANGXZEROUSR?ANGAPP
  +--> ?PR?GETANGYZEROUSR?ANGAPP
  +--> ?PR?GETANGXSYSZERO?ANGAPP
  +--> ?PR?GETANGYSYSZERO?ANGAPP
  +--> ?PR?GETANGXUSRZERO?ANGAPP
  +--> ?PR?GETANGYUSRZERO?ANGAPP
  +--> ?PR?GETANGXCALCNT?CALIBRATION
  +--> ?PR?GETTEMPXCALCNT?CALIBRATION
  +--> ?PR?GETFILTERCNT?SENSOR
  +--> ?PR?_MODRTU_RD16U?MODBUSRTU

?PR?GETANGP?ANGAPP                          -----    -----      -----    -----      -----    -----
  +--> ?PR?GETXANGALLSETVAL?ANGAPP
  +--> ?PR?GETYANGALLSETVAL?ANGAPP
  +--> ?PR?_PANGCALC?ANGAPP

?PR?_PANGCALC?ANGAPP                        -----    -----      003AH    0010H      -----    -----
  +--> ?PR?SIN?SIN
  +--> ?PR?SQRT?SQRT
  +--> ?PR?ASIN?ASIN

?PR?_FLOATTOINT?MODBUSRTU                   -----    -----      003AH    000BH      -----    -----

?PR?_MODRTU_RLYERROR?MODBUSRTU              -----    -----      0032H    0003H      -----    -----
  +--> ?PR?_MODBUSCRCCNT?MODBUSCRC
  +--> ?PR?_COMM_PUTSTR?COMM
  +--> ?PR?COMM_SENDSTA?COMM

?PR?_MODRTU_WRREG?MODBUSRTU                 -----    -----      0025H    000CH      -----    -----
  +--> ?PR?_MODRTU_8TO16?MODBUSRTU
  +--> ?PR?_MODRTU_WRVAL?MODBUSRTU
  +--> ?PR?_MODRTU_RLYERROR?MODBUSRTU
  +--> ?PR?_MODBUSCRCCNT?MODBUSCRC
  +--> ?PR?_MODRTU_WRCRC?MODBUSRTU
  +--> ?PR?_COMM_PUTSTR?COMM
BL51 BANKED LINKER/LOCATER V6.22                                                      08/31/2017  09:25:00  PAGE 20


  +--> ?PR?COMM_SENDSTA?COMM
  +--> ?PR?FLASH_USERDATAUPDATE?FLASH

?PR?_MODRTU_WRVAL?MODBUSRTU                 -----    -----      0031H    0008H      0EA6H    0008H
  +--> ?PR?_MODRTU_WR16U?MODBUSRTU
  +--> ?PR?_SETANGXINST?ANGAPP
  +--> ?PR?_SETANGYINST?ANGAPP
  +--> ?PR?_SETANGXSET?ANGAPP
  +--> ?PR?_SETANGYSET?ANGAPP
  +--> ?PR?_SETANGPSET?ANGAPP
  +--> ?PR?_MODRTU_SETZERO?MODBUSRTU
  +--> ?PR?_MODRTU_WRADDR?MODBUSRTU
  +--> ?PR?_MODRTU_WRBAUD?MODBUSRTU
  +--> ?PR?GETANGXRELSYS?ANGAPP
  +--> ?PR?_SETANGXUSRZERO?ANGAPP
  +--> ?PR?FLASH_USERDATAUPDATE?FLASH
  +--> ?PR?_SETANGCALCNT?CALIBRATION
  +--> ?PR?GETANGXCALCNT?CALIBRATION
  +--> ?PR?_SETANGXCALANGVAL?CALIBRATION
  +--> ?PR?GETXOFTVAL?SENSOR
  +--> ?PR?_SETANGXCALADCVAL?CALIBRATION
  +--> ?PR?_SETANGYCALANGVAL?CALIBRATION
  +--> ?PR?GETYOFTVAL?SENSOR
  +--> ?PR?_SETANGYCALADCVAL?CALIBRATION
  +--> ?PR?FLASH_CALDATAUPDATE?FLASH
  +--> ?PR?GETXANG?SENSOR
  +--> ?PR?_SETANGXSYSZERO?ANGAPP
  +--> ?PR?GETYANG?SENSOR
  +--> ?PR?_SETANGYSYSZERO?ANGAPP
  +--> ?PR?GETANGYRELSYS?ANGAPP
  +--> ?PR?_SETANGYUSRZERO?ANGAPP
  +--> ?PR?_SETFILTERCNT?SENSOR

?PR?_MODRTU_SETZERO?MODBUSRTU               -----    -----      0039H    0002H      -----    -----
  +--> ?PR?_MODRTU_8TO16?MODBUSRTU
  +--> ?PR?GETANGXRELSYS?ANGAPP
  +--> ?PR?_SETANGXUSRZERO?ANGAPP
  +--> ?PR?GETANGYRELSYS?ANGAPP
  +--> ?PR?_SETANGYUSRZERO?ANGAPP

?PR?FLASH_USERDATAUPDATE?FLASH              -----    -----      -----    -----      -----    -----
  +--> ?PR?_FLASH_CALDATAUPDATE_USER?FLASH

?PR?_SEND_RDEAL?SEND                        -----    -----      0021H    0005H      -----    -----
  +--> ?CO?SEND
  +--> ?PR?_STRNCMP?STRNCMP
  +--> ?PR?SUB_SENDPRMTALL?SUB
  +--> ?PR?SUB_SENDANGXYP?SUB
  +--> ?PR?SUB_SENDANGXY?SUB
  +--> ?PR?SUB_SENDSOFTVER?SUB
  +--> ?PR?SUB_SENDSYSNUM?SUB
  +--> ?PR?SUB_SENDID?SUB
  +--> ?PR?_SUB_STR2INT8U?SUB
  +--> ?PR?_SUB_SENDTEMPCAL?SUB
  +--> ?PR?_COMM_PUTSTR?COMM
  +--> ?PR?GETANGXINST?ANGAPP
  +--> ?PR?GETANGYINST?ANGAPP
BL51 BANKED LINKER/LOCATER V6.22                                                      08/31/2017  09:25:00  PAGE 21


  +--> ?PR?_SUB_SENDOFFSET?SUB
  +--> ?PR?_SUB_SENDANGXCAL?SUB
  +--> ?PR?_SUB_SENDANGYCAL?SUB
  +--> ?PR?SUB_SENDERR?SUB

?PR?_STRNCMP?STRNCMP                        -----    -----      002FH    0008H      -----    -----

?PR?SUB_SENDPRMTALL?SUB                     -----    -----      -----    -----      -----    -----
  +--> ?CO?SUB
  +--> ?PR?_COMM_PUTSTR?COMM
  +--> ?PR?GET_MCUTEMP?SENSOR
  +--> ?PR?_COMM_PUTINT16U?SUB
  +--> ?PR?GETXFTVAL?SENSOR
  +--> ?PR?_COMM_PUTINT32U?SUB
  +--> ?PR?_COMM_PUTCHAR?COMM
  +--> ?PR?GETXOFTVAL?SENSOR
  +--> ?PR?GETXANG?SENSOR
  +--> ?PR?_COMM_PUTINT32S?SUB
  +--> ?PR?GETYFTVAL?SENSOR
  +--> ?PR?GETYOFTVAL?SENSOR
  +--> ?PR?GETYANG?SENSOR
  +--> ?PR?_GETMT?CALMCUT
  +--> ?PR?COMM_PUTNEWLINE?SUB
  +--> ?PR?COMM_SENDSTA?COMM

?PR?_COMM_PUTINT16U?SUB                     -----    -----      -----    -----      -----    -----
  +--> ?PR?_SUB_INT16U2STR?SUB
  +--> ?PR?_COMM_PUTSTR?COMM

?PR?_SUB_INT16U2STR?SUB                     -----    -----      0041H    0005H      -----    -----

?PR?_COMM_PUTINT32U?SUB                     -----    -----      -----    -----      -----    -----
  +--> ?PR?_SUB_INT32U2STR?SUB
  +--> ?PR?_COMM_PUTSTR?COMM

?PR?_SUB_INT32U2STR?SUB                     -----    -----      0041H    0007H      -----    -----

?PR?_GETMT?CALMCUT                          -----    -----      0026H    0003H      -----    -----

?PR?SUB_SENDANGXYP?SUB                      -----    -----      -----    -----      -----    -----
  +--> ?CO?SUB
  +--> ?PR?_COMM_PUTSTR?COMM
  +--> ?PR?GETXANGALLSETVAL?ANGAPP
  +--> ?PR?_COMM_PUTINT32S?SUB
  +--> ?PR?GETYANGALLSETVAL?ANGAPP
  +--> ?PR?GETANGP?ANGAPP
  +--> ?PR?COMM_PUTNEWLINE?SUB
  +--> ?PR?_COMM_PUTCHAR?COMM
  +--> ?PR?COMM_SENDSTA?COMM

?PR?SUB_SENDSOFTVER?SUB                     -----    -----      -----    -----      -----    -----
  +--> ?CO?SUB
  +--> ?PR?_COMM_PUTSTR?COMM
  +--> ?PR?COMM_PUTNEWLINE?SUB
  +--> ?PR?COMM_SENDSTA?COMM

?PR?SUB_SENDSYSNUM?SUB                      -----    -----      -----    -----      -----    -----
BL51 BANKED LINKER/LOCATER V6.22                                                      08/31/2017  09:25:00  PAGE 22


  +--> ?CO?SUB
  +--> ?PR?_COMM_PUTSTR?COMM
  +--> ?PR?COMM_PUTNEWLINE?SUB
  +--> ?PR?COMM_SENDSTA?COMM

?PR?SUB_SENDID?SUB                          -----    -----      -----    -----      -----    -----
  +--> ?PR?_COMM_PUTINT16U?SUB
  +--> ?PR?_COMM_PUTCHAR?COMM
  +--> ?PR?GETANGXCALCNT?CALIBRATION
  +--> ?PR?GETTEMPXCALCNT?CALIBRATION
  +--> ?PR?COMM_PUTNEWLINE?SUB
  +--> ?PR?COMM_SENDSTA?COMM

?PR?_SUB_SENDTEMPCAL?SUB                    -----    -----      0026H    0001H      -----    -----
  +--> ?CO?SUB
  +--> ?PR?_COMM_PUTSTR?COMM
  +--> ?PR?_COMM_PUTINT8U?SUB
  +--> ?PR?_COMM_PUTCHAR?COMM
  +--> ?PR?_GETTEMPXCALTEMPVAL?CALIBRATION
  +--> ?PR?_COMM_PUTINT16U?SUB
  +--> ?PR?_GETTEMPXCALADCVAL?CALIBRATION
  +--> ?PR?_COMM_PUTINT32SAD?SUB
  +--> ?PR?_GETTEMPYCALADCVAL?CALIBRATION
  +--> ?PR?COMM_PUTNEWLINE?SUB
  +--> ?PR?COMM_SENDSTA?COMM

?PR?_COMM_PUTINT8U?SUB                      -----    -----      -----    -----      -----    -----
  +--> ?PR?_SUB_INT8U2STR?SUB
  +--> ?PR?_COMM_PUTSTR?COMM

?PR?_COMM_PUTINT32SAD?SUB                   -----    -----      -----    -----      -----    -----
  +--> ?PR?_SUB_INT32U2STR?SUB
  +--> ?PR?_COMM_PUTSTR?COMM

?PR?_SUB_SENDOFFSET?SUB                     -----    -----      -----    -----      -----    -----
  +--> ?PR?_COMM_PUTINT32S?SUB
  +--> ?PR?COMM_PUTNEWLINE?SUB
  +--> ?PR?COMM_SENDSTA?COMM

?PR?_SUB_SENDANGXCAL?SUB                    -----    -----      0026H    0001H      -----    -----
  +--> ?CO?SUB
  +--> ?PR?_COMM_PUTSTR?COMM
  +--> ?PR?_COMM_PUTINT8U?SUB
  +--> ?PR?_GETANGXCALADCVAL?CALIBRATION
  +--> ?PR?_COMM_PUTINT32U?SUB
  +--> ?PR?_COMM_PUTINT16S?SUB
  +--> ?PR?COMM_PUTNEWLINE?SUB
  +--> ?PR?COMM_SENDSTA?COMM

?PR?_COMM_PUTINT16S?SUB                     -----    -----      -----    -----      -----    -----
  +--> ?PR?_SUB_INT16S2STR?SUB
  +--> ?PR?_COMM_PUTSTR?COMM

?PR?_SUB_INT16S2STR?SUB                     -----    -----      -----    -----      -----    -----
  +--> ?PR?_SUB_INT16U2STR?SUB

?PR?_SUB_SENDANGYCAL?SUB                    -----    -----      0026H    0001H      -----    -----
BL51 BANKED LINKER/LOCATER V6.22                                                      08/31/2017  09:25:00  PAGE 23


  +--> ?CO?SUB
  +--> ?PR?_COMM_PUTSTR?COMM
  +--> ?PR?_COMM_PUTINT8U?SUB
  +--> ?PR?_COMM_PUTCHAR?COMM
  +--> ?PR?_GETANGYCALADCVAL?CALIBRATION
  +--> ?PR?_COMM_PUTINT32U?SUB
  +--> ?PR?_COMM_PUTINT16S?SUB
  +--> ?PR?COMM_PUTNEWLINE?SUB
  +--> ?PR?COMM_SENDSTA?COMM

?PR?SUB_SENDERR?SUB                         -----    -----      -----    -----      -----    -----
  +--> ?CO?SUB
  +--> ?PR?_COMM_PUTSTR?COMM
  +--> ?PR?COMM_PUTNEWLINE?SUB
  +--> ?PR?COMM_SENDSTA?COMM

?PR?_SEND_CDEAL?SEND                        -----    -----      0021H    0004H      -----    -----
  +--> ?CO?SEND
  +--> ?PR?_STRNCMP?STRNCMP
  +--> ?PR?SUB_SENDERR?SUB
  +--> ?PR?_SETANGXSYSZERO?ANGAPP
  +--> ?PR?_SETANGYSYSZERO?ANGAPP
  +--> ?PR?_COMM_PUTSTR?COMM
  +--> ?PR?SUB_SENDOK?SUB
  +--> ?PR?_SETANGXUSRZERO?ANGAPP
  +--> ?PR?ADC_XCALSTA?CMDSUB
  +--> ?PR?ADC_XCALSTOP?CMDSUB
  +--> ?PR?ADC_YCALSTA?CMDSUB
  +--> ?PR?ADC_YCALSTOP?CMDSUB
  +--> ?PR?_SETANGYUSRZERO?ANGAPP
  +--> ?PR?TEMP_CALSTA?CMDSUB
  +--> ?PR?TEMP_CALSTOP?CMDSUB
  +--> ?PR?MCUT_CALSTA?CALMCUT
  +--> ?PR?MCUT_CALSTOP?CALMCUT

?PR?SUB_SENDOK?SUB                          -----    -----      -----    -----      -----    -----
  +--> ?CO?SUB
  +--> ?PR?_COMM_PUTSTR?COMM
  +--> ?PR?COMM_PUTNEWLINE?SUB
  +--> ?PR?COMM_SENDSTA?COMM

?PR?_SEND_SDEAL?SEND                        -----    -----      0021H    000BH      -----    -----
  +--> ?CO?SEND
  +--> ?PR?_STRNCMP?STRNCMP
  +--> ?PR?_COMM_PUTSTR?COMM
  +--> ?PR?SUB_SENDOK?SUB
  +--> ?PR?SUB_SENDERR?SUB
  +--> ?PR?SUB_SENDANGXY?SUB
  +--> ?PR?_SUB_STR2INT8U?SUB
  +--> ?PR?_SETFILTERCNT?SENSOR
  +--> ?PR?GETXANG?SENSOR
  +--> ?PR?_SETANGXSYSZERO?ANGAPP
  +--> ?PR?GETYANG?SENSOR
  +--> ?PR?_SETANGYSYSZERO?ANGAPP
  +--> ?PR?GETANGXRELSYS?ANGAPP
  +--> ?PR?_SETANGXUSRZERO?ANGAPP
  +--> ?PR?GETANGYRELSYS?ANGAPP
BL51 BANKED LINKER/LOCATER V6.22                                                      08/31/2017  09:25:00  PAGE 24


  +--> ?PR?_SETANGYUSRZERO?ANGAPP
  +--> ?PR?_SUB_STR2INT32SANG?SUB
  +--> ?PR?_SETANGXINST?ANGAPP
  +--> ?PR?_SETANGYINST?ANGAPP
  +--> ?PR?_SETANGCALCNT?CALIBRATION
  +--> ?PR?_SETTEMPCALCNT?CALIBRATION
  +--> ?PR?_SETMCUTCALCNT?CALMCUT
  +--> ?PR?GETXOFTVAL?SENSOR
  +--> ?PR?_ADC_XCALPROC?CMDSUB
  +--> ?PR?_COMM_PUTCHAR?COMM
  +--> ?PR?GETANGXCALCNT?CALIBRATION
  +--> ?PR?_ANGCHKDIFF?CMDSUB
  +--> ?PR?_COMM_PUTINT32U?SUB
  +--> ?PR?ADC_XCALSTOP?CMDSUB
  +--> ?PR?GETYOFTVAL?SENSOR
  +--> ?PR?_ADC_YCALPROC?CMDSUB
  +--> ?PR?ADC_YCALSTOP?CMDSUB
  +--> ?PR?_SUB_STR2INT8S?SUB
  +--> ?PR?GET_MCUTEMP?SENSOR
  +--> ?PR?_MCUT_CALSAMP?CALMCUT
  +--> ?PR?GETXFTVAL?SENSOR
  +--> ?PR?GETYFTVAL?SENSOR
  +--> ?PR?_TEMP_CALSAMP?CMDSUB
  +--> ?PR?_TEMP_CALTREFSET?CMDSUB
  +--> ?PR?_SETANGXSET?ANGAPP
  +--> ?PR?_SETANGYSET?ANGAPP
  +--> ?PR?_SETANGPSET?ANGAPP
  +--> ?PR?_SUB_STRALARMCHECK?SUB
  +--> ?PR?_DELAY_MS?DELAY
  +--> ?PR?SUB_SYSRST?SUB

?PR?_SUB_STR2INT32SANG?SUB                  -----    -----      002CH    000AH      -----    -----

?PR?_ADC_XCALPROC?CMDSUB                    -----    -----      002CH    0008H      -----    -----
  +--> ?PR?_ANGCHKDIFF?CMDSUB

?PR?_ANGCHKDIFF?CMDSUB                      -----    -----      0034H    0010H      -----    -----

?PR?_ADC_YCALPROC?CMDSUB                    -----    -----      002CH    0008H      -----    -----
  +--> ?PR?_ANGCHKDIFF?CMDSUB

?PR?_SUB_STR2INT8S?SUB                      -----    -----      002CH    0003H      -----    -----
  +--> ?PR?_SUB_STR2INT8U?SUB

?PR?_MCUT_CALSAMP?CALMCUT                   -----    -----      002CH    0004H      -----    -----
  +--> ?PR?_MCUT_CALVALWR?CALMCUT
  +--> ?PR?_SUB_SENDMCUT?SUB

?PR?_MCUT_CALVALWR?CALMCUT                  -----    -----      0030H    0003H      -----    -----

?PR?_SUB_SENDMCUT?SUB                       -----    -----      0030H    0004H      -----    -----
  +--> ?CO?SUB
  +--> ?PR?_COMM_PUTSTR?COMM
  +--> ?PR?_COMM_PUTINT16S?SUB
  +--> ?PR?_COMM_PUTINT16U?SUB
  +--> ?PR?COMM_PUTNEWLINESTA?SUB

BL51 BANKED LINKER/LOCATER V6.22                                                      08/31/2017  09:25:00  PAGE 25


?PR?COMM_PUTNEWLINESTA?SUB                  -----    -----      -----    -----      -----    -----
  +--> ?PR?_COMM_PUTCHAR?COMM
  +--> ?PR?COMM_SENDSTA?COMM

?PR?_TEMP_CALSAMP?CMDSUB                    -----    -----      002CH    000BH      -----    -----
  +--> ?PR?_TEMP_CALVALWR?CMDSUB
  +--> ?PR?_SUB_SENDADCTXY?SUB

?PR?_TEMP_CALVALWR?CMDSUB                   -----    -----      0037H    000BH      -----    -----
  +--> ?PR?_SETTEMPXCALADCVAL?CALIBRATION
  +--> ?PR?_SETTEMPYCALADCVAL?CALIBRATION

?PR?_SUB_SENDADCTXY?SUB                     -----    -----      0037H    000AH      -----    -----
  +--> ?CO?SUB
  +--> ?PR?_COMM_PUTSTR?COMM
  +--> ?PR?_COMM_PUTINT16U?SUB
  +--> ?PR?_COMM_PUTINT32U?SUB
  +--> ?PR?COMM_PUTNEWLINE?SUB
  +--> ?PR?COMM_SENDSTA?COMM

?PR?_TEMP_CALTREFSET?CMDSUB                 -----    -----      002CH    000AH      -----    -----
  +--> ?PR?TEMP_CALSTOP?CMDSUB

?PR?_SUB_STRALARMCHECK?SUB                  -----    -----      002CH    0006H      -----    -----

?PR?_SEND_UDEAL?SEND                        -----    -----      0021H    0004H      -----    -----
  +--> ?CO?SEND
  +--> ?PR?_STRNCMP?STRNCMP
  +--> ?PR?FLASH_CALDATAUPDATE?FLASH
  +--> ?PR?FLASH_USERDATAUPDATE?FLASH
  +--> ?PR?_COMM_PUTSTR?COMM
  +--> ?PR?SUB_SENDOK?SUB
  +--> ?PR?SUB_SENDERR?SUB

?PR?_SEND_WDEAL?SEND                        -----    -----      0021H    000EH      -----    -----
  +--> ?CO?SEND
  +--> ?PR?_STRNCMP?STRNCMP
  +--> ?PR?_SUB_STR2INT32S?SUB
  +--> ?PR?_SUB_STR2INT16U?SUB
  +--> ?PR?_SUB_STR2INT8U?SUB
  +--> ?PR?_TEMP_CALVALWR?CMDSUB
  +--> ?PR?SUB_SENDERR?SUB
  +--> ?PR?_STRNCPY?STRNCPY
  +--> ?PR?_COMM_PUTSTR?COMM
  +--> ?PR?SUB_SENDOK?SUB

?PR?_SUB_STR2INT32S?SUB                     -----    -----      002FH    000AH      -----    -----

?PR?_SUB_STR2INT16U?SUB                     -----    -----      002FH    0006H      -----    -----

?PR?_STRNCPY?STRNCPY                        -----    -----      002FH    000AH      -----    -----

?PR?_SEND_TDEAL?SEND                        -----    -----      0021H    0001H      -----    -----
  +--> ?CO?SEND
  +--> ?PR?_STRNCMP?STRNCMP
  +--> ?PR?SUB_SENDTCALTEST?SUB

BL51 BANKED LINKER/LOCATER V6.22                                                      08/31/2017  09:25:00  PAGE 26


?PR?SUB_SENDTCALTEST?SUB                    -----    -----      0022H    0008H      -----    -----
  +--> ?PR?GET_MCUTEMP?SENSOR
  +--> ?PR?_COMM_PUTINT16U?SUB
  +--> ?PR?_COMM_PUTCHAR?COMM
  +--> ?PR?_COMM_PUTINT32SAD?SUB
  +--> ?PR?COMM_PUTNEWLINE?SUB
  +--> ?PR?COMM_SENDSTA?COMM

*** NEW ROOT ***************************************************

?PR?ADC_ISR?ADCDRV                          -----    -----      -----    -----      -----    -----
  +--> ?PR?_ADC_SAVEANDSWITCH?ADCDRV

?PR?_ADC_SAVEANDSWITCH?ADCDRV               -----    -----      -----    -----      -----    -----
  +--> ?PR?_ADCFILTER_TEMP?ADCDRV

?PR?_ADCFILTER_TEMP?ADCDRV                  -----    -----      0054H    0005H      -----    -----
  +--> ?PR?_?VALINRANGE?FILTER
  +--> ?PR?_?SLIDEWINFILTER?FILTER

*** NEW ROOT ***************************************************

?PR?COMM_ISR?COMM                           -----    -----      0059H    0002H      -----    -----
  +--> ?PR?_COMM_GETTXCHAR?COMM
  +--> ?PR?COMM_SENDSTOP?COMM
  +--> ?PR?_COMM_PUTRXCHAR?COMM
  +--> ?PR?COMM_TIMERINIT?COMM

?PR?_COMM_GETTXCHAR?COMM                    -----    -----      005BH    0006H      -----    -----

?PR?_COMM_PUTRXCHAR?COMM                    -----    -----      005BH    0003H      -----    -----

*** NEW ROOT ***************************************************

?PR?INT0_ISR?INT0                           -----    -----      -----    -----      -----    -----
  +--> ?PR?INT0_DISABLE?INT0
  +--> ?PR?AD7176_INTPROC?AD7176
  +--> ?PR?INT0_ENABLE?INT0

?PR?AD7176_INTPROC?AD7176                   -----    -----      0061H    0001H      -----    -----

*** NEW ROOT ***************************************************

?PR?SPI_ISR?SPI                             -----    -----      -----    -----      -----    -----
  +--> ?PR?DELAY500US?DELAY

*** NEW ROOT ***************************************************

?PR?TIMER2_ISR?TIMER                        -----    -----      -----    -----      -----    -----
  +--> ?PR?TIMER2_TASKINISR?TIMER

?PR?TIMER2_TASKINISR?TIMER                  -----    -----      -----    -----      -----    -----
  +--> ?PR?COMM_TIMERPROC?COMM
  +--> ?CO?SEND



BL51 BANKED LINKER/LOCATER V6.22                                                      08/31/2017  09:25:00  PAGE 27


UNRESOLVED EXTERNAL SYMBOLS:
   _AD7176_RDREGDATA
   _DELAY_CYC



SYMBOL TABLE OF MODULE:  .\obj\obj (?C_STARTUP)

  VALUE           TYPE          NAME
  ----------------------------------

  -------         MODULE        ?C_STARTUP
  C:6573H         SEGMENT       ?C_C51STARTUP
  I:0071H         SEGMENT       ?STACK
  C:0000H         PUBLIC        ?C_STARTUP
  D:00E0H         SYMBOL        ACC
  D:00F0H         SYMBOL        B
  D:0083H         SYMBOL        DPH
  D:0082H         SYMBOL        DPL
  N:0000H         SYMBOL        IBPSTACK
  N:0100H         SYMBOL        IBPSTACKTOP
  N:0080H         SYMBOL        IDATALEN
  C:6576H         SYMBOL        IDATALOOP
  N:0000H         SYMBOL        PBPSTACK
  N:0100H         SYMBOL        PBPSTACKTOP
  N:0000H         SYMBOL        PDATALEN
  N:0000H         SYMBOL        PDATASTART
  N:0000H         SYMBOL        PPAGE
  N:0000H         SYMBOL        PPAGEENABLE
  D:00A0H         SYMBOL        PPAGE_SFR
  D:0081H         SYMBOL        SP
  C:6573H         SYMBOL        STARTUP1
  N:0000H         SYMBOL        XBPSTACK
  N:0000H         SYMBOL        XBPSTACKTOP
  N:0000H         SYMBOL        XDATALEN
  N:0000H         SYMBOL        XDATASTART
  C:0000H         LINE#         126
  C:6573H         LINE#         133
  C:6575H         LINE#         134
  C:6576H         LINE#         135
  C:6577H         LINE#         136
  C:6579H         LINE#         185
  C:657CH         LINE#         196
  -------         ENDMOD        ?C_STARTUP

  -------         MODULE        AD7176
  C:0000H         SYMBOL        _ICE_DUMMY_
  C:6BCEH         PUBLIC        AD7176_IntProc
  C:7C92H         PUBLIC        _AD7176_FilterConfig
  C:82F8H         PUBLIC        _AD7176_OffsetConfig
  D:00A0H         PUBLIC        P2
  D:0066H         PUBLIC        ADByteOfNum
  X:0568H         SYMBOL        sample
  C:8662H         PUBLIC        Adc_GetXVal
  C:866DH         PUBLIC        Adc_GetYVal
  C:80B8H         PUBLIC        _AD7176_SetUpConfig
  C:75D3H         PUBLIC        _AD7176_INTModeConfig
BL51 BANKED LINKER/LOCATER V6.22                                                      08/31/2017  09:25:00  PAGE 28


  C:6A7BH         PUBLIC        AD7176_InMainProc
  C:830AH         PUBLIC        _AD7176_GainConfig
  X:056CH         PUBLIC        x_axis_adc
  X:0676H         PUBLIC        y_axis_adc
  C:6FE7H         PUBLIC        AdcEntityInit
  X:0780H         SYMBOL        state
  B:00F8H.2       PUBLIC        NSSMD0
  D:0067H         PUBLIC        WordLen
  C:7F7BH         PUBLIC        AD7176_Reset
  X:0781H         PUBLIC        temp_adc
  C:8557H         SYMBOL        _?ix1000
  C:855FH         SYMBOL        _?ix1001
  X:088BH         PUBLIC        mode_test
  C:6E55H         PUBLIC        _AD7176_WrRegVal
  X:088FH         PUBLIC        conf_test
  C:5985H         PUBLIC        AD7176_Init
  C:7DE5H         PUBLIC        _AD7176_ChannelConfig
  X:0893H         PUBLIC        AD_Data
  X:0899H         PUBLIC        Adc_Flag
  C:7E3DH         PUBLIC        _AD7176_ADCModeConfig
  C:5C8AH         PUBLIC        _AdcFilter
  -------         PROC          ADC_GETXVAL
  C:8662H         LINE#         22
  C:8662H         LINE#         23
  C:8662H         LINE#         24
  C:866CH         LINE#         25
  -------         ENDPROC       ADC_GETXVAL
  -------         PROC          ADC_GETYVAL
  C:866DH         LINE#         33
  C:866DH         LINE#         34
  C:866DH         LINE#         35
  C:8677H         LINE#         36
  -------         ENDPROC       ADC_GETYVAL
  -------         PROC          AD7176_RESET
  -------         DO            
  D:0021H         SYMBOL        Regarr
  -------         ENDDO         
  C:7F7BH         LINE#         53
  C:7F7BH         LINE#         54
  C:7F7BH         LINE#         55
  C:7F8EH         LINE#         56
  C:7F90H         LINE#         57
  C:7F9BH         LINE#         58
  C:7F9DH         LINE#         59
  -------         ENDPROC       AD7176_RESET
  -------         PROC          AD7176_INIT
  C:5985H         LINE#         69
  C:5985H         LINE#         70
  C:5985H         LINE#         72
  C:5988H         LINE#         76
  C:598FH         LINE#         78
  C:59A0H         LINE#         80
  C:59C3H         LINE#         82
  C:59D6H         LINE#         83
  C:59E7H         LINE#         85
  C:59FBH         LINE#         86
  C:5A12H         LINE#         87
BL51 BANKED LINKER/LOCATER V6.22                                                      08/31/2017  09:25:00  PAGE 29


  C:5A1DH         LINE#         88
  C:5A37H         LINE#         89
  C:5A3AH         LINE#         91
  C:5A42H         LINE#         92
  C:5A42H         LINE#         93
  C:5A45H         LINE#         94
  C:5A46H         LINE#         96
  C:5A46H         LINE#         97
  C:5A49H         LINE#         98
  C:5A49H         LINE#         100
  -------         ENDPROC       AD7176_INIT
  -------         PROC          _AD7176_WRREGVAL
  D:0031H         SYMBOL        RegAdd
  D:0032H         SYMBOL        RegVal
  D:0036H         SYMBOL        NumOfBytes
  -------         DO            
  D:0037H         SYMBOL        mid_arr
  D:0003H         SYMBOL        i
  D:003CH         SYMBOL        temp
  -------         ENDDO         
  C:6E55H         LINE#         102
  C:6E57H         LINE#         103
  C:6E57H         LINE#         104
  C:6E6AH         LINE#         108
  C:6E6DH         LINE#         110
  C:6E6FH         LINE#         111
  C:6E7AH         LINE#         114
  C:6E86H         LINE#         115
  C:6E8EH         LINE#         116
  C:6E8EH         LINE#         117
  C:6EA9H         LINE#         118
  C:6EACH         LINE#         119
  C:6EB7H         LINE#         123
  C:6EB9H         LINE#         125
  -------         ENDPROC       _AD7176_WRREGVAL
  -------         PROC          _AD7176_ADCMODECONFIG
  D:0006H         SYMBOL        RefEn
  D:0004H         SYMBOL        SingCycEn
  D:0002H         SYMBOL        Delay
  D:0027H         SYMBOL        OpMode
  D:0029H         SYMBOL        ClockSel
  -------         DO            
  D:0006H         SYMBOL        WrRegVal
  -------         ENDDO         
  C:7E3DH         LINE#         127
  C:7E3DH         LINE#         128
  C:7E3DH         LINE#         130
  C:7E57H         LINE#         131
  -------         ENDPROC       _AD7176_ADCMODECONFIG
  -------         PROC          _AD7176_INTMODECONFIG
  D:0006H         SYMBOL        AltSyncEn
  D:0004H         SYMBOL        IostrengthEn
  D:0002H         SYMBOL        DoutReset
  D:0027H         SYMBOL        ContReadEn
  D:0029H         SYMBOL        DataStat
  D:002BH         SYMBOL        RegCheckEn
  D:002DH         SYMBOL        CrcEn
BL51 BANKED LINKER/LOCATER V6.22                                                      08/31/2017  09:25:00  PAGE 30


  D:002FH         SYMBOL        WordLen
  -------         DO            
  D:0006H         SYMBOL        WrRegVal
  -------         ENDDO         
  C:75D3H         LINE#         134
[...]
  C:8022H         LINE#         508
  C:8029H         LINE#         509
  C:8033H         LINE#         510
  -------         ENDPROC       _SUB_INT8U2STR
  -------         PROC          _SUB_SBUFSWITCH
  D:0042H         SYMBOL        buf
  D:0045H         SYMBOL        i
  D:0046H         SYMBOL        j
  -------         DO            
  D:0047H         SYMBOL        temp
  -------         ENDDO         
  C:7211H         LINE#         576
  C:7219H         LINE#         577
  C:7219H         LINE#         580
  C:722FH         LINE#         581
  C:724BH         LINE#         582
  -------         ENDPROC       _SUB_SBUFSWITCH
BL51 BANKED LINKER/LOCATER V6.22                                                      08/31/2017  09:25:00  PAGE 116


  -------         PROC          _SUB_32UBUFSWITCH
  D:0036H         SYMBOL        buf
  D:0039H         SYMBOL        i
  D:003AH         SYMBOL        j
  -------         DO            
  D:003BH         SYMBOL        temp
  -------         ENDDO         
  C:7267H         LINE#         586
  C:726FH         LINE#         587
  C:726FH         LINE#         590
  C:7285H         LINE#         591
  C:72A1H         LINE#         592
  -------         ENDPROC       _SUB_32UBUFSWITCH
  -------         PROC          _SUB_16SBUFSWITCH
  D:002EH         SYMBOL        buf
  D:0005H         SYMBOL        i
  D:0032H         SYMBOL        j
  -------         DO            
  D:0033H         SYMBOL        temp
  -------         ENDDO         
  C:753BH         LINE#         597
  C:7541H         LINE#         598
  C:7541H         LINE#         601
  C:7553H         LINE#         602
  C:7574H         LINE#         603
  -------         ENDPROC       _SUB_16SBUFSWITCH
  -------         PROC          _SUB_UBUFSWITCH
  D:0042H         SYMBOL        buf
  D:0005H         SYMBOL        i
  D:0046H         SYMBOL        j
  -------         DO            
  D:0047H         SYMBOL        temp
  -------         ENDDO         
  C:7587H         LINE#         607
  C:758DH         LINE#         608
  C:758DH         LINE#         611
  C:759FH         LINE#         612
  C:75C0H         LINE#         613
  -------         ENDPROC       _SUB_UBUFSWITCH
  -------         PROC          _SUB_BUFBUBBLE
  D:002DH         SYMBOL        id
  D:0030H         SYMBOL        x
  D:0033H         SYMBOL        n
  -------         DO            
  D:0034H         SYMBOL        i
  D:0035H         SYMBOL        j
  -------         ENDDO         
  C:6DECH         LINE#         616
  C:6DF2H         LINE#         617
  C:6DF2H         LINE#         620
  C:6DFCH         LINE#         621
  C:6E08H         LINE#         622
  C:6E30H         LINE#         623
  C:6E3EH         LINE#         624
  C:6E4CH         LINE#         625
  C:6E4CH         LINE#         626
  C:6E50H         LINE#         627
BL51 BANKED LINKER/LOCATER V6.22                                                      08/31/2017  09:25:00  PAGE 117


  C:6E54H         LINE#         628
  -------         ENDPROC       _SUB_BUFBUBBLE
  -------         PROC          _SUB_BUFBUBBLE2
  D:0036H         SYMBOL        id
  D:0039H         SYMBOL        x
  D:003CH         SYMBOL        y
  D:003FH         SYMBOL        n
  -------         DO            
  D:0040H         SYMBOL        i
  D:0041H         SYMBOL        j
  -------         ENDDO         
  C:6992H         LINE#         630
  C:6998H         LINE#         632
  C:6998H         LINE#         635
  C:69A2H         LINE#         636
  C:69AEH         LINE#         637
  C:69DAH         LINE#         638
  C:69E2H         LINE#         639
  C:69F0H         LINE#         640
  C:69FEH         LINE#         641
  C:69FEH         LINE#         642
  C:6A02H         LINE#         643
  C:6A06H         LINE#         644
  -------         ENDPROC       _SUB_BUFBUBBLE2
  -------         PROC          _SUB_BUFBUBBLE16S
  D:0025H         SYMBOL        id
  D:0028H         SYMBOL        x
  D:002BH         SYMBOL        n
  -------         DO            
  D:002CH         SYMBOL        i
  D:002DH         SYMBOL        j
  -------         ENDDO         
  C:6CA9H         LINE#         647
  C:6CAFH         LINE#         648
  C:6CAFH         LINE#         651
  C:6CB9H         LINE#         652
  C:6CC5H         LINE#         653
  C:6CF7H         LINE#         654
  C:6CFFH         LINE#         655
  C:6D0DH         LINE#         656
  C:6D0DH         LINE#         657
  C:6D11H         LINE#         658
  C:6D15H         LINE#         659
  -------         ENDPROC       _SUB_BUFBUBBLE16S
  -------         PROC          SUB_SYSRST
  -------         DO            
  D:0007H         SYMBOL        SfrPage_
  -------         ENDDO         
  C:86C5H         LINE#         661
  C:86C5H         LINE#         662
  C:86C7H         LINE#         665
  C:86CAH         LINE#         666
  C:86CDH         LINE#         667
  C:86CFH         LINE#         668
  -------         ENDPROC       SUB_SYSRST
  -------         PROC          _SUB_STRALARMCHECK
  D:002CH         SYMBOL        val
BL51 BANKED LINKER/LOCATER V6.22                                                      08/31/2017  09:25:00  PAGE 118


  D:002FH         SYMBOL        str
  C:7D5AH         LINE#         670
  C:7D60H         LINE#         671
  C:7D60H         LINE#         672
  C:7D72H         LINE#         673
  C:7D72H         LINE#         674
  C:7D83H         LINE#         675
  C:7D86H         LINE#         676
  C:7D86H         LINE#         678
  C:7D86H         LINE#         679
  C:7D88H         LINE#         680
  C:7D88H         LINE#         681
  -------         ENDPROC       _SUB_STRALARMCHECK
  -------         ENDMOD        SUB

  -------         MODULE        TIMER
  C:0000H         SYMBOL        _ICE_DUMMY_
  D:006DH         PUBLIC        MainTime4En
  D:00A0H         PUBLIC        P2
  C:7A10H         PUBLIC        Timer2_ISR
  D:00A7H         PUBLIC        SFRPAGE
  C:7B3DH         PUBLIC        Timer2_TaskInIsr
  B:00C8H.7       PUBLIC        TF2H
  D:00CCH         PUBLIC        TMR2
  C:809BH         PUBLIC        Timer2_Init
  D:00C8H         PUBLIC        TMR2CN
  D:00CAH         PUBLIC        TMR2RL
  B:00A8H.5       PUBLIC        ET2
  B:00C8H.2       PUBLIC        TR2
  C:8340H         PUBLIC        Timer2_TaskInMain
  D:008EH         PUBLIC        CKCON
  X:0EB6H         PUBLIC        MainTime4Cnt
  -------         PROC          TIMER2_INIT
  -------         DO            
  D:0007H         SYMBOL        SfrPage_
  -------         ENDDO         
  C:809BH         LINE#         30
  C:809BH         LINE#         31
  C:809BH         LINE#         32
  C:809DH         LINE#         33
  C:80A0H         LINE#         34
  C:80A2H         LINE#         35
  C:80A5H         LINE#         36
  C:80ABH         LINE#         37
  C:80B1H         LINE#         38
  C:80B3H         LINE#         39
  C:80B5H         LINE#         40
  C:80B7H         LINE#         42
  -------         ENDPROC       TIMER2_INIT
  -------         PROC          TIMER2_ISR
  C:7A10H         LINE#         92
  C:7A2DH         LINE#         94
  C:7A2FH         LINE#         95
  C:7A32H         LINE#         96
  -------         ENDPROC       TIMER2_ISR
  -------         PROC          TIMER2_TASKINISR
  C:7B3DH         LINE#         115
BL51 BANKED LINKER/LOCATER V6.22                                                      08/31/2017  09:25:00  PAGE 119


  C:7B3DH         LINE#         116
  C:7B3DH         LINE#         117
  C:7B40H         LINE#         118
  C:7B4EH         LINE#         119
  C:7B55H         LINE#         120
  C:7B55H         LINE#         121
  C:7B75H         LINE#         122
  C:7B78H         LINE#         124
  C:7B78H         LINE#         125
  -------         ENDPROC       TIMER2_TASKINISR
  -------         PROC          TIMER2_TASKINMAIN
  C:8340H         LINE#         133
  C:8340H         LINE#         134
  C:8340H         LINE#         135
  C:8345H         LINE#         136
  C:8345H         LINE#         137
  C:8348H         LINE#         138
  C:834EH         LINE#         139
  C:8351H         LINE#         141
  C:8351H         LINE#         142
  -------         ENDPROC       TIMER2_TASKINMAIN
  -------         ENDMOD        TIMER

  -------         MODULE        ?C?FPADD
  C:0055H         PUBLIC        ?C?FPADD
  C:0051H         PUBLIC        ?C?FPSUB
  -------         ENDMOD        ?C?FPADD

  -------         MODULE        ?C?FPMUL
  C:0146H         PUBLIC        ?C?FPMUL
  -------         ENDMOD        ?C?FPMUL

  -------         MODULE        ?C?FPDIV
  C:024FH         PUBLIC        ?C?FPDIV
  -------         ENDMOD        ?C?FPDIV

  -------         MODULE        ?C?FPCMP
  C:02EEH         PUBLIC        ?C?FPCMP
  C:02ECH         PUBLIC        ?C?FPCMP3
  -------         ENDMOD        ?C?FPCMP

  -------         MODULE        ?C?FCAST
  C:0363H         PUBLIC        ?C?FCASTC
  C:035EH         PUBLIC        ?C?FCASTI
  C:0359H         PUBLIC        ?C?FCASTL
  -------         ENDMOD        ?C?FCAST

  -------         MODULE        ?C?CASTF
  C:0397H         PUBLIC        ?C?CASTF
  -------         ENDMOD        ?C?CASTF

  -------         MODULE        SQRT
  C:5EADH         PUBLIC        _SQRT
  -------         ENDMOD        SQRT

  -------         MODULE        SIN
  C:4530H         PUBLIC        _COS
BL51 BANKED LINKER/LOCATER V6.22                                                      08/31/2017  09:25:00  PAGE 120


  C:4546H         PUBLIC        _SIN
  C:4578H         PUBLIC        _TAN
  -------         ENDMOD        SIN

  -------         MODULE        ASIN
  C:7B79H         PUBLIC        _ASIN
  -------         ENDMOD        ASIN

  -------         MODULE        ATAN
  C:4B9FH         PUBLIC        _ATAN
  -------         ENDMOD        ATAN

  -------         MODULE        ?C?COPY
  C:0535H         PUBLIC        ?C?COPY
  -------         ENDMOD        ?C?COPY

  -------         MODULE        ?C?CLDPTR
  C:055BH         PUBLIC        ?C?CLDPTR
  -------         ENDMOD        ?C?CLDPTR

  -------         MODULE        ?C?CLDOPTR
  C:0574H         PUBLIC        ?C?CLDOPTR
  -------         ENDMOD        ?C?CLDOPTR

  -------         MODULE        ?C?CILDPTR
  C:05A1H         PUBLIC        ?C?CILDPTR
  -------         ENDMOD        ?C?CILDPTR

  -------         MODULE        ?C?CSTPTR
  C:05C3H         PUBLIC        ?C?CSTPTR
  -------         ENDMOD        ?C?CSTPTR

  -------         MODULE        ?C?CSTOPTR
  C:05D5H         PUBLIC        ?C?CSTOPTR
  -------         ENDMOD        ?C?CSTOPTR

  -------         MODULE        ?C?IMUL
  C:05F7H         PUBLIC        ?C?IMUL
  -------         ENDMOD        ?C?IMUL

  -------         MODULE        ?C?UIDIV
  C:0609H         PUBLIC        ?C?UIDIV
  -------         ENDMOD        ?C?UIDIV

  -------         MODULE        ?C?SIDIV
  C:065EH         PUBLIC        ?C?SIDIV
  -------         ENDMOD        ?C?SIDIV

  -------         MODULE        ?C?IILDX
  C:0694H         PUBLIC        ?C?IILDX
  -------         ENDMOD        ?C?IILDX

  -------         MODULE        ?C?ILDPTR
  C:06AAH         PUBLIC        ?C?ILDPTR
  -------         ENDMOD        ?C?ILDPTR

  -------         MODULE        ?C?ILDOPTR
BL51 BANKED LINKER/LOCATER V6.22                                                      08/31/2017  09:25:00  PAGE 121


  C:06D5H         PUBLIC        ?C?ILDOPTR
  -------         ENDMOD        ?C?ILDOPTR

  -------         MODULE        ?C?IILDPTR
  C:070DH         PUBLIC        ?C?IILDPTR
  -------         ENDMOD        ?C?IILDPTR

  -------         MODULE        ?C?IILDOPTR
  C:0745H         PUBLIC        ?C?IILDOPTR
  -------         ENDMOD        ?C?IILDOPTR

  -------         MODULE        ?C?ISTPTR
  C:0792H         PUBLIC        ?C?ISTPTR
  -------         ENDMOD        ?C?ISTPTR

  -------         MODULE        ?C?ISTOPTR
  C:07B1H         PUBLIC        ?C?ISTOPTR
  -------         ENDMOD        ?C?ISTOPTR

  -------         MODULE        ?C?LMUL
  C:07DEH         PUBLIC        ?C?LMUL
  -------         ENDMOD        ?C?LMUL

  -------         MODULE        ?C?ULDIV
  C:0869H         PUBLIC        ?C?ULDIV
  -------         ENDMOD        ?C?ULDIV

  -------         MODULE        ?C?SLDIV
  C:7806H         PUBLIC        ?C?SLDIV
  -------         ENDMOD        ?C?SLDIV

  -------         MODULE        ?C?LNEG
  C:08FBH         PUBLIC        ?C?LNEG
  -------         ENDMOD        ?C?LNEG

  -------         MODULE        ?C?SLCMP
  C:0909H         PUBLIC        ?C?SLCMP
  -------         ENDMOD        ?C?SLCMP

  -------         MODULE        ?C?ULCMP
  C:091FH         PUBLIC        ?C?ULCMP
  -------         ENDMOD        ?C?ULCMP

  -------         MODULE        ?C?ULSHR
  C:0930H         PUBLIC        ?C?ULSHR
  -------         ENDMOD        ?C?ULSHR

  -------         MODULE        ?C?SLSHR
  C:0943H         PUBLIC        ?C?SLSHR
  -------         ENDMOD        ?C?SLSHR

  -------         MODULE        ?C?LSHL
  C:0957H         PUBLIC        ?C?LSHL
  -------         ENDMOD        ?C?LSHL

  -------         MODULE        ?C?LLDPTR
  C:096AH         PUBLIC        ?C?LLDPTR
BL51 BANKED LINKER/LOCATER V6.22                                                      08/31/2017  09:25:00  PAGE 122


  -------         ENDMOD        ?C?LLDPTR

  -------         MODULE        ?C?LLDOPTR
  C:098AH         PUBLIC        ?C?LLDOPTR
  -------         ENDMOD        ?C?LLDOPTR

  -------         MODULE        ?C?LSTPTR
  C:09BAH         PUBLIC        ?C?LSTPTR
  -------         ENDMOD        ?C?LSTPTR

  -------         MODULE        ?C?LSTOPTR
  C:09D4H         PUBLIC        ?C?LSTOPTR
  -------         ENDMOD        ?C?LSTOPTR

  -------         MODULE        ?C?LLDIDATA
  C:09F8H         PUBLIC        ?C?LLDIDATA
  -------         ENDMOD        ?C?LLDIDATA

  -------         MODULE        ?C?LLDCODE
  C:0A04H         PUBLIC        ?C?LLDCODE
  -------         ENDMOD        ?C?LLDCODE

  -------         MODULE        ?C?LLDIDATA0
  C:0A14H         PUBLIC        ?C?LLDIDATA0
  -------         ENDMOD        ?C?LLDIDATA0

  -------         MODULE        ?C?LLDCODE0
  C:0A21H         PUBLIC        ?C?LLDCODE0
  -------         ENDMOD        ?C?LLDCODE0

  -------         MODULE        ?C?LLDOPTR0
  C:0A31H         PUBLIC        ?C?LLDOPTR0
  -------         ENDMOD        ?C?LLDOPTR0

  -------         MODULE        ?C?LSTIDATA
  C:0A61H         PUBLIC        ?C?LSTIDATA
  -------         ENDMOD        ?C?LSTIDATA

  -------         MODULE        ?C?LSTXDATA
  C:0A6DH         PUBLIC        ?C?LSTXDATA
  -------         ENDMOD        ?C?LSTXDATA

  -------         MODULE        ?C?LSTKIDATA
  C:0A79H         PUBLIC        ?C?LSTKIDATA
  -------         ENDMOD        ?C?LSTKIDATA

  -------         MODULE        ?C?LSTKXDATA
  C:0A92H         PUBLIC        ?C?LSTKXDATA
  -------         ENDMOD        ?C?LSTKXDATA

  -------         MODULE        ?C?LSTKPTR
  C:0AC3H         PUBLIC        ?C?LSTKPTR
  -------         ENDMOD        ?C?LSTKPTR

  -------         MODULE        ?C?LSTKOPTR
  C:0ADDH         PUBLIC        ?C?LSTKOPTR
  -------         ENDMOD        ?C?LSTKOPTR
BL51 BANKED LINKER/LOCATER V6.22                                                      08/31/2017  09:25:00  PAGE 123



  -------         MODULE        ?C?OFFXADD
  C:0B01H         PUBLIC        ?C?OFFXADD
  -------         ENDMOD        ?C?OFFXADD

  -------         MODULE        ?C?PLDOPTR
  C:0B0DH         PUBLIC        ?C?PLDOPTR
  -------         ENDMOD        ?C?PLDOPTR

  -------         MODULE        ?C?PLDIOPTR
  C:0B3DH         PUBLIC        ?C?PLDIOPTR
  -------         ENDMOD        ?C?PLDIOPTR

  -------         MODULE        ?C?PSTOPTR
  C:0B6FH         PUBLIC        ?C?PSTOPTR
  -------         ENDMOD        ?C?PSTOPTR

  -------         MODULE        ?C?ICASE
  C:0BC8H         PUBLIC        ?C?ICASE
  -------         ENDMOD        ?C?ICASE

  -------         MODULE        ?C?ICALL
  C:0BF5H         PUBLIC        ?C?ICALL
  C:0BF9H         PUBLIC        ?C?ICALL2
  -------         ENDMOD        ?C?ICALL

  -------         MODULE        ?C_IBP
  D:006EH         PUBLIC        ?C_IBP
  -------         ENDMOD        ?C_IBP

  -------         MODULE        ?C?LIMUL
  C:0BFBH         PUBLIC        ?C?LIMUL
  -------         ENDMOD        ?C?LIMUL

  -------         MODULE        STRNCMP
  D:002FH         PUBLIC        ?_strncmp?BYTE
  C:6B5FH         PUBLIC        _strncmp
  -------         ENDMOD        STRNCMP

  -------         MODULE        STRNCPY
  D:002FH         PUBLIC        ?_strncpy?BYTE
  C:7311H         PUBLIC        _strncpy
  -------         ENDMOD        STRNCPY

  -------         MODULE        ?C?LLDXDATA
  C:0C28H         PUBLIC        ?C?LLDXDATA
  -------         ENDMOD        ?C?LLDXDATA

  -------         MODULE        ?C?LLDPDATA
  C:0C34H         PUBLIC        ?C?LLDPDATA
  -------         ENDMOD        ?C?LLDPDATA

  -------         MODULE        ?C?LLDXDATA0
  C:0C40H         PUBLIC        ?C?LLDXDATA0
  -------         ENDMOD        ?C?LLDXDATA0

  -------         MODULE        ?C?LLDPDATA0
BL51 BANKED LINKER/LOCATER V6.22                                                      08/31/2017  09:25:00  PAGE 124


  C:0C4CH         PUBLIC        ?C?LLDPDATA0
  -------         ENDMOD        ?C?LLDPDATA0

  -------         MODULE        ?C?LSTPDATA
  C:0C59H         PUBLIC        ?C?LSTPDATA
  -------         ENDMOD        ?C?LSTPDATA

  -------         MODULE        ?C?LSTKPDATA
  C:0C65H         PUBLIC        ?C?LSTKPDATA
  -------         ENDMOD        ?C?LSTKPDATA

  -------         MODULE        ?C?PLDIDATA
  C:0C7EH         PUBLIC        ?C?PLDIDATA
  -------         ENDMOD        ?C?PLDIDATA

  -------         MODULE        ?C?PLDIIDATA
  C:0C87H         PUBLIC        ?C?PLDIIDATA
  -------         ENDMOD        ?C?PLDIIDATA

  -------         MODULE        ?C?PSTIDATA
  C:0C97H         PUBLIC        ?C?PSTIDATA
  -------         ENDMOD        ?C?PSTIDATA

  -------         MODULE        ?C?PLDXDATA
  C:0CA0H         PUBLIC        ?C?PLDXDATA
  -------         ENDMOD        ?C?PLDXDATA

  -------         MODULE        ?C?PLDIXDATA
  C:0CA9H         PUBLIC        ?C?PLDIXDATA
  -------         ENDMOD        ?C?PLDIXDATA

  -------         MODULE        ?C?PSTXDATA
  C:0CC0H         PUBLIC        ?C?PSTXDATA
  -------         ENDMOD        ?C?PSTXDATA

  -------         MODULE        ?C?PLDPDATA
  C:0CC9H         PUBLIC        ?C?PLDPDATA
  -------         ENDMOD        ?C?PLDPDATA

  -------         MODULE        ?C?PLDIPDATA
  C:0CD2H         PUBLIC        ?C?PLDIPDATA
  -------         ENDMOD        ?C?PLDIPDATA

  -------         MODULE        ?C?PSTPDATA
  C:0CE2H         PUBLIC        ?C?PSTPDATA
  -------         ENDMOD        ?C?PSTPDATA

  -------         MODULE        ?C?PLDCODE
  C:0CEBH         PUBLIC        ?C?PLDCODE
  -------         ENDMOD        ?C?PLDCODE

*** WARNING L16: UNCALLED SEGMENT, IGNORED FOR OVERLAY PROCESS
    SEGMENT: ?PR?_COMM_XTOSTR?COMM

*** WARNING L16: UNCALLED SEGMENT, IGNORED FOR OVERLAY PROCESS
    SEGMENT: ?PR?KEY_PROC?KEY

BL51 BANKED LINKER/LOCATER V6.22                                                      08/31/2017  09:25:00  PAGE 125


*** WARNING L16: UNCALLED SEGMENT, IGNORED FOR OVERLAY PROCESS
    SEGMENT: ?PR?_SPI_READ?SPI

*** WARNING L1: UNRESOLVED EXTERNAL SYMBOL
    SYMBOL:  _DELAY_CYC
    MODULE:  .\obj\Key.obj (KEY)

*** WARNING L2: REFERENCE MADE TO UNRESOLVED EXTERNAL
    SYMBOL:  _DELAY_CYC
    MODULE:  .\obj\Key.obj (KEY)
    ADDRESS: 766BH

*** WARNING L1: UNRESOLVED EXTERNAL SYMBOL
    SYMBOL:  _AD7176_RDREGDATA
    MODULE:  .\obj\main.obj (MAIN)

*** WARNING L2: REFERENCE MADE TO UNRESOLVED EXTERNAL
    SYMBOL:  _AD7176_RDREGDATA
    MODULE:  .\obj\main.obj (MAIN)
    ADDRESS: 7DD5H

Program Size: data=113.4 xdata=3768 code=34820
LINK/LOCATE RUN COMPLETE.  7 WARNING(S),  0 ERROR(S)
