C51 COMPILER V9.01   SEND                                                                  06/01/2018 17:39:16 PAGE 1   


C51 COMPILER V9.01, COMPILATION OF MODULE SEND
OBJECT MODULE PLACED IN .\obj\Send.obj
COMPILER INVOKED BY: C:\Keil\C51\BIN\C51.EXE src\Send.c OPTIMIZE(SIZE) BROWSE INCDIR(.\inc) DEBUG OBJECTEXTEND PRINT(.\l
                    -ist\Send.lst) OBJECT(.\obj\Send.obj)

line level    source

   1          /*--------------------------------文*件*信*息-----------------------------
   2          * 文件名：  Send.c
   3          * 版　本：  v1.0
   4          * 描  述：  100T双轴 整合后的版本
   5          * 创建人：  
   6          * 日  期：  
   7          --------------------------------------------------------------------------
   8          *当前版本:      v1.0
   9          *修 改 人:
  10          *日　  期:
  11          ----------------------------------修改履历--------------------------------
  12          1、
  13          2、
  14          3、
  15          4、
  16          ------------------------------------------------------------------------*/
  17          #define   __SEND_C__
  18          #include  "_Include.h"
  19          
  20          static void Send_RDeal ( char* buf,int8u n);
  21          static void Send_CDeal ( char* buf,int8u n);
  22          static void Send_SDeal ( char* buf,int8u n);
  23          static void Send_WDeal ( char* buf,int8u n);
  24          static void Send_TDeal ( char* buf,int8u n);
  25          static void Send_UDeal ( char* buf,int8u n);
  26          
  27          
  28          static struct sensor xdata *px_ax=&accel_x;
  29          static struct sensor xdata *py_ax=&accel_y;     
  30          
  31          
  32          //***********************************************************************/
  33          // *功    能：
  34          // *入    口：CommTimer时间到 ，CommRxFlag有接收完成标志
  35          // *出    口：
  36          // *备    注：
  37          // *函数性质：
  38          //***********************************************************************/
  39          void Send_TimeProc (void)
  40          {   static xdata int8u rx_buf[COMM_RX_BUF_SIZE];
  41   1          static int8u* ptr;
  42   1          static int8u xdata i;
  43   1          static int8u xdata err;
  44   1          static int8u xdata cmd;
  45   1      
  46   1      //    if(COMM_TRAN==Comm_StateGet()) return;             //COMM_TRAN==0，CommTimer减到0返回1进入COM处理，CommTimer减
             -没到0返回0
  47   1          if(CommRxFlag==0)   return;                                  //接收标志
  48   1      
  49   1          CommRxFlag = 0;
  50   1          ptr=rx_buf;                                                                  
  51   1          for(i=0;i<COMM_RX_BUF_SIZE;i++)
  52   1          {   
  53   2                      *ptr++=Comm_GetChar(&err);                                //将接收缓冲区的数据 取出存入 rx_buf
C51 COMPILER V9.01   SEND                                                                  06/01/2018 17:39:16 PAGE 2   

  54   2              if(err==COMM_RX_EPT)                                     //COMM_RX_EPT ==1      取完标志
  55   2              break;
  56   2          }
  57   1          if(i<3)
  58   1          {
  59   2          #ifdef  COMM_485
                      if(SendActPosi == 0)
                      {  
                                       MainTime4Cnt = 2000;
                      }
                  #endif
  65   2              return;
  66   2          }
  67   1      #if MODBUS_CHECK_ENB
  68   1          if((rx_buf[0] == Addr) || (rx_buf[0] == 0))    //支持广播方式
  69   1          {
  70   2      
  71   2              ModRtu_RxProc(rx_buf,i);
  72   2              return;
  73   2          }
  74   1      #endif
  75   1          if((0x0D!=rx_buf[i-2])||(0x0A!=rx_buf[i-1]))         //判断后两位数据是否是回车换行
  76   1          {   
  77   2          #ifdef  COMM_485
                      if(SendActPosi == 0)
                      {   
                                      MainTime4Cnt = 2000;
                      }
                  #endif
  83   2              return;
  84   2          }
  85   1              cmd=rx_buf[0];
  86   1          switch(cmd)
  87   1          { case 'r': if(1!=SendActPosi)return;   //SendActPosi=0:主动发送模式，=1：应答模式
  88   2                      Send_RDeal(rx_buf,i);
  89   2                      break;
  90   2            case 'c': if(1!=SendActPosi)return;
  91   2                      Send_CDeal(rx_buf,i);
  92   2                      break;
  93   2            case 's': Send_SDeal(rx_buf,i);
  94   2                      break;
  95   2            case 'u': Send_UDeal(rx_buf,i);
  96   2                      break;
  97   2            case 'w': if(1!=SendActPosi)return;
  98   2                      Send_WDeal(rx_buf,i);
  99   2                      break;
 100   2            case 't': if(1!=SendActPosi)return;
 101   2                      Send_TDeal(rx_buf,i);
 102   2                      break;
 103   2          }
 104   1      }
 105          //***********************************************************************/
 106          // *功    能：
 107          // *入    口：
 108          // *出    口：
 109          // *备    注：
 110          // *函数性质：
 111          //***********************************************************************/
 112          static void Send_RDeal ( char* buf,int8u n)
 113          {   int8u xdata data_8u;
 114   1      
 115   1          if(0==strncmp(buf,"rd m all",8))
C51 COMPILER V9.01   SEND                                                                  06/01/2018 17:39:16 PAGE 3   

 116   1          {   if(n!=10)return;
 117   2              Sub_SendPrmtAll();
 118   2          }
 119   1          else if(0==strncmp(buf,"rd ang s",8))
 120   1          {   if(n!=10)return;
 121   2              Sub_SendAngXYP();
 122   2          }
 123   1          else if(0==strncmp(buf,"rd ang",6))
 124   1          {   if(n!=8)return;
 125   2              Sub_SendAngXY();
 126   2          }
 127   1          else if(0==strncmp(buf,"rd ver",6))
 128   1          {   if(n!=8)return;
 129   2              Sub_SendSoftVer();
 130   2          }
 131   1          else if(0==strncmp(buf,"rd sn",5))
 132   1          {   if(n!=7)return;
 133   2              Sub_SendSysNum();
 134   2          }
 135   1          else if(0==strncmp(buf,"rd id",5))
 136   1          {   if(n!=7)return;
 137   2              Sub_SendID();
 138   2          }
 139   1          else if(0==strncmp(buf,"rd t cal,",9))
 140   1          {   if(n!=13)return;
 141   2              data_8u=Sub_Str2Int8u(&buf[9]);
 142   2              if(data_8u>=TEMP_CAL_NUM){Sub_SendErr();return;}
 143   2              Sub_SendTempCal(data_8u);
 144   2          }    
 145   1          else if(0==strncmp(buf,"rd x offset",11))
 146   1          {   if(n!=13)return;
 147   2              Comm_PutStr("x offset,",9);
 148   2              Sub_SendOffset(GetAngXInst());                 // 获取安装角
 149   2          }
 150   1          else if(0==strncmp(buf,"rd y offset",11))
 151   1          {   if(n!=13)return;
 152   2              Comm_PutStr("y offset,",9);
 153   2              Sub_SendOffset(GetAngYInst());                            // 获取安装角
 154   2          }
 155   1          else if(0==strncmp(buf,"rd x cal,",9))
 156   1          {   if(n!=13)return;
 157   2              data_8u=Sub_Str2Int8u(&buf[9]);
 158   2              if(data_8u>=ANG_CAL_NUM){Sub_SendErr();return;}
 159   2              Sub_SendAngXCal(data_8u);
 160   2          }
 161   1          else if(0==strncmp(buf,"rd y cal,",9))
 162   1          {   if(n!=13)return;
 163   2              data_8u=Sub_Str2Int8u(&buf[9]);
 164   2              if(data_8u>=ANG_CAL_NUM){Sub_SendErr();return;}
 165   2              Sub_SendAngYCal(data_8u);
 166   2          }   
 167   1          else Sub_SendErr();
 168   1      }
 169          //***********************************************************************/
 170          // *功    能：
 171          // *入    口：
 172          // *出    口：
 173          // *备    注：
 174          // *函数性质：
 175          //***********************************************************************/
 176          static void Send_CDeal ( char* buf,int8u n)
 177          {
C51 COMPILER V9.01   SEND                                                                  06/01/2018 17:39:16 PAGE 4   

 178   1          if(0==strncmp(buf,"clr zero internal",17))  //温度补尝后再进做一次0点校准(清零)
 179   1          {   if(n!=19)Sub_SendErr();
 180   2              SetAngXSysZero(0);
 181   2              SetAngYSysZero(0);                      
 182   2              Comm_PutStr(buf,17);
 183   2              Sub_SendOk();
 184   2          }
 185   1          else if(0==strncmp(buf,"clr zero",8))               //用户清零
 186   1          {   if(n!=10)return;
 187   2              Comm_PutStr(buf,8);
 188   2              Sub_SendOk();
 189   2              SetAngXUsrZero(0);
 190   2              SetAngYUsrZero(0);
 191   2          }
 192   1      
 193   1          else if(0==strncmp(buf,"cal x sta",9))  //x开始校准
 194   1          {   if(n!=11)return;
 195   2              if(TRUE==Adc_XCalSta())
 196   2              {   Comm_PutStr(buf,9);
 197   3                  Sub_SendOk();
 198   3              }
 199   2              else Sub_SendErr();
 200   2          }
 201   1          else if(0==strncmp(buf,"cal x stop",10))    //x结束校准
 202   1          {   if(n!=12)return;
 203   2              if(TRUE==Adc_XCalStop())
 204   2              {   Comm_PutStr(buf,10);
 205   3                  Sub_SendOk();
 206   3                  SetAngXSysZero(0);//X结束校准完，X轴相对测量值归0(内部清零）
 207   3                  SetAngXUsrZero(0); //X结束校准完，X轴相对测量值归0(用户清零）
 208   3      
 209   3              }
 210   2              else Sub_SendErr();
 211   2          }
 212   1          else if(0==strncmp(buf,"cal y sta",9))  //y开始校准
 213   1          {   if(n!=11)return;
 214   2              if(TRUE==Adc_YCalSta())
 215   2              {   Comm_PutStr(buf,9);
 216   3                  Sub_SendOk();
 217   3              }
 218   2              else Sub_SendErr();
 219   2          }
 220   1          else if(0==strncmp(buf,"cal y stop",10))    //y结束校准
 221   1          {   if(n!=12)return;
 222   2              if(TRUE==Adc_YCalStop())
 223   2              {   Comm_PutStr(buf,10);
 224   3                  Sub_SendOk();
 225   3                  SetAngYSysZero(0);//Y结束校准完，X轴相对测量值归0(内部清零）
 226   3                  SetAngYUsrZero(0);// Y结束校准完，Y轴相对测量值归0(用户清零）
 227   3              }
 228   2              else Sub_SendErr();
 229   2          }
 230   1          else if(0==strncmp(buf,"cal t sta",9))      //温度补偿开始
 231   1          {   if(n!=11)return;
 232   2              if(TRUE==Temp_CalSta())
 233   2              {   Comm_PutStr(buf,9);
 234   3                  Sub_SendOk();
 235   3              }
 236   2              else Sub_SendErr();
 237   2          }
 238   1          else if(0==strncmp(buf,"cal t stop",10))    //温度补偿结束
 239   1          {   if(n!=12)return;
C51 COMPILER V9.01   SEND                                                                  06/01/2018 17:39:16 PAGE 5   

 240   2              if(TRUE==Temp_CalStop())
 241   2              {   Comm_PutStr(buf,10);
 242   3                  Sub_SendOk();
 243   3              }
 244   2              else Sub_SendErr();
 245   2          }
 246   1          else if(0==strncmp(buf,"cal mt sta",10))      //温度开始校准
 247   1          {   if(n!=12)return;
 248   2              if(TRUE==McuT_CalSta())
 249   2              {   Comm_PutStr(buf,10);
 250   3                  Sub_SendOk();
 251   3              }
 252   2              else Sub_SendErr();
 253   2          }
 254   1          else if(0==strncmp(buf,"cal mt stop",11))    //温度结束校准
 255   1          {   if(n!=13)return;
 256   2              if(TRUE==McuT_CalStop())
 257   2              {   Comm_PutStr(buf,11);
 258   3                  Sub_SendOk();
 259   3              }
 260   2              else Sub_SendErr();
 261   2          }    
 262   1      }
 263          //***********************************************************************/
 264          // *功    能：
 265          // *入    口：
 266          // *出    口：
 267          // *备    注：
 268          // *函数性质：
 269          //***********************************************************************/
 270          static void Send_SDeal ( char* buf,int8u n)
 271          {   int8u xdata data_ram,data_8u;
 272   1          int32s xdata data_32s;
 273   1          int8u xdata i;
 274   1          int8u SfrPage_ = SFRPAGE;
 275   1      
 276   1          if(0==strncmp(buf,"set mode p",10)  )       //set mode p
 277   1          {   if(n!=12)return;
 278   2                  SendActPosi=1;                                              //SendActPosi=0:主动发送模式，=1：应答模式
 279   2              Comm_PutStr("set mode p",10);
 280   2              Sub_SendOk();
 281   2          }
 282   1          else if(0==strncmp(buf,"set mode a",10))    //set mode a
 283   1          {   if(n!=12)return;
 284   2                  SendActPosi=0;                                              //SendActPosi=0:主动发送模式，=1：应答模式
 285   2              Comm_PutStr("set mode a",10);
 286   2              Sub_SendOk();
 287   2              if((Braud_Num < 3)&&(SendSpeedNum > 4))
 288   2              {
 289   3                  SendSpeedNum = 3;
 290   3              }
 291   2          }
 292   1          else if((0==strncmp(buf,"set bps ",8))&&(0==SendActPosi))   //set bps n
 293   1          {   if(n!=11)return;
 294   2              if(((buf[8]-'0')>=0)&&((buf[8]-'0')<10))
 295   2              {
 296   3                  i = buf[8]-'0';
 297   3                  if((i > 3)&&(Braud_Num > 2)||(i < 4))               ///2011-11-10 14:24修改波特率低于9600时发送频率不能高于
             -4次每秒
 298   3      
 299   3                  {
 300   4                      SendSpeedNum= i;
C51 COMPILER V9.01   SEND                                                                  06/01/2018 17:39:16 PAGE 6   

 301   4                      Comm_PutStr(buf,9);
 302   4                      Sub_SendOk();
 303   4                  }
 304   3                  else
 305   3                  {
 306   4                      Sub_SendErr();
 307   4                  }
 308   3                  MainTime4Cnt=SendSpeed[SendSpeedNum];
 309   3              }
 310   2              else if((buf[8]=='t')&&(SendSpeedNum==0))
 311   2              {   Sub_SendAngXY();
 312   3              }
 313   2              else Sub_SendErr();
 314   2          }
 315   1          else if(1!=SendActPosi)return;                              //以下指令全部在SendActPosi==1 时才有效
 316   1      
 317   1          else if(0==strncmp(buf,"set filter1 num,",16))              //滤波系数可设
 318   1          {   if(n!=20)return;
 319   2              data_8u=Sub_Str2Int8u(&buf[16]);
 320   2              if((data_8u>99)||(data_8u<1)){Sub_SendErr();return;}
 321   2              SetFilterCnt(data_8u);                  
 322   2              Comm_PutStr(buf,18);
 323   2              Sub_SendOk();
 324   2          }
 325   1          else if(0==strncmp(buf,"set zero internal",17))             //内部置0
 326   1          {   if(n!=19)return;
 327   2              SetAngXSysZero(GetXAng());
 328   2              SetAngYSysZero(GetYAng());            
 329   2              Comm_PutStr(buf,17);
 330   2              Sub_SendOk();
 331   2          }
 332   1          else if(0==strncmp(buf,"set zero",8))       
 333   1          {   if(n!=10)return;
 334   2                  SetAngXUsrZero(GetAngXRelSys());
 335   2              SetAngYUsrZero(GetAngYRelSys());                //用户置0（获取系统置0）
 336   2                      Comm_PutStr(buf,8);
 337   2              Sub_SendOk();
 338   2          }
 339   1          else if(0==strncmp(buf,"set x offset,",13))     //设置安装角
 340   1          {   if(n!=23)return;
 341   2              if(Sub_Str2Int32sAng(&data_32s,&buf[13])==FALSE){Sub_SendErr();return;}
 342   2              Comm_PutStr(buf,21);
 343   2              Sub_SendOk();
 344   2              SetAngXInst(data_32s);                      
 345   2          }
 346   1          else if(0==strncmp(buf,"set y offset,",13))     //
 347   1          {   if(n!=23)return;
 348   2              if(Sub_Str2Int32sAng(&data_32s,&buf[13])==FALSE){Sub_SendErr();return;}
 349   2              Comm_PutStr(buf,21);
 350   2              Sub_SendOk();
 351   2              SetAngYInst(data_32s);                  
 352   2          }  
 353   1          else if(0==strncmp(buf,"set ang num,",12))          //角度校准点数可设
 354   1          {   if(n!=16)return;
 355   2              data_ram = Sub_Str2Int8u(&buf[12]);
 356   2              if((data_ram>ANG_CAL_NUM)||(data_ram<2))return;
 357   2              SetAngCalCnt(data_ram); 
 358   2              Comm_PutStr(buf,14);
 359   2              Sub_SendOk();
 360   2          }    
 361   1          else if(0==strncmp(buf,"set t num,",10))    //温度补偿点数可设
 362   1          {   if(n!=14)return;
C51 COMPILER V9.01   SEND                                                                  06/01/2018 17:39:16 PAGE 7   

 363   2              data_ram =Sub_Str2Int8u(&buf[10]);
 364   2              if((data_ram>TEMP_CAL_NUM)||(data_ram<2))return;
 365   2              SetTempCalCnt(data_ram);                 //设置温度补偿个数
 366   2              Comm_PutStr(buf,12);
 367   2              Sub_SendOk();
 368   2          }
 369   1          else if(0==strncmp(buf,"set mt num,",11))    //MCU温度校准点数可设
 370   1          {   if(n!=15)return;
 371   2              data_ram =Sub_Str2Int8u(&buf[11]);
 372   2              if((data_ram>MTEMP_CAL_NUM)||(data_ram<2))return;
 373   2              SetMcuTCalCnt(data_ram);                 
 374   2              Comm_PutStr(buf,13);
 375   2              Sub_SendOk();
 376   2          }        
 377   1          else if(0==strncmp(buf,"samp x,",7))            //X轴校准
 378   1          {   if(n!=17)return;
 379   2              if(Sub_Str2Int32sAng(&data_32s,&buf[7])==FALSE){Sub_SendErr();return;}
 380   2              if(TRUE==Adc_XCalProc(data_32s,GetXOftVal()))   
 381   2              {   Comm_PutStr(&buf[5],10);
 382   3                  Comm_PutChar(',');
 383   3                  Comm_PutInt32u(GetXOftVal());
 384   3                  Sub_SendOk();
 385   3              }
 386   2              else Sub_SendErr();
 387   2          }
 388   1          else if(0==strncmp(buf,"single samp x,",14))    //X轴单点校准     Ang_Xcal.angarr[i]
 389   1          {   if(n!=24)return;
 390   2              if(Sub_Str2Int32sAng(&data_32s,&buf[14])==FALSE){Sub_SendErr();return;}
 391   2              if((GetAngXCalCnt()<1)||(FALSE == AngChkDiff(data_32s,GetXOftVal(),GetAngXCalCnt(),px_ax->angcal->
             -angarr,px_ax->angcal->adcarr))) //
 392   2      
 393   2              {   Sub_SendErr();
 394   3                  return;
 395   3              }
 396   2              Comm_PutStr(&buf[0],22);
 397   2              Comm_PutChar(',');
 398   2              Comm_PutInt32u(GetXOftVal());
 399   2              Sub_SendOk();
 400   2              ACalXId=GetAngXCalCnt();                         //获取X轴校准个数
 401   2              MenuId=MOD_X_CAL;
 402   2              Adc_XCalStop();
 403   2          }
 404   1          else if(0==strncmp(buf,"samp y,",7))        //Y轴校准
 405   1          {   if(n!=17)return;
 406   2              if(Sub_Str2Int32sAng(&data_32s,&buf[7])==FALSE){Sub_SendErr();return;}
 407   2              if(TRUE==Adc_YCalProc(data_32s,GetYOftVal()))    
 408   2              {   Comm_PutStr(&buf[5],10);
 409   3                  Comm_PutChar(',');
 410   3                  Comm_PutInt32u(GetYOftVal());
 411   3                  Sub_SendOk();
 412   3              }
 413   2              else Sub_SendErr();
 414   2          }
 415   1          else if(0==strncmp(buf,"single samp y,",14))    //Y轴单点校准
 416   1          {   if(n!=24)return;
 417   2              if(Sub_Str2Int32sAng(&data_32s,&buf[14])==FALSE){Sub_SendErr();return;}
 418   2              if((GetAngXCalCnt()<1)||(FALSE == AngChkDiff(data_32s,GetYOftVal(),GetAngXCalCnt(),py_ax->angcal->
             -angarr,py_ax->angcal->adcarr)))
 419   2      
 420   2              {   Sub_SendErr();
 421   3                  return;
 422   3              }
C51 COMPILER V9.01   SEND                                                                  06/01/2018 17:39:16 PAGE 8   

 423   2              Comm_PutStr(&buf[0],22);
 424   2              Comm_PutChar(',');
 425   2              Comm_PutInt32u(GetYOftVal());
 426   2      
 427   2              Sub_SendOk();
 428   2              ACalYId=GetAngXCalCnt();    
 429   2              MenuId=MOD_Y_CAL;
 430   2              Adc_YCalStop();
 431   2          }    
 432   1          else if(0==strncmp(buf,"samp mt,",8))    //MCU温度校准       samp mt,00,+05
 433   1          {   if(n!=16)return;
 434   2              if(FALSE==Mcut_CalSamp(Sub_Str2Int8u(&buf[8]),Sub_Str2Int8s(&buf[11]),Get_McuTemp()))                            //HXL 20
             -130701
 435   2              Sub_SendErr();
 436   2          }    
 437   1          else if(0==strncmp(buf,"samp t,",7))    //温度补偿
 438   1          {   if(n!=11)return;
 439   2              if(FALSE==Temp_CalSamp(Sub_Str2Int8u(&buf[7]),Get_McuTemp(),(int32s)GetXFtVal(),(int32s)GetYFtVal(
             -)))
 440   2                       Sub_SendErr();
 441   2          }
 442   1          else if(0==strncmp(buf,"set t ref,",10))   //温补参考点
 443   1          {   if(n!=14)return;
 444   2              if(Temp_CalTRefSet(Sub_Str2Int8u(&buf[10]))==FALSE){Sub_SendErr();return;}    
 445   2              Comm_PutStr(buf,12);
 446   2              Sub_SendOk();
 447   2          }
 448   1          else if(0==strncmp(buf,"set x alarm,",12))
 449   1          {   if(n!=22)return;
 450   2              if(Sub_Str2Int32sAng(&data_32s,&buf[12])==FALSE){Sub_SendErr();return;}
 451   2              SetAngXSet(data_32s);      
 452   2              Comm_PutStr(buf,20);
 453   2              Sub_SendOk();
 454   2          }
 455   1          else if(0==strncmp(buf,"set y alarm,",12))
 456   1          {   if(n!=22)return;
 457   2              if(Sub_Str2Int32sAng(&data_32s,&buf[12])==FALSE){Sub_SendErr();return;}
 458   2              SetAngYSet(data_32s);      
 459   2              Comm_PutStr(buf,20);
 460   2              Sub_SendOk();
 461   2          }
 462   1          else if(0==strncmp(buf,"set p alarm,",12))
 463   1          {   if(n!=22)return;
 464   2              if(Sub_Str2Int32sAng(&data_32s,&buf[12])==FALSE){Sub_SendErr();return;}
 465   2              if(data_32s<0)data_32s = -data_32s;
 466   2              SetAngPSet(data_32s);    
 467   2              Comm_PutStr(buf,20);
 468   2              Sub_SendOk();
 469   2          }
 470   1              else if(0==strncmp(buf,"set alarm,",10))
 471   1          {   if(n!=13)return;
 472   2              if(Sub_StralarmCheck(&data_32s,&buf[10])==FALSE){Sub_SendErr();return;}
 473   2              AlarmHighLow=data_32s;      
 474   2              Comm_PutStr(buf,11);
 475   2              Sub_SendOk();
 476   2          }
 477   1          else if(0==strncmp(buf,"system reset",12))
 478   1          {   if(n!=14)return;
 479   2              Comm_PutStr(buf,12);
 480   2              Sub_SendOk();
 481   2              delay_ms(1000);
 482   2              Sub_SysRst();
C51 COMPILER V9.01   SEND                                                                  06/01/2018 17:39:16 PAGE 9   

 483   2          }
 484   1          else if(0==strncmp(buf,"set baud ",9))//设置UART通信参数
 485   1          {
 486   2              if(n!=12)return;
 487   2              data_8u = buf[9]-'0';
 488   2              if(data_8u>9)return;
 489   2              Braud_Num=data_8u;
 490   2              Comm_PutStr(buf,10);
 491   2              Sub_SendOk();
 492   2              delay_ms(500);
 493   2              SFRPAGE = 0x0F;
 494   2              SBRL0   = -(SYSCLK / Braud[Braud_Num] / 2);//设置波特率   SFRPAGE=0x0F     SBRL0 = -(SYSCLK / BAUD
             -RATE / 2);
 495   2              SFRPAGE = SfrPage_;
 496   2          } 
 497   1      }
 498          //***********************************************************************/
 499          // *功    能：
 500          // *入    口：
 501          // *出    口：
 502          // *备    注：
 503          // *函数性质：
 504          //***********************************************************************/
 505          static void Send_WDeal ( char* buf,int8u n)
 506          {   
 507   1              int32s xdata data_x,data_y;
 508   1          int16u xdata data_t;
 509   1              int8u a;
 510   1      
 511   1          if(0==strncmp(buf,"wr t,",5))//写温度补尝参数
 512   1          {   if(n!=35)return;
 513   2              if(Sub_Str2Int32s(&data_x,&buf[14])==FALSE)   {Sub_SendErr();return;}
 514   2              if(Sub_Str2Int32s(&data_y,&buf[24])==FALSE)   {Sub_SendErr();return;}
 515   2              if(Sub_Str2Int16u(&data_t,&buf[8])==FALSE)        {Sub_SendErr();return;}
 516   2                      a = Sub_Str2Int8u(&buf[5]);
 517   2                      if(a<TEMP_CAL_NUM)
 518   2                      {
 519   3                              Temp_CalValWr(a,data_t,data_x,data_y);
 520   3                              Comm_PutStr(buf,33);
 521   3                              Sub_SendOk();
 522   3                              return;
 523   3              }
 524   2              else Sub_SendErr();
 525   2          }
 526   1          else if(0==strncmp(buf,"wr sn,",6))//写产品编号
 527   1          {   if(n!=(SystemVerNum+8))
 528   2              {   Sub_SendErr();
 529   3                  return;
 530   3              }
 531   2              strncpy(SystemVer,&buf[6],SystemVerNum);
 532   2              Comm_PutStr(buf,(SystemVerNum+6));
 533   2              Sub_SendOk();
 534   2          }
 535   1      }
 536          //***********************************************************************/
 537          // *功    能：
 538          // *入    口：
 539          // *出    口：
 540          // *备    注：
 541          // *函数性质：
 542          //***********************************************************************/
 543          static void Send_UDeal( char* buf,int8u n)
C51 COMPILER V9.01   SEND                                                                  06/01/2018 17:39:16 PAGE 10  

 544          {
 545   1          if(0==strncmp(buf,"update flash sys",16))
 546   1          {
 547   2      
 548   2              if(n!=18)return;
 549   2              Flash_CalDataUpdate();//保存一次数据
 550   2              Comm_PutStr(buf,16);
 551   2              Sub_SendOk();
 552   2      
 553   2          }
 554   1          else if(0==strncmp(buf,"update flash ",12))
 555   1          {
 556   2              if(n!=14)return;
 557   2              Flash_UserDataUpdate();
 558   2              Comm_PutStr(buf,12);
 559   2              Sub_SendOk();
 560   2          }
 561   1      
 562   1          else Sub_SendErr();
 563   1      }
 564          
 565          
 566          
 567          //***********************************************************************/
 568          // *功    能：
 569          // *入    口：
 570          // *出    口：
 571          // *备    注：
 572          // *函数性质：
 573          //***********************************************************************/
 574          static void Send_TDeal( char* buf,int8u n)
 575          {
 576   1          if(0==strncmp(buf,"t cal test",10))
 577   1          {   if(n!=12)return;
 578   2              Sub_SendTCalTest();
 579   2          }
 580   1      }
 581          
 582          //***********************************************************************/


MODULE INFORMATION:   STATIC OVERLAYABLE
   CODE SIZE        =   4405    ----
   CONSTANT SIZE    =    632    ----
   XDATA SIZE       =    204      18
   PDATA SIZE       =   ----    ----
   DATA SIZE        =      7      22
   IDATA SIZE       =   ----    ----
   BIT SIZE         =   ----    ----
END OF MODULE INFORMATION.


C51 COMPILATION COMPLETE.  0 WARNING(S),  0 ERROR(S)
