BL51 BANKED LINKER/LOCATER V6.22                                                        11/16/2017  16:51:53  PAGE 1


BL51 BANKED LINKER/LOCATER V6.22, INVOKED BY:
C:\KEIL\C51\BIN\BL51.EXE .\obj\STARTUP.obj, .\obj\AD7176.obj, .\obj\AdcDrv.obj, .\obj\AngApp.obj, .\obj\Calibration.obj,
>>  .\obj\CalMcuT.obj, .\obj\CmdSub.obj, .\obj\Comm.obj, .\obj\Delay.obj, .\obj\Filter.obj, .\obj\Flash.obj, .\obj\Init.
>> obj, .\obj\main.obj, .\obj\ModBusCrc.obj, .\obj\ModBusRtu.obj, .\obj\Send.obj, .\obj\Sensor.obj, .\obj\SPI.obj, .\obj
>> \Sub.obj, .\obj\Timer.obj, .\obj\Int0.obj, .\obj\Key.obj TO .\obj\test PRINT (.\list\test.m51) RAMSIZE (256)


MEMORY MODEL: SMALL WITH FLOATING POINT ARITHMETIC


INPUT MODULES INCLUDED:
  .\obj\STARTUP.obj (?C_STARTUP)
  .\obj\AD7176.obj (AD7176)
  .\obj\AdcDrv.obj (ADCDRV)
  .\obj\AngApp.obj (ANGAPP)
  .\obj\Calibration.obj (CALIBRATION)
  .\obj\CalMcuT.obj (CALMCUT)
  .\obj\CmdSub.obj (CMDSUB)
  .\obj\Comm.obj (COMM)
  .\obj\Delay.obj (DELAY)
  .\obj\Filter.obj (FILTER)
  .\obj\Flash.obj (FLASH)
  .\obj\Init.obj (INIT)
  .\obj\main.obj (MAIN)
  .\obj\ModBusCrc.obj (MODBUSCRC)
  .\obj\ModBusRtu.obj (MODBUSRTU)
  .\obj\Send.obj (SEND)
  .\obj\Sensor.obj (SENSOR)
  .\obj\SPI.obj (SPI)
  .\obj\Sub.obj (SUB)
  .\obj\Timer.obj (TIMER)
  .\obj\Int0.obj (INT0)
  .\obj\Key.obj (KEY)
  C:\KEIL\C51\LIB\C51FPS.LIB (?C?FPADD)
  C:\KEIL\C51\LIB\C51FPS.LIB (?C?FPMUL)
  C:\KEIL\C51\LIB\C51FPS.LIB (?C?FPDIV)
  C:\KEIL\C51\LIB\C51FPS.LIB (?C?FPCMP)
  C:\KEIL\C51\LIB\C51FPS.LIB (?C?FCAST)
  C:\KEIL\C51\LIB\C51FPS.LIB (?C?CASTF)
  C:\KEIL\C51\LIB\C51FPS.LIB (SQRT)
  C:\KEIL\C51\LIB\C51FPS.LIB (SIN)
  C:\KEIL\C51\LIB\C51FPS.LIB (ASIN)
  C:\KEIL\C51\LIB\C51FPS.LIB (?C?FPGETOPN)
  C:\KEIL\C51\LIB\C51FPS.LIB (?C?FPSERIES)
  C:\KEIL\C51\LIB\C51FPS.LIB (ATAN)
  C:\KEIL\C51\LIB\C51S.LIB (?C_INIT)
  C:\KEIL\C51\LIB\C51S.LIB (?C?COPY)
  C:\KEIL\C51\LIB\C51S.LIB (?C?CLDPTR)
  C:\KEIL\C51\LIB\C51S.LIB (?C?CLDOPTR)
  C:\KEIL\C51\LIB\C51S.LIB (?C?CILDPTR)
  C:\KEIL\C51\LIB\C51S.LIB (?C?CSTPTR)
  C:\KEIL\C51\LIB\C51S.LIB (?C?CSTOPTR)
  C:\KEIL\C51\LIB\C51S.LIB (?C?IMUL)
  C:\KEIL\C51\LIB\C51S.LIB (?C?UIDIV)
  C:\KEIL\C51\LIB\C51S.LIB (?C?SIDIV)
  C:\KEIL\C51\LIB\C51S.LIB (?C?IILDX)
  C:\KEIL\C51\LIB\C51S.LIB (?C?ILDPTR)
  C:\KEIL\C51\LIB\C51S.LIB (?C?ILDOPTR)
BL51 BANKED LINKER/LOCATER V6.22                                                      11/16/2017  16:51:53  PAGE 2


  C:\KEIL\C51\LIB\C51S.LIB (?C?IILDPTR)
  C:\KEIL\C51\LIB\C51S.LIB (?C?IILDOPTR)
  C:\KEIL\C51\LIB\C51S.LIB (?C?ISTPTR)
  C:\KEIL\C51\LIB\C51S.LIB (?C?ISTOPTR)
  C:\KEIL\C51\LIB\C51S.LIB (?C?LADD)
  C:\KEIL\C51\LIB\C51S.LIB (?C?LSUB)
  C:\KEIL\C51\LIB\C51S.LIB (?C?LMUL)
  C:\KEIL\C51\LIB\C51S.LIB (?C?ULDIV)
  C:\KEIL\C51\LIB\C51S.LIB (?C?SLDIV)
  C:\KEIL\C51\LIB\C51S.LIB (?C?LOR)
  C:\KEIL\C51\LIB\C51S.LIB (?C?LNEG)
  C:\KEIL\C51\LIB\C51S.LIB (?C?SLCMP)
  C:\KEIL\C51\LIB\C51S.LIB (?C?ULCMP)
  C:\KEIL\C51\LIB\C51S.LIB (?C?ULSHR)
  C:\KEIL\C51\LIB\C51S.LIB (?C?SLSHR)
  C:\KEIL\C51\LIB\C51S.LIB (?C?LSHL)
  C:\KEIL\C51\LIB\C51S.LIB (?C?LLDPTR)
  C:\KEIL\C51\LIB\C51S.LIB (?C?LLDOPTR)
  C:\KEIL\C51\LIB\C51S.LIB (?C?LSTPTR)
  C:\KEIL\C51\LIB\C51S.LIB (?C?LSTOPTR)
  C:\KEIL\C51\LIB\C51S.LIB (?C?LLDIDATA)
  C:\KEIL\C51\LIB\C51S.LIB (?C?LLDXDATA)
  C:\KEIL\C51\LIB\C51S.LIB (?C?LLDCODE)
  C:\KEIL\C51\LIB\C51S.LIB (?C?LLDIDATA0)
  C:\KEIL\C51\LIB\C51S.LIB (?C?LLDXDATA0)
  C:\KEIL\C51\LIB\C51S.LIB (?C?LLDCODE0)
  C:\KEIL\C51\LIB\C51S.LIB (?C?LLDOPTR0)
  C:\KEIL\C51\LIB\C51S.LIB (?C?LSTIDATA)
  C:\KEIL\C51\LIB\C51S.LIB (?C?LSTXDATA)
  C:\KEIL\C51\LIB\C51S.LIB (?C?LSTKIDATA)
  C:\KEIL\C51\LIB\C51S.LIB (?C?LSTKXDATA)
  C:\KEIL\C51\LIB\C51S.LIB (?C?LSTKPTR)
  C:\KEIL\C51\LIB\C51S.LIB (?C?LSTKOPTR)
  C:\KEIL\C51\LIB\C51S.LIB (?C?OFFXADD)
  C:\KEIL\C51\LIB\C51S.LIB (?C?PLDIDATA)
  C:\KEIL\C51\LIB\C51S.LIB (?C?PLDIIDATA)
  C:\KEIL\C51\LIB\C51S.LIB (?C?PSTIDATA)
  C:\KEIL\C51\LIB\C51S.LIB (?C?PLDXDATA)
  C:\KEIL\C51\LIB\C51S.LIB (?C?PSTXDATA)
  C:\KEIL\C51\LIB\C51S.LIB (?C?PLDOPTR)
  C:\KEIL\C51\LIB\C51S.LIB (?C?PLDIOPTR)
  C:\KEIL\C51\LIB\C51S.LIB (?C?PSTOPTR)
  C:\KEIL\C51\LIB\C51S.LIB (?C?CCASE)
  C:\KEIL\C51\LIB\C51S.LIB (?C?ICASE)
  C:\KEIL\C51\LIB\C51S.LIB (?C?ICALL)
  C:\KEIL\C51\LIB\C51S.LIB (?C_IBP)
  C:\KEIL\C51\LIB\C51S.LIB (?C?LIMUL)
  C:\KEIL\C51\LIB\C51S.LIB (STRNCMP)
  C:\KEIL\C51\LIB\C51S.LIB (STRNCPY)
  C:\KEIL\C51\LIB\C51S.LIB (?C?LLDPDATA)
  C:\KEIL\C51\LIB\C51S.LIB (?C?LLDPDATA0)
  C:\KEIL\C51\LIB\C51S.LIB (?C?LSTPDATA)
  C:\KEIL\C51\LIB\C51S.LIB (?C?LSTKPDATA)
  C:\KEIL\C51\LIB\C51S.LIB (?C?PLDIXDATA)
  C:\KEIL\C51\LIB\C51S.LIB (?C?PLDPDATA)
  C:\KEIL\C51\LIB\C51S.LIB (?C?PLDIPDATA)
  C:\KEIL\C51\LIB\C51S.LIB (?C?PSTPDATA)
BL51 BANKED LINKER/LOCATER V6.22                                                      11/16/2017  16:51:53  PAGE 3


  C:\KEIL\C51\LIB\C51S.LIB (?C?PLDCODE)


LINK MAP OF MODULE:  .\obj\test (?C_STARTUP)


            TYPE    BASE      LENGTH    RELOCATION   SEGMENT NAME
            -----------------------------------------------------

            * * * * * * *   D A T A   M E M O R Y   * * * * * * *
            REG     0000H     0008H     ABSOLUTE     "REG BANK 0"
            DATA    0008H     0007H     UNIT         ?DT?SEND
            DATA    000FH     0004H     UNIT         ?DT?CMDSUB
            DATA    0013H     0002H     UNIT         ?DT?CALMCUT
            DATA    0015H     0002H     UNIT         ?DT?INT0
            DATA    0017H     0001H     UNIT         ?DT?TIMER
            DATA    0018H     0001H     UNIT         ?C?LIB_DATA
            IDATA   0019H     0002H     UNIT         ?ID?ADCDRV
                    001BH     0005H                  *** GAP ***
            BIT     0020H.0   0000H.2   UNIT         ?BI?COMM
            BIT     0020H.2   0000H.2   UNIT         _BIT_GROUP_
                    0020H.4   0000H.4                *** GAP ***
            DATA    0021H     003DH     UNIT         _DATA_GROUP_
            IDATA   005EH     0001H     UNIT         ?STACK

            * * * * * * *  X D A T A   M E M O R Y  * * * * * * *
            XDATA   0000H     0568H     UNIT         ?XD?CALIBRATION
            XDATA   0568H     0200H     UNIT         ?XD?FLASH
            XDATA   0768H     01E5H     UNIT         ?XD?AD7176
            XDATA   094DH     01A6H     UNIT         ?XD?COMM
            XDATA   0AF3H     00F1H     UNIT         ?XD?CALMCUT
            XDATA   0BE4H     00CCH     UNIT         ?XD?SEND
            XDATA   0CB0H     004DH     UNIT         ?XD?SENSOR
            XDATA   0CFDH     0038H     UNIT         ?XD?ANGAPP
            XDATA   0D35H     001CH     UNIT         ?XD?CMDSUB
            XDATA   0D51H     001AH     UNIT         _XDATA_GROUP_
            XDATA   0D6BH     000FH     UNIT         ?XD?MODBUSRTU
            XDATA   0D7AH     0008H     UNIT         ?XD?MAIN
            XDATA   0D82H     0007H     UNIT         ?XD?TIMER
            XDATA   0D89H     0001H     UNIT         ?XD?KEY

            * * * * * * *   C O D E   M E M O R Y   * * * * * * *
            CODE    0000H     0003H     ABSOLUTE     
            CODE    0003H     0003H     ABSOLUTE     
            CODE    0006H     001DH     UNIT         ?PR?COMM_TIMERPROC?COMM
            CODE    0023H     0003H     ABSOLUTE     
            CODE    0026H     0005H     UNIT         ?PR?DELAYXUS?DELAY
            CODE    002BH     0003H     ABSOLUTE     
            CODE    002EH     0CFBH     UNIT         ?PR?_MODRTU_RDVAL?MODBUSRTU
            CODE    0D29H     0CF7H     UNIT         ?C?LIB_CODE
            CODE    1A20H     09DDH     UNIT         ?PR?_SEND_SDEAL?SEND
            CODE    23FDH     08C7H     UNIT         ?PR?_MODRTU_WRVAL?MODBUSRTU
            CODE    2CC4H     0334H     UNIT         ?PR?_RAM_CALDATA2BUF?FLASH
            CODE    2FF8H     02D5H     UNIT         ?PR?_RAM_BUF2CALDATA?FLASH
            CODE    32CDH     0278H     UNIT         ?CO?SEND
            CODE    3545H     026FH     UNIT         ?PR?_SEND_CDEAL?SEND
            CODE    37B4H     0226H     UNIT         ?PR?_SEND_RDEAL?SEND
BL51 BANKED LINKER/LOCATER V6.22                                                      11/16/2017  16:51:53  PAGE 4


            CODE    39DAH     0200H     UNIT         ?CO?MODBUSCRC
            CODE    3BDAH     01D6H     UNIT         ?PR?_SUB_STR2INT32SANG?SUB
            CODE    3DB0H     01D1H     UNIT         ?PR?_SUB_INT32U2STR?SUB
            CODE    3F81H     01C4H     UNIT         ?PR?_ANG_CALCPRM?CALIBRATION
            CODE    4145H     019FH     UNIT         ?PR?_SUB_INT32S2STR?SUB
            CODE    42E4H     019DH     UNIT         ?PR?_SUB_STR2INT32S?SUB
            CODE    4481H     0186H     UNIT         ?PR?_MCUT_CALCPRM?CALMCUT
            CODE    4607H     0176H     UNIT         ?PR?_TEMP_CALCPRM?CALIBRATION
            CODE    477DH     016EH     UNIT         ?PR?SIN?SIN
            CODE    48EBH     013DH     UNIT         ?PR?ANGCALDATAINIT?CALIBRATION
            CODE    4A28H     0135H     UNIT         ?PR?SEND_TIMEPROC?SEND
            CODE    4B5DH     012EH     UNIT         ?PR?_MODRTU_WRREG?MODBUSRTU
            CODE    4C8BH     0128H     UNIT         ?PR?ATAN?ATAN
            CODE    4DB3H     0121H     UNIT         ?PR?_?SLIDEWINFILTER?FILTER
            CODE    4ED4H     011FH     UNIT         ?PR?_MODRTU_RDREG?MODBUSRTU
            CODE    4FF3H     011EH     UNIT         ?PR?_SEND_WDEAL?SEND
            CODE    5111H     011DH     UNIT         ?PR?_TEMP_CALTREFSET?CMDSUB
            CODE    522EH     0110H     UNIT         ?PR?MTCALDATAINIT?CALMCUT
            CODE    533EH     010DH     UNIT         ?PR?_PANGCALC?ANGAPP
            CODE    544BH     0105H     UNIT         ?PR?FLASH_CALDATAINIT?FLASH
            CODE    5550H     00F8H     UNIT         ?PR?_ADC_XCALPROC?CMDSUB
            CODE    5648H     00F8H     UNIT         ?PR?_ADC_YCALPROC?CMDSUB
            CODE    5740H     00E8H     UNIT         ?PR?AD7176_INMAINPROC?AD7176
            CODE    5828H     00E8H     UNIT         ?PR?_GETOFFSET?SENSOR
            CODE    5910H     00E4H     UNIT         ?PR?CALIBINIT?CALIBRATION
            CODE    59F4H     00D9H     UNIT         ?PR?_GETANGCALCVAL?SENSOR
            CODE    5ACDH     00D0H     UNIT         ?PR?_SUB_STR2INT16U?SUB
            CODE    5B9DH     00BAH     UNIT         ?PR?_ADCFILTER?AD7176
            CODE    5C57H     00B4H     UNIT         ?PR?_GETMT?CALMCUT
            CODE    5D0BH     00B3H     UNIT         ?PR?AD7176_INIT?AD7176
            CODE    5DBEH     00B0H     UNIT         ?PR?_SUB_INT16U2STR?SUB
            CODE    5E6EH     00ABH     UNIT         ?PR?_SUB_SENDTEMPCAL?SUB
            CODE    5F19H     00AAH     UNIT         ?PR?SQRT?SQRT
            CODE    5FC3H     00A6H     UNIT         ?PR?SNPROC?SENSOR
            CODE    6069H     00A5H     UNIT         ?PR?_COMM_GETTXCHAR?COMM
            CODE    610EH     00A4H     UNIT         ?PR?_COMM_GETCHAR?COMM
            CODE    61B2H     00A4H     UNIT         ?PR?_SNFILTER?SENSOR
            CODE    6256H     00A3H     UNIT         ?PR?TIMER2_ISR?TIMER
            CODE    62F9H     00A2H     UNIT         ?PR?_ANG_CALC?SENSOR
            CODE    639BH     009EH     UNIT         ?PR?_TEMP_CALSAMP?CMDSUB
            CODE    6439H     0099H     UNIT         ?PR?ANGINIT?ANGAPP
            CODE    64D2H     008FH     UNIT         ?PR?COMM_SOFTWAREINIT?COMM
            CODE    6561H     008EH     UNIT         ?PR?_FLOATTOINT?MODBUSRTU
            CODE    65EFH     008CH     UNIT         ?C_C51STARTUP
            CODE    667BH     008CH     UNIT         ?PR?_COMM_PUTCHAR?COMM
            CODE    6707H     0087H     UNIT         ?PR?ADC_XCALSTOP?CMDSUB
            CODE    678EH     0087H     UNIT         ?PR?ADC_YCALSTOP?CMDSUB
            CODE    6815H     0087H     UNIT         ?PR?_SENSORSPI_WRITE?SPI
            CODE    689CH     0084H     UNIT         ?PR?_COMM_PUTRXCHAR?COMM
            CODE    6920H     007EH     UNIT         ?PR?_SUB_BUFBUBBLE16S?SUB
            CODE    699EH     007CH     UNIT         ?PR?_SUB_BUFBUBBLE?SUB
            CODE    6A1AH     0079H     UNIT         ?PR?_SUB_BUFBUBBLE2?SUB
            CODE    6A93H     0076H     UNIT         ?PR?SUB_SENDPRMTALL?SUB
            CODE    6B09H     0075H     UNIT         ?PR?AD7176_INTPROC?AD7176
            CODE    6B7EH     0072H     UNIT         ?PR?COMM_ISR?COMM
            CODE    6BF0H     0070H     UNIT         ?PR?TEMPSORTANDCALCPRM?CMDSUB
            CODE    6C60H     006FH     UNIT         ?PR?_STRNCMP?STRNCMP
BL51 BANKED LINKER/LOCATER V6.22                                                      11/16/2017  16:51:53  PAGE 5


            CODE    6CCFH     006EH     UNIT         ?PR?SNINIT?SENSOR
            CODE    6D3DH     006DH     UNIT         ?PR?TEMPCALDATAINIT?CALIBRATION
            CODE    6DAAH     006CH     UNIT         ?PR?_SN_DATAINIT?SENSOR
            CODE    6E16H     0065H     UNIT         ?PR?_AD7176_WRREGVAL?AD7176
            CODE    6E7BH     0065H     UNIT         ?PR?_FLASH_BUFWR?FLASH
            CODE    6EE0H     0065H     UNIT         ?PR?_SEND_UDEAL?SEND
            CODE    6F45H     0063H     UNIT         ?PR?_ANGCHKDIFF?CMDSUB
            CODE    6FA8H     0063H     UNIT         ?PR?SUB_SENDTCALTEST?SUB
            CODE    700BH     0061H     UNIT         ?PR?_FILTER_1ST?FILTER
            CODE    706CH     005EH     UNIT         ?PR?ADCENTITYINIT?AD7176
            CODE    70CAH     005DH     UNIT         ?PR?_SUB_UBUFSWITCH?SUB
            CODE    7127H     005CH     UNIT         ?CO?SUB
            CODE    7183H     005BH     UNIT         ?PR?_SUB_SBUFSWITCH?SUB
            CODE    71DEH     0059H     UNIT         ?PR?_MODBUSCRCCNT?MODBUSCRC
            CODE    7237H     0057H     UNIT         ?PR?_FLASH_BUFRD?FLASH
            CODE    728EH     0057H     UNIT         ?PR?_SUB_16SBUFSWITCH?SUB
            CODE    72E5H     0056H     UNIT         ?PR?FLASHAREA_USER?FLASH
            CODE    733BH     0055H     UNIT         ?PR?_FLASH_CALDATAUPDATE_USER?FLASH
            CODE    7390H     0054H     UNIT         ?PR?_SUB_SENDANGXCAL?SUB
            CODE    73E4H     0053H     UNIT         ?PR?_?VALINRANGE?FILTER
            CODE    7437H     0053H     UNIT         ?PR?_MODRTU_RLYERROR?MODBUSRTU
            CODE    748AH     0052H     UNIT         ?PR?_SUB_32UBUFSWITCH?SUB
            CODE    74DCH     0052H     UNIT         ?PR?_STRNCPY?STRNCPY
            CODE    752EH     0050H     UNIT         ?PR?_AD7176_INTMODECONFIG?AD7176
            CODE    757EH     0050H     UNIT         ?PR?RAM_CALDATAINIT_USER?FLASH
            CODE    75CEH     004FH     UNIT         ?PR?SUB_SENDANGXYP?SUB
            CODE    761DH     004EH     UNIT         ?PR?_SPI_READ?SPI
            CODE    766BH     0049H     UNIT         ?PR?_MCUT_CALVALWR?CALMCUT
            CODE    76B4H     0048H     UNIT         ?PR?_SUB_SENDADCTXY?SUB
            CODE    76FCH     0045H     UNIT         ?PR?_FLASHUPDATE?FLASH
            CODE    7741H     0044H     UNIT         ?PR?GETXANGALLSETVAL?ANGAPP
            CODE    7785H     0044H     UNIT         ?PR?GETYANGALLSETVAL?ANGAPP
            CODE    77C9H     0044H     UNIT         ?C?LDIV
            CODE    780DH     0043H     UNIT         ?PR?FLASH_CALDATAUPDATE?FLASH
            CODE    7850H     0043H     UNIT         ?PR?INT0_ISR?INT0
            CODE    7893H     0041H     UNIT         ?PR?_COMM_PUTINT32SAD?SUB
            CODE    78D4H     0041H     UNIT         ?PR?_SUB_SENDANGYCAL?SUB
            CODE    7915H     0040H     UNIT         ?PR?CALIBMTINIT?CALMCUT
            CODE    7955H     0040H     UNIT         ?PR?_SUB_STR2INT8U?SUB
            CODE    7995H     003FH     UNIT         ?PR?_TEMP_CALVALWR?CMDSUB
            CODE    79D4H     003EH     UNIT         ?PR?MCUTCALCPRM?CALMCUT
            CODE    7A12H     003CH     UNIT         ?PR?_MODRTU_RXPROC?MODBUSRTU
            CODE    7A4EH     003CH     UNIT         ?PR?SUB_SENDID?SUB
            CODE    7A8AH     003BH     UNIT         ?PR?_AD7176_FILTERCONFIG?AD7176
            CODE    7AC5H     003BH     UNIT         ?PR?TIMER2_INIT?TIMER
            CODE    7B00H     003BH     UNIT         ?PR?ASIN?ASIN
            CODE    7B3BH     0039H     UNIT         ?PR?INIT_SYSTEMPARA?INIT
            CODE    7B74H     0037H     UNIT         ?PR?_FLASH_CHECKSUM?FLASH
            CODE    7BABH     0036H     UNIT         ?PR?TIMER2_TASKINISR?TIMER
            CODE    7BE1H     0034H     UNIT         ?PR?_AD7176_CHANNELCONFIG?AD7176
            CODE    7C15H     0034H     UNIT         ?PR?MAIN?MAIN
            CODE    7C49H     0034H     UNIT         ?PR?_COMM_PUTINT16S?SUB
            CODE    7C7DH     0033H     UNIT         ?PR?_MODRTU_SETZERO?MODBUSRTU
            CODE    7CB0H     0033H     UNIT         ?PR?SUB_SENDANGXY?SUB
            CODE    7CE3H     0032H     UNIT         ?PR?_AD7176_ADCMODECONFIG?AD7176
            CODE    7D15H     002FH     UNIT         ?PR?_SUB_SENDMCUT?SUB
            CODE    7D44H     002FH     UNIT         ?PR?_SUB_STRALARMCHECK?SUB
BL51 BANKED LINKER/LOCATER V6.22                                                      11/16/2017  16:51:53  PAGE 6


            CODE    7D73H     002EH     UNIT         ?PR?GETANGP?ANGAPP
            CODE    7DA1H     002EH     UNIT         ?PR?_SUB_STR2INT8S?SUB
            CODE    7DCFH     002DH     UNIT         ?PR?INIT_ALL?INIT
            CODE    7DFCH     0029H     UNIT         ?PR?_FLASH_PAGEERASE?FLASH
            CODE    7E25H     0028H     UNIT         ?PR?_MODRTU_WRADDR?MODBUSRTU
            CODE    7E4DH     0025H     UNIT         ?PR?_MODRTU_WRBAUD?MODBUSRTU
            CODE    7E72H     0024H     UNIT         ?PR?_SETANGZERO?ANGAPP
            CODE    7E96H     0023H     UNIT         ?PR?INIT_SAMAD?AD7176
            CODE    7EB9H     0023H     UNIT         ?PR?AD7176_RESET?AD7176
            CODE    7EDCH     0023H     UNIT         ?PR?_AD7176_SETUPCONFIG?AD7176
            CODE    7EFFH     0022H     UNIT         ?C_INITSEG
            CODE    7F21H     0022H     UNIT         ?PR?_SUB_INT16S2STR?SUB
            CODE    7F43H     0021H     UNIT         ?PR?_COMM_PUTSTR?COMM
            CODE    7F64H     0021H     UNIT         ?PR?_MODRTU_WR16U?MODBUSRTU
            CODE    7F85H     0020H     UNIT         ?PR?PORTINIT?INIT
            CODE    7FA5H     0020H     UNIT         ?PR?_SEND_TDEAL?SEND
            CODE    7FC5H     0020H     UNIT         ?PR?_SUB_INT8U2STR?SUB
            CODE    7FE5H     001EH     UNIT         ?PR?_SETANGZEROADD?ANGAPP
            CODE    8003H     001EH     UNIT         ?PR?_MCUT_CALSAMP?CALMCUT
            CODE    8021H     001EH     UNIT         ?PR?COMM_HARDWAREINIT?COMM
            CODE    803FH     001CH     UNIT         ?PR?_SPI_WRITE_INT?SPI
            CODE    805BH     001CH     UNIT         ?PR?_COMM_PUTINT16U?SUB
            CODE    8077H     001CH     UNIT         ?PR?SUB_SENDSYSNUM?SUB
            CODE    8093H     001BH     UNIT         ?PR?SNXDATAINIT?SENSOR
            CODE    80AEH     001BH     UNIT         ?PR?SNYDATAINIT?SENSOR
            CODE    80C9H     001AH     UNIT         ?PR?_SPI_WRITE?SPI
            CODE    80E3H     0019H     UNIT         ?PR?SYS_CLKINIT?INIT
            CODE    80FCH     0018H     UNIT         ?PR?_SETTEMPYCALTEMPVAL?CALIBRATION
            CODE    8114H     0018H     UNIT         ?PR?_DELAY_MS?DELAY
            CODE    812CH     0018H     UNIT         ?PR?FLASH_USERDATAUPDATE?FLASH
            CODE    8144H     0017H     UNIT         ?PR?_TEMP_RDTEMPVAL?CALIBRATION
            CODE    815BH     0017H     UNIT         ?PR?_TEMP_WRTEMPVAL?CALIBRATION
            CODE    8172H     0017H     UNIT         ?PR?_MCUT_RDADCVAL?CALMCUT
            CODE    8189H     0017H     UNIT         ?PR?_MCUT_WRADCVAL?CALMCUT
            CODE    81A0H     0017H     UNIT         ?PR?ADC_XCALSTA?CMDSUB
            CODE    81B7H     0017H     UNIT         ?PR?ADC_YCALSTA?CMDSUB
            CODE    81CEH     0016H     UNIT         ?PR?TEMP_CALSTOP?CMDSUB
            CODE    81E4H     0016H     UNIT         ?PR?_MODRTU_CHKCRC?MODBUSRTU
            CODE    81FAH     0016H     UNIT         ?PR?_COMM_PUTINT8U?SUB
            CODE    8210H     0015H     UNIT         ?PR?_SETTEMPXCALTEMPVAL?CALIBRATION
            CODE    8225H     0015H     UNIT         ?PR?_SETMCUTCALTEMPVAL?CALMCUT
            CODE    823AH     0015H     UNIT         ?PR?_SETMCUTCALADCVAL?CALMCUT
            CODE    824FH     0014H     UNIT         ?PR?_COMM_PUTINT32S?SUB
            CODE    8263H     0014H     UNIT         ?PR?_COMM_PUTINT32U?SUB
            CODE    8277H     0012H     UNIT         ?PR?_AD7176_OFFSETCONFIG?AD7176
            CODE    8289H     0012H     UNIT         ?PR?_AD7176_GAINCONFIG?AD7176
            CODE    829BH     0012H     UNIT         ?PR?TEMP_CALSTA?CMDSUB
            CODE    82ADH     0012H     UNIT         ?PR?TIMER2_TASKINMAIN?TIMER
            CODE    82BFH     0012H     UNIT         ?PR?INT0_INIT?INT0
            CODE    82D1H     0011H     UNIT         ?PR?_MCUT_RDTEMPVAL?CALMCUT
            CODE    82E2H     0011H     UNIT         ?PR?_MCUT_WRTEMPVAL?CALMCUT
            CODE    82F3H     0011H     UNIT         ?PR?SPI_INIT?SPI
            CODE    8304H     0011H     UNIT         ?PR?SUB_SENDOK?SUB
            CODE    8315H     0011H     UNIT         ?PR?SUB_SENDERR?SUB
            CODE    8326H     0011H     UNIT         ?PR?SUB_SENDSOFTVER?SUB
            CODE    8337H     000EH     UNIT         ?PR?_TEMP_RDADCVAL?CALIBRATION
            CODE    8345H     000EH     UNIT         ?PR?_TEMP_WRADCVAL?CALIBRATION
BL51 BANKED LINKER/LOCATER V6.22                                                      11/16/2017  16:51:53  PAGE 7


            CODE    8353H     000EH     UNIT         ?PR?_ANG_RDANGVAL?CALIBRATION
            CODE    8361H     000EH     UNIT         ?PR?_ANG_RDADCVAL?CALIBRATION
            CODE    836FH     000EH     UNIT         ?PR?_ANG_WRANGVAL?CALIBRATION
            CODE    837DH     000EH     UNIT         ?PR?_ANG_WRADCVAL?CALIBRATION
            CODE    838BH     000EH     UNIT         ?PR?DELAY_100US?DELAY
            CODE    8399H     000EH     UNIT         ?PR?FLASHCHK?FLASH
            CODE    83A7H     000DH     UNIT         ?CO?AD7176
            CODE    83B4H     000DH     UNIT         ?PR?_MODRTU_RD16U?MODBUSRTU
            CODE    83C1H     000DH     UNIT         ?PR?COMM_PUTNEWLINESTA?SUB
            CODE    83CEH     000CH     UNIT         ?PR?_GETTEMPXCALTEMPVAL?CALIBRATION
            CODE    83DAH     000CH     UNIT         ?PR?_GETANGXCALANGVAL?CALIBRATION
            CODE    83E6H     000CH     UNIT         ?PR?_GETTEMPYCALTEMPVAL?CALIBRATION
            CODE    83F2H     000CH     UNIT         ?PR?_GETANGYCALANGVAL?CALIBRATION
            CODE    83FEH     000CH     UNIT         ?PR?_GETTEMPXCALADCVAL?CALIBRATION
            CODE    840AH     000CH     UNIT         ?PR?_GETANGXCALADCVAL?CALIBRATION
            CODE    8416H     000CH     UNIT         ?PR?_GETTEMPYCALADCVAL?CALIBRATION
            CODE    8422H     000CH     UNIT         ?PR?_GETANGYCALADCVAL?CALIBRATION
            CODE    842EH     000CH     UNIT         ?PR?_SETANGXCALANGVAL?CALIBRATION
            CODE    843AH     000CH     UNIT         ?PR?_SETANGYCALANGVAL?CALIBRATION
            CODE    8446H     000CH     UNIT         ?PR?_SETTEMPXCALADCVAL?CALIBRATION
            CODE    8452H     000CH     UNIT         ?PR?_SETANGXCALADCVAL?CALIBRATION
            CODE    845EH     000CH     UNIT         ?PR?_SETTEMPYCALADCVAL?CALIBRATION
            CODE    846AH     000CH     UNIT         ?PR?_SETANGYCALADCVAL?CALIBRATION
            CODE    8476H     000CH     UNIT         ?PR?_GETMCUTCALTEMPVAL?CALMCUT
            CODE    8482H     000CH     UNIT         ?PR?_GETMCUTCALADCVAL?CALMCUT
            CODE    848EH     000CH     UNIT         ?PR?_MODRTU_8TO16?MODBUSRTU
            CODE    849AH     000CH     UNIT         ?PR?_SNXFILTER?SENSOR
            CODE    84A6H     000CH     UNIT         ?PR?_SNYFILTER?SENSOR
            CODE    84B2H     000BH     UNIT         ?PR?_SETTEMPXCALCNT?CALIBRATION
            CODE    84BDH     000BH     UNIT         ?PR?_SETANGXCALCNT?CALIBRATION
            CODE    84C8H     000BH     UNIT         ?PR?_SETTEMPYCALCNT?CALIBRATION
            CODE    84D3H     000BH     UNIT         ?PR?_SETANGYCALCNT?CALIBRATION
            CODE    84DEH     000BH     UNIT         ?PR?_SETMCUTCALCNT?CALMCUT
            CODE    84E9H     000BH     UNIT         ?PR?_DELAY_CYC?DELAY
            CODE    84F4H     000BH     UNIT         ?PR?_MODRTU_WRCRC?MODBUSRTU
            CODE    84FFH     000BH     UNIT         ?PR?SUB_SYSRST?SUB
            CODE    850AH     000AH     UNIT         ?PR?COMM_TIMERINIT?COMM
            CODE    8514H     000AH     UNIT         ?PR?COMM_PUTNEWLINE?SUB
            CODE    851EH     0009H     UNIT         ?PR?TEMPXCALCPRM?CALIBRATION
            CODE    8527H     0009H     UNIT         ?PR?TEMPYCALCPRM?CALIBRATION
            CODE    8530H     0009H     UNIT         ?PR?ANGXCALCPRM?CALIBRATION
            CODE    8539H     0009H     UNIT         ?PR?ANGYCALCPRM?CALIBRATION
            CODE    8542H     0009H     UNIT         ?PR?DELAY500US?DELAY
            CODE    854BH     0009H     UNIT         ?PR?RAM_CALDATAINIT?FLASH
            CODE    8554H     0009H     UNIT         ?PR?ANGXCALC?SENSOR
            CODE    855DH     0009H     UNIT         ?PR?ANGYCALC?SENSOR
            CODE    8566H     0009H     UNIT         ?PR?_SUB_SENDOFFSET?SUB
            CODE    856FH     0008H     UNIT         ?PR?_SETTEMPCALCNT?CALIBRATION
            CODE    8577H     0008H     UNIT         ?PR?_SETANGCALCNT?CALIBRATION
            CODE    857FH     0008H     UNIT         ?PR?DELAY_MS_?DELAY
            CODE    8587H     0008H     UNIT         ?PR?_GETXOFFSET?SENSOR
            CODE    858FH     0008H     UNIT         ?PR?_GETYOFFSET?SENSOR
            CODE    8597H     0007H     UNIT         ?PR?ADC_GETXVAL?AD7176
            CODE    859EH     0007H     UNIT         ?PR?ADC_GETYVAL?AD7176
            CODE    85A5H     0007H     UNIT         ?PR?ADC_GETTEMP?AD7176
            CODE    85ACH     0007H     UNIT         ?PR?GETANGXSYSZERO?ANGAPP
            CODE    85B3H     0007H     UNIT         ?PR?GETANGYSYSZERO?ANGAPP
BL51 BANKED LINKER/LOCATER V6.22                                                      11/16/2017  16:51:53  PAGE 8


            CODE    85BAH     0007H     UNIT         ?PR?GETANGXUSRZERO?ANGAPP
            CODE    85C1H     0007H     UNIT         ?PR?GETANGYUSRZERO?ANGAPP
            CODE    85C8H     0007H     UNIT         ?PR?GETANGXINST?ANGAPP
            CODE    85CFH     0007H     UNIT         ?PR?GETANGYINST?ANGAPP
            CODE    85D6H     0007H     UNIT         ?PR?GETANGXSET?ANGAPP
            CODE    85DDH     0007H     UNIT         ?PR?GETANGYSET?ANGAPP
            CODE    85E4H     0007H     UNIT         ?PR?GETANGPSET?ANGAPP
            CODE    85EBH     0007H     UNIT         ?PR?GETANGXZEROUSR?ANGAPP
            CODE    85F2H     0007H     UNIT         ?PR?GETANGYZEROUSR?ANGAPP
            CODE    85F9H     0007H     UNIT         ?PR?GETANGXRELSYS?ANGAPP
            CODE    8600H     0007H     UNIT         ?PR?GETANGYRELSYS?ANGAPP
            CODE    8607H     0007H     UNIT         ?PR?GETXFTVAL?SENSOR
            CODE    860EH     0007H     UNIT         ?PR?GETYFTVAL?SENSOR
            CODE    8615H     0007H     UNIT         ?PR?GETXOFTVAL?SENSOR
            CODE    861CH     0007H     UNIT         ?PR?GETYOFTVAL?SENSOR
            CODE    8623H     0007H     UNIT         ?PR?GETXANG?SENSOR
            CODE    862AH     0007H     UNIT         ?PR?GETYANG?SENSOR
            CODE    8631H     0006H     UNIT         ?PR?_SETANGXSYSZERO?ANGAPP
            CODE    8637H     0006H     UNIT         ?PR?_SETANGYSYSZERO?ANGAPP
            CODE    863DH     0006H     UNIT         ?PR?_SETANGXUSRZERO?ANGAPP
            CODE    8643H     0006H     UNIT         ?PR?_SETANGYUSRZERO?ANGAPP
            CODE    8649H     0006H     UNIT         ?PR?_SETANGXINST?ANGAPP
            CODE    864FH     0006H     UNIT         ?PR?_SETANGYINST?ANGAPP
            CODE    8655H     0006H     UNIT         ?PR?_SETANGXSET?ANGAPP
            CODE    865BH     0006H     UNIT         ?PR?_SETANGYSET?ANGAPP
            CODE    8661H     0006H     UNIT         ?PR?_SETANGPSET?ANGAPP
            CODE    8667H     0006H     UNIT         ?PR?GETTEMPXCALCNT?CALIBRATION
            CODE    866DH     0006H     UNIT         ?PR?GETANGXCALCNT?CALIBRATION
            CODE    8673H     0006H     UNIT         ?PR?GETANGYCALCNT?CALIBRATION
            CODE    8679H     0006H     UNIT         ?PR?GETMCUTCALCNT?CALMCUT
            CODE    867FH     0006H     UNIT         ?PR?MCUT_CALSTOP?CALMCUT
            CODE    8685H     0006H     UNIT         ?PR?COMM_SENDSTA?COMM
            CODE    868BH     0006H     UNIT         ?PR?GETFILTERCNT?SENSOR
            CODE    8691H     0006H     UNIT         ?PR?_SETFILTERCNT?SENSOR
            CODE    8697H     0006H     UNIT         ?PR?GET_MCUTEMP?SENSOR
            CODE    869DH     0005H     UNIT         ?PR?INT0_ENABLE?INT0
            CODE    86A2H     0004H     UNIT         ?PR?_TEMP_SETCALCNT?CALIBRATION
            CODE    86A6H     0004H     UNIT         ?PR?_ANG_SETCALCNT?CALIBRATION
            CODE    86AAH     0004H     UNIT         ?PR?_MCUT_SETCALCNT?CALMCUT
            CODE    86AEH     0004H     UNIT         ?PR?COMM_SENDSTOP?COMM
            CODE    86B2H     0003H     UNIT         ?PR?MCUT_CALSTA?CALMCUT
            CODE    86B5H     0003H     UNIT         ?PR?INT0_DISABLE?INT0
            CODE    86B8H     0001H     UNIT         ?CO?SPI



OVERLAY MAP OF MODULE:   .\obj\test (?C_STARTUP)


SEGMENT                                        BIT_GROUP          DATA_GROUP          XDATA_GROUP
  +--> CALLED SEGMENT                       START    LENGTH     START    LENGTH     START    LENGTH
---------------------------------------------------------------------------------------------------
?C_C51STARTUP                               -----    -----      -----    -----      -----    -----
  +--> ?PR?MAIN?MAIN
  +--> ?C_INITSEG

?PR?MAIN?MAIN                               -----    -----      -----    -----      -----    -----
BL51 BANKED LINKER/LOCATER V6.22                                                      11/16/2017  16:51:53  PAGE 9


  +--> ?PR?INIT_ALL?INIT
  +--> ?PR?FLASH_CALDATAINIT?FLASH
  +--> ?PR?_DELAY_MS?DELAY
  +--> ?PR?AD7176_INMAINPROC?AD7176
  +--> ?PR?SNPROC?SENSOR
  +--> ?PR?TIMER2_TASKINMAIN?TIMER
  +--> ?PR?SEND_TIMEPROC?SEND

?PR?INIT_ALL?INIT                           -----    -----      -----    -----      -----    -----
  +--> ?PR?PORTINIT?INIT
  +--> ?PR?SYS_CLKINIT?INIT
  +--> ?PR?COMM_HARDWAREINIT?COMM
  +--> ?PR?COMM_SOFTWAREINIT?COMM
  +--> ?PR?TIMER2_INIT?TIMER
  +--> ?PR?INIT_SYSTEMPARA?INIT
  +--> ?PR?SPI_INIT?SPI
  +--> ?PR?CALIBMTINIT?CALMCUT
  +--> ?PR?AD7176_INIT?AD7176
  +--> ?PR?ANGINIT?ANGAPP
  +--> ?PR?INT0_INIT?INT0

?PR?COMM_SOFTWAREINIT?COMM                  -----    -----      0021H    0003H      -----    -----

?PR?TIMER2_INIT?TIMER                       -----    -----      -----    -----      -----    -----
  +--> ?CO?SEND

?PR?INIT_SYSTEMPARA?INIT                    -----    -----      -----    -----      -----    -----
  +--> ?CO?SEND

?PR?CALIBMTINIT?CALMCUT                     -----    -----      -----    -----      -----    -----
  +--> ?PR?_SETMCUTCALCNT?CALMCUT
  +--> ?PR?_GETMCUTCALTEMPVAL?CALMCUT
  +--> ?PR?_GETMCUTCALADCVAL?CALMCUT
  +--> ?PR?_SETMCUTCALTEMPVAL?CALMCUT
  +--> ?PR?_SETMCUTCALADCVAL?CALMCUT

?PR?_SETMCUTCALCNT?CALMCUT                  -----    -----      -----    -----      -----    -----
  +--> ?PR?_MCUT_SETCALCNT?CALMCUT

?PR?_GETMCUTCALTEMPVAL?CALMCUT              -----    -----      -----    -----      -----    -----
  +--> ?PR?_MCUT_RDTEMPVAL?CALMCUT

?PR?_GETMCUTCALADCVAL?CALMCUT               -----    -----      -----    -----      -----    -----
  +--> ?PR?_MCUT_RDADCVAL?CALMCUT

?PR?_SETMCUTCALTEMPVAL?CALMCUT              -----    -----      -----    -----      -----    -----
  +--> ?PR?_MCUT_WRTEMPVAL?CALMCUT

?PR?_MCUT_WRTEMPVAL?CALMCUT                 -----    -----      0026H    0006H      -----    -----

?PR?_SETMCUTCALADCVAL?CALMCUT               -----    -----      -----    -----      -----    -----
  +--> ?PR?_MCUT_WRADCVAL?CALMCUT

?PR?_MCUT_WRADCVAL?CALMCUT                  -----    -----      0026H    0006H      -----    -----

?PR?AD7176_INIT?AD7176                      -----    -----      -----    -----      -----    -----
  +--> ?PR?AD7176_RESET?AD7176
BL51 BANKED LINKER/LOCATER V6.22                                                      11/16/2017  16:51:53  PAGE 10


  +--> ?PR?DELAY500US?DELAY
  +--> ?PR?_AD7176_OFFSETCONFIG?AD7176
  +--> ?PR?_AD7176_ADCMODECONFIG?AD7176
  +--> ?PR?_AD7176_GAINCONFIG?AD7176
  +--> ?PR?_AD7176_CHANNELCONFIG?AD7176
  +--> ?PR?_AD7176_SETUPCONFIG?AD7176
  +--> ?PR?_AD7176_FILTERCONFIG?AD7176
  +--> ?PR?_AD7176_INTMODECONFIG?AD7176
  +--> ?PR?ADCENTITYINIT?AD7176
  +--> ?PR?INIT_SAMAD?AD7176

?PR?AD7176_RESET?AD7176                     -----    -----      -----    -----      0D51H    0008H
  +--> ?CO?AD7176
  +--> ?PR?_SPI_WRITE?SPI

?PR?_AD7176_OFFSETCONFIG?AD7176             -----    -----      0021H    0005H      -----    -----
  +--> ?PR?_AD7176_WRREGVAL?AD7176

?PR?_AD7176_WRREGVAL?AD7176                 -----    -----      0031H    000FH      -----    -----
  +--> ?CO?AD7176
  +--> ?PR?_SPI_WRITE?SPI

?PR?_AD7176_ADCMODECONFIG?AD7176            -----    -----      0021H    000AH      -----    -----
  +--> ?PR?_AD7176_WRREGVAL?AD7176

?PR?_AD7176_GAINCONFIG?AD7176               -----    -----      0021H    0005H      -----    -----
  +--> ?PR?_AD7176_WRREGVAL?AD7176

?PR?_AD7176_CHANNELCONFIG?AD7176            -----    -----      0021H    0009H      -----    -----
  +--> ?PR?_AD7176_WRREGVAL?AD7176

?PR?_AD7176_SETUPCONFIG?AD7176              -----    -----      -----    -----      -----    -----
  +--> ?PR?_AD7176_WRREGVAL?AD7176

?PR?_AD7176_FILTERCONFIG?AD7176             -----    -----      0021H    000BH      -----    -----
  +--> ?PR?_AD7176_WRREGVAL?AD7176

?PR?_AD7176_INTMODECONFIG?AD7176            -----    -----      0021H    0010H      -----    -----
  +--> ?PR?_AD7176_WRREGVAL?AD7176

?PR?ANGINIT?ANGAPP                          -----    -----      -----    -----      -----    -----
  +--> ?PR?SNINIT?SENSOR
  +--> ?PR?_SETANGXINST?ANGAPP
  +--> ?PR?_SETANGYINST?ANGAPP
  +--> ?PR?_SETANGXSYSZERO?ANGAPP
  +--> ?PR?_SETANGYSYSZERO?ANGAPP
  +--> ?PR?_SETANGXUSRZERO?ANGAPP
  +--> ?PR?_SETANGYUSRZERO?ANGAPP
  +--> ?PR?_SETANGXSET?ANGAPP
  +--> ?PR?_SETANGYSET?ANGAPP
  +--> ?PR?_SETANGPSET?ANGAPP

?PR?SNINIT?SENSOR                           -----    -----      -----    -----      -----    -----
  +--> ?PR?CALIBINIT?CALIBRATION
  +--> ?PR?_SETFILTERCNT?SENSOR
  +--> ?PR?SNXDATAINIT?SENSOR
  +--> ?PR?_SNXFILTER?SENSOR
BL51 BANKED LINKER/LOCATER V6.22                                                      11/16/2017  16:51:53  PAGE 11


  +--> ?PR?_GETXOFFSET?SENSOR
  +--> ?PR?ANGXCALC?SENSOR
  +--> ?PR?SNYDATAINIT?SENSOR
  +--> ?PR?_SNYFILTER?SENSOR
  +--> ?PR?_GETYOFFSET?SENSOR
  +--> ?PR?ANGYCALC?SENSOR

?PR?CALIBINIT?CALIBRATION                   -----    -----      -----    -----      -----    -----
  +--> ?PR?_SETTEMPXCALCNT?CALIBRATION
  +--> ?PR?_GETTEMPXCALTEMPVAL?CALIBRATION
  +--> ?PR?_GETTEMPXCALADCVAL?CALIBRATION
  +--> ?PR?_SETTEMPXCALTEMPVAL?CALIBRATION
  +--> ?PR?_SETTEMPXCALADCVAL?CALIBRATION
  +--> ?PR?_SETTEMPYCALCNT?CALIBRATION
  +--> ?PR?_GETTEMPYCALTEMPVAL?CALIBRATION
  +--> ?PR?_GETTEMPYCALADCVAL?CALIBRATION
  +--> ?PR?_SETTEMPYCALTEMPVAL?CALIBRATION
  +--> ?PR?_SETTEMPYCALADCVAL?CALIBRATION
  +--> ?PR?_SETANGXCALCNT?CALIBRATION
  +--> ?PR?_GETANGXCALANGVAL?CALIBRATION
  +--> ?PR?_GETANGXCALADCVAL?CALIBRATION
  +--> ?PR?_SETANGXCALANGVAL?CALIBRATION
  +--> ?PR?_SETANGXCALADCVAL?CALIBRATION
  +--> ?PR?_SETANGYCALCNT?CALIBRATION
  +--> ?PR?_GETANGYCALANGVAL?CALIBRATION
  +--> ?PR?_GETANGYCALADCVAL?CALIBRATION
  +--> ?PR?_SETANGYCALANGVAL?CALIBRATION
  +--> ?PR?_SETANGYCALADCVAL?CALIBRATION

?PR?_SETTEMPXCALCNT?CALIBRATION             -----    -----      -----    -----      -----    -----
  +--> ?PR?_TEMP_SETCALCNT?CALIBRATION

?PR?_GETTEMPXCALTEMPVAL?CALIBRATION         -----    -----      -----    -----      -----    -----
  +--> ?PR?_TEMP_RDTEMPVAL?CALIBRATION

?PR?_GETTEMPXCALADCVAL?CALIBRATION          -----    -----      -----    -----      -----    -----
  +--> ?PR?_TEMP_RDADCVAL?CALIBRATION

?PR?_SETTEMPXCALTEMPVAL?CALIBRATION         -----    -----      -----    -----      -----    -----
  +--> ?PR?_TEMP_WRTEMPVAL?CALIBRATION

?PR?_TEMP_WRTEMPVAL?CALIBRATION             -----    -----      0026H    0006H      -----    -----

?PR?_SETTEMPXCALADCVAL?CALIBRATION          -----    -----      003CH    0005H      -----    -----
  +--> ?PR?_TEMP_WRADCVAL?CALIBRATION

?PR?_TEMP_WRADCVAL?CALIBRATION              -----    -----      0041H    0008H      -----    -----

?PR?_SETTEMPYCALCNT?CALIBRATION             -----    -----      -----    -----      -----    -----
  +--> ?PR?_TEMP_SETCALCNT?CALIBRATION

?PR?_GETTEMPYCALTEMPVAL?CALIBRATION         -----    -----      -----    -----      -----    -----
  +--> ?PR?_TEMP_RDTEMPVAL?CALIBRATION

?PR?_GETTEMPYCALADCVAL?CALIBRATION          -----    -----      -----    -----      -----    -----
  +--> ?PR?_TEMP_RDADCVAL?CALIBRATION

BL51 BANKED LINKER/LOCATER V6.22                                                      11/16/2017  16:51:53  PAGE 12


?PR?_SETTEMPYCALTEMPVAL?CALIBRATION         -----    -----      0021H    0005H      -----    -----
  +--> ?PR?_TEMP_WRTEMPVAL?CALIBRATION

?PR?_SETTEMPYCALADCVAL?CALIBRATION          -----    -----      003CH    0005H      -----    -----
  +--> ?PR?_TEMP_WRADCVAL?CALIBRATION

?PR?_SETANGXCALCNT?CALIBRATION              -----    -----      -----    -----      -----    -----
  +--> ?PR?_ANG_SETCALCNT?CALIBRATION

?PR?_GETANGXCALANGVAL?CALIBRATION           -----    -----      -----    -----      -----    -----
  +--> ?PR?_ANG_RDANGVAL?CALIBRATION

?PR?_GETANGXCALADCVAL?CALIBRATION           -----    -----      -----    -----      -----    -----
  +--> ?PR?_ANG_RDADCVAL?CALIBRATION

?PR?_SETANGXCALANGVAL?CALIBRATION           -----    -----      0031H    0005H      -----    -----
  +--> ?PR?_ANG_WRANGVAL?CALIBRATION

?PR?_ANG_WRANGVAL?CALIBRATION               -----    -----      0036H    0008H      -----    -----

?PR?_SETANGXCALADCVAL?CALIBRATION           -----    -----      0031H    0005H      -----    -----
  +--> ?PR?_ANG_WRADCVAL?CALIBRATION

?PR?_ANG_WRADCVAL?CALIBRATION               -----    -----      0036H    0008H      -----    -----

?PR?_SETANGYCALCNT?CALIBRATION              -----    -----      -----    -----      -----    -----
  +--> ?PR?_ANG_SETCALCNT?CALIBRATION

?PR?_GETANGYCALANGVAL?CALIBRATION           -----    -----      -----    -----      -----    -----
  +--> ?PR?_ANG_RDANGVAL?CALIBRATION

?PR?_GETANGYCALADCVAL?CALIBRATION           -----    -----      -----    -----      -----    -----
  +--> ?PR?_ANG_RDADCVAL?CALIBRATION

?PR?_SETANGYCALANGVAL?CALIBRATION           -----    -----      0031H    0005H      -----    -----
  +--> ?PR?_ANG_WRANGVAL?CALIBRATION

?PR?_SETANGYCALADCVAL?CALIBRATION           -----    -----      0031H    0005H      -----    -----
  +--> ?PR?_ANG_WRADCVAL?CALIBRATION

?PR?SNXDATAINIT?SENSOR                      -----    -----      -----    -----      -----    -----
  +--> ?PR?_SN_DATAINIT?SENSOR

?PR?_SN_DATAINIT?SENSOR                     -----    -----      0021H    0009H      -----    -----

?PR?_SNXFILTER?SENSOR                       -----    -----      0021H    0005H      -----    -----
  +--> ?PR?_SNFILTER?SENSOR

?PR?_SNFILTER?SENSOR                        -----    -----      0026H    0008H      -----    -----
  +--> ?PR?_?VALINRANGE?FILTER
  +--> ?PR?_FILTER_1ST?FILTER

?PR?_FILTER_1ST?FILTER                      -----    -----      002EH    0009H      -----    -----

?PR?_GETXOFFSET?SENSOR                      -----    -----      -----    -----      -----    -----
  +--> ?PR?_GETOFFSET?SENSOR

BL51 BANKED LINKER/LOCATER V6.22                                                      11/16/2017  16:51:53  PAGE 13


?PR?_GETOFFSET?SENSOR                       -----    -----      0021H    0005H      0D51H    0005H

?PR?ANGXCALC?SENSOR                         -----    -----      -----    -----      -----    -----
  +--> ?PR?_ANG_CALC?SENSOR

?PR?_ANG_CALC?SENSOR                        -----    -----      0021H    0003H      0D51H    0004H
  +--> ?PR?_GETANGCALCVAL?SENSOR
  +--> ?PR?ASIN?ASIN

?PR?_GETANGCALCVAL?SENSOR                   -----    -----      0024H    0007H      0D55H    0005H

?PR?ASIN?ASIN                               -----    -----      -----    -----      -----    -----
  +--> ?PR?SQRT?SQRT
  +--> ?PR?ATAN?ATAN

?PR?SQRT?SQRT                               -----    -----      0038H    0004H      -----    -----

?PR?ATAN?ATAN                               0020H.2  0000H.2    0038H    0004H      -----    -----

?PR?SNYDATAINIT?SENSOR                      -----    -----      -----    -----      -----    -----
  +--> ?PR?_SN_DATAINIT?SENSOR

?PR?_SNYFILTER?SENSOR                       -----    -----      0021H    0005H      -----    -----
  +--> ?PR?_SNFILTER?SENSOR

?PR?_GETYOFFSET?SENSOR                      -----    -----      -----    -----      -----    -----
  +--> ?PR?_GETOFFSET?SENSOR

?PR?ANGYCALC?SENSOR                         -----    -----      -----    -----      -----    -----
  +--> ?PR?_ANG_CALC?SENSOR

?PR?INT0_INIT?INT0                          -----    -----      -----    -----      -----    -----
  +--> ?PR?INT0_ENABLE?INT0

?PR?FLASH_CALDATAINIT?FLASH                 -----    -----      0021H    0001H      -----    -----
  +--> ?PR?_FLASH_BUFRD?FLASH
  +--> ?PR?FLASHCHK?FLASH
  +--> ?PR?RAM_CALDATAINIT?FLASH
  +--> ?PR?FLASH_CALDATAUPDATE?FLASH
  +--> ?PR?_RAM_BUF2CALDATA?FLASH
  +--> ?PR?_FLASH_CHECKSUM?FLASH
  +--> ?PR?FLASHAREA_USER?FLASH
  +--> ?PR?_FLASH_CALDATAUPDATE_USER?FLASH
  +--> ?PR?GETANGXCALCNT?CALIBRATION
  +--> ?PR?GETANGYCALCNT?CALIBRATION
  +--> ?PR?ADC_XCALSTOP?CMDSUB
  +--> ?PR?ADC_YCALSTOP?CMDSUB
  +--> ?PR?TEMP_CALSTOP?CMDSUB
  +--> ?PR?MCUT_CALSTOP?CALMCUT
  +--> ?CO?SEND

?PR?_FLASH_BUFRD?FLASH                      0020H.2  0000H.1    0022H    0009H      -----    -----

?PR?RAM_CALDATAINIT?FLASH                   -----    -----      -----    -----      -----    -----
  +--> ?PR?ANGCALDATAINIT?CALIBRATION
  +--> ?PR?TEMPCALDATAINIT?CALIBRATION
  +--> ?PR?MTCALDATAINIT?CALMCUT
BL51 BANKED LINKER/LOCATER V6.22                                                      11/16/2017  16:51:53  PAGE 14



?PR?ANGCALDATAINIT?CALIBRATION              -----    -----      -----    -----      0D51H    0001H
  +--> ?PR?_SETANGCALCNT?CALIBRATION

?PR?_SETANGCALCNT?CALIBRATION               -----    -----      -----    -----      -----    -----
  +--> ?PR?_SETANGXCALCNT?CALIBRATION
  +--> ?PR?_SETANGYCALCNT?CALIBRATION

?PR?TEMPCALDATAINIT?CALIBRATION             -----    -----      -----    -----      0D51H    0001H
  +--> ?PR?_SETTEMPCALCNT?CALIBRATION

?PR?_SETTEMPCALCNT?CALIBRATION              -----    -----      -----    -----      -----    -----
  +--> ?PR?_SETTEMPXCALCNT?CALIBRATION
  +--> ?PR?_SETTEMPYCALCNT?CALIBRATION

?PR?MTCALDATAINIT?CALMCUT                   -----    -----      -----    -----      0D51H    0001H
  +--> ?PR?_SETMCUTCALCNT?CALMCUT

?PR?FLASH_CALDATAUPDATE?FLASH               -----    -----      -----    -----      -----    -----
  +--> ?PR?_RAM_CALDATA2BUF?FLASH
  +--> ?PR?_FLASHUPDATE?FLASH

?PR?_RAM_CALDATA2BUF?FLASH                  -----    -----      0039H    0006H      -----    -----
  +--> ?PR?_GETANGXCALANGVAL?CALIBRATION
  +--> ?PR?_GETANGYCALANGVAL?CALIBRATION
  +--> ?PR?_GETANGXCALADCVAL?CALIBRATION
  +--> ?PR?_GETANGYCALADCVAL?CALIBRATION
  +--> ?PR?GETANGXCALCNT?CALIBRATION
  +--> ?PR?GETTEMPXCALCNT?CALIBRATION
  +--> ?PR?GETANGXSYSZERO?ANGAPP
  +--> ?PR?GETANGYSYSZERO?ANGAPP
  +--> ?PR?GETMCUTCALCNT?CALMCUT
  +--> ?PR?GETFILTERCNT?SENSOR
  +--> ?PR?GETANGXUSRZERO?ANGAPP
  +--> ?PR?GETANGYUSRZERO?ANGAPP
  +--> ?PR?GETANGXINST?ANGAPP
  +--> ?PR?GETANGYINST?ANGAPP
  +--> ?PR?GETANGXSET?ANGAPP
  +--> ?PR?GETANGYSET?ANGAPP
  +--> ?PR?GETANGPSET?ANGAPP
  +--> ?PR?_GETTEMPXCALTEMPVAL?CALIBRATION
  +--> ?PR?_GETTEMPXCALADCVAL?CALIBRATION
  +--> ?PR?_GETTEMPYCALADCVAL?CALIBRATION
  +--> ?PR?_GETMCUTCALTEMPVAL?CALMCUT
  +--> ?PR?_GETMCUTCALADCVAL?CALMCUT
  +--> ?PR?_FLASH_CHECKSUM?FLASH

?PR?_FLASH_CHECKSUM?FLASH                   -----    -----      003FH    0005H      -----    -----

?PR?_FLASHUPDATE?FLASH                      0020H.2  0000H.1    0039H    0007H      -----    -----
  +--> ?PR?_FLASH_PAGEERASE?FLASH
  +--> ?PR?_DELAY_MS?DELAY
  +--> ?PR?_FLASH_BUFWR?FLASH

?PR?_FLASH_PAGEERASE?FLASH                  0020H.3  0000H.1    -----    -----      -----    -----

?PR?_DELAY_MS?DELAY                         -----    -----      -----    -----      -----    -----
BL51 BANKED LINKER/LOCATER V6.22                                                      11/16/2017  16:51:53  PAGE 15


  +--> ?PR?DELAY_MS_?DELAY

?PR?DELAY_MS_?DELAY                         -----    -----      -----    -----      -----    -----
  +--> ?PR?DELAY_100US?DELAY

?PR?_FLASH_BUFWR?FLASH                      0020H.3  0000H.1    0040H    000BH      -----    -----

?PR?_RAM_BUF2CALDATA?FLASH                  -----    -----      0022H    0004H      -----    -----
  +--> ?PR?_SETANGXCALANGVAL?CALIBRATION
  +--> ?PR?_SETANGYCALANGVAL?CALIBRATION
  +--> ?PR?_SETANGXCALADCVAL?CALIBRATION
  +--> ?PR?_SETANGYCALADCVAL?CALIBRATION
  +--> ?PR?_SETANGCALCNT?CALIBRATION
  +--> ?PR?_SETTEMPCALCNT?CALIBRATION
  +--> ?PR?_SETANGXSYSZERO?ANGAPP
  +--> ?PR?_SETANGYSYSZERO?ANGAPP
  +--> ?PR?_SETMCUTCALCNT?CALMCUT
  +--> ?PR?_SETFILTERCNT?SENSOR
  +--> ?PR?_SETANGXUSRZERO?ANGAPP
  +--> ?PR?_SETANGYUSRZERO?ANGAPP
  +--> ?PR?_SETANGXINST?ANGAPP
  +--> ?PR?_SETANGYINST?ANGAPP
  +--> ?PR?_SETANGXSET?ANGAPP
  +--> ?PR?_SETANGYSET?ANGAPP
  +--> ?PR?_SETANGPSET?ANGAPP
  +--> ?PR?_SETTEMPXCALTEMPVAL?CALIBRATION
  +--> ?PR?_SETTEMPXCALADCVAL?CALIBRATION
  +--> ?PR?_SETTEMPYCALADCVAL?CALIBRATION
  +--> ?PR?_SETMCUTCALTEMPVAL?CALMCUT
  +--> ?PR?_SETMCUTCALADCVAL?CALMCUT

?PR?FLASHAREA_USER?FLASH                    -----    -----      -----    -----      -----    -----
  +--> ?PR?_FLASH_BUFRD?FLASH
  +--> ?PR?FLASHCHK?FLASH
  +--> ?PR?_FLASH_CHECKSUM?FLASH
  +--> ?PR?RAM_CALDATAINIT_USER?FLASH
  +--> ?PR?_FLASH_CALDATAUPDATE_USER?FLASH
  +--> ?PR?_RAM_BUF2CALDATA?FLASH

?PR?RAM_CALDATAINIT_USER?FLASH              -----    -----      -----    -----      -----    -----
  +--> ?PR?_SETANGXUSRZERO?ANGAPP
  +--> ?PR?_SETANGYUSRZERO?ANGAPP
  +--> ?PR?_SETANGXSET?ANGAPP
  +--> ?PR?_SETANGYSET?ANGAPP
  +--> ?PR?_SETANGPSET?ANGAPP
  +--> ?PR?_SETANGXINST?ANGAPP
  +--> ?PR?_SETANGYINST?ANGAPP
  +--> ?PR?INIT_SYSTEMPARA?INIT

?PR?_FLASH_CALDATAUPDATE_USER?FLASH         -----    -----      0031H    0008H      0D63H    0001H
  +--> ?PR?_RAM_CALDATA2BUF?FLASH
  +--> ?PR?_FLASHUPDATE?FLASH

?PR?ADC_XCALSTOP?CMDSUB                     -----    -----      0026H    0001H      -----    -----
  +--> ?PR?_SUB_BUFBUBBLE?SUB
  +--> ?PR?ANGXCALCPRM?CALIBRATION

BL51 BANKED LINKER/LOCATER V6.22                                                      11/16/2017  16:51:53  PAGE 16


?PR?_SUB_BUFBUBBLE?SUB                      -----    -----      0027H    0007H      0D58H    0002H
  +--> ?PR?_SUB_SBUFSWITCH?SUB
  +--> ?PR?_SUB_32UBUFSWITCH?SUB

?PR?_SUB_SBUFSWITCH?SUB                     -----    -----      0031H    0005H      0D63H    0004H

?PR?_SUB_32UBUFSWITCH?SUB                   -----    -----      002EH    0005H      0D5AH    0004H

?PR?ANGXCALCPRM?CALIBRATION                 -----    -----      -----    -----      -----    -----
  +--> ?PR?_ANG_CALCPRM?CALIBRATION

?PR?_ANG_CALCPRM?CALIBRATION                -----    -----      0027H    0003H      0D58H    0009H
  +--> ?PR?SIN?SIN

?PR?SIN?SIN                                 0020H.2  0000H.1    0038H    0004H      -----    -----

?PR?ADC_YCALSTOP?CMDSUB                     -----    -----      0026H    0001H      -----    -----
  +--> ?PR?_SUB_BUFBUBBLE?SUB
  +--> ?PR?ANGYCALCPRM?CALIBRATION

?PR?ANGYCALCPRM?CALIBRATION                 -----    -----      -----    -----      -----    -----
  +--> ?PR?_ANG_CALCPRM?CALIBRATION

?PR?TEMP_CALSTOP?CMDSUB                     -----    -----      -----    -----      -----    -----
  +--> ?PR?TEMPSORTANDCALCPRM?CMDSUB

?PR?TEMPSORTANDCALCPRM?CMDSUB               -----    -----      -----    -----      -----    -----
  +--> ?PR?_SUB_BUFBUBBLE2?SUB
  +--> ?PR?TEMPXCALCPRM?CALIBRATION
  +--> ?PR?TEMPYCALCPRM?CALIBRATION

?PR?_SUB_BUFBUBBLE2?SUB                     -----    -----      0027H    000AH      0D61H    0002H
  +--> ?PR?_SUB_UBUFSWITCH?SUB
  +--> ?PR?_SUB_SBUFSWITCH?SUB

?PR?_SUB_UBUFSWITCH?SUB                     -----    -----      0031H    0005H      0D63H    0002H

?PR?TEMPXCALCPRM?CALIBRATION                -----    -----      -----    -----      -----    -----
  +--> ?PR?_TEMP_CALCPRM?CALIBRATION

?PR?_TEMP_CALCPRM?CALIBRATION               -----    -----      0027H    0003H      0D61H    0001H

?PR?TEMPYCALCPRM?CALIBRATION                -----    -----      -----    -----      -----    -----
  +--> ?PR?_TEMP_CALCPRM?CALIBRATION

?PR?MCUT_CALSTOP?CALMCUT                    -----    -----      -----    -----      -----    -----
  +--> ?PR?MCUTCALCPRM?CALMCUT

?PR?MCUTCALCPRM?CALMCUT                     -----    -----      -----    -----      -----    -----
  +--> ?PR?_SUB_BUFBUBBLE16S?SUB
  +--> ?PR?_MCUT_CALCPRM?CALMCUT

?PR?_SUB_BUFBUBBLE16S?SUB                   -----    -----      0025H    0007H      0D51H    0002H
  +--> ?PR?_SUB_16SBUFSWITCH?SUB
  +--> ?PR?_SUB_UBUFSWITCH?SUB

?PR?_SUB_16SBUFSWITCH?SUB                   -----    -----      002CH    0005H      0D53H    0002H
BL51 BANKED LINKER/LOCATER V6.22                                                      11/16/2017  16:51:53  PAGE 17



?PR?_MCUT_CALCPRM?CALMCUT                   -----    -----      0025H    0003H      0D51H    0001H

?PR?AD7176_INMAINPROC?AD7176                -----    -----      0021H    0003H      -----    -----
  +--> ?PR?_ADCFILTER?AD7176

?PR?_ADCFILTER?AD7176                       -----    -----      0024H    0007H      -----    -----
  +--> ?PR?_?VALINRANGE?FILTER
  +--> ?PR?_?SLIDEWINFILTER?FILTER

?PR?SNPROC?SENSOR                           -----    -----      -----    -----      -----    -----
  +--> ?PR?ADC_GETXVAL?AD7176
  +--> ?PR?_SNXFILTER?SENSOR
  +--> ?PR?GET_MCUTEMP?SENSOR
  +--> ?PR?ADC_GETYVAL?AD7176
  +--> ?PR?_SNYFILTER?SENSOR

?PR?GET_MCUTEMP?SENSOR                      -----    -----      -----    -----      -----    -----
  +--> ?PR?ADC_GETTEMP?AD7176

?PR?TIMER2_TASKINMAIN?TIMER                 -----    -----      -----    -----      -----    -----
  +--> ?PR?SUB_SENDANGXY?SUB

?PR?SUB_SENDANGXY?SUB                       -----    -----      -----    -----      -----    -----
  +--> ?CO?SUB
  +--> ?PR?_COMM_PUTSTR?COMM
  +--> ?PR?GETXANGALLSETVAL?ANGAPP
  +--> ?PR?_COMM_PUTINT32S?SUB
  +--> ?PR?GETYANGALLSETVAL?ANGAPP
  +--> ?PR?COMM_PUTNEWLINE?SUB
  +--> ?PR?COMM_SENDSTA?COMM

?PR?_COMM_PUTSTR?COMM                       -----    -----      003BH    0003H      -----    -----
  +--> ?PR?_COMM_PUTCHAR?COMM

?PR?_COMM_PUTCHAR?COMM                      -----    -----      003EH    0003H      -----    -----

?PR?GETXANGALLSETVAL?ANGAPP                 -----    -----      -----    -----      0D5FH    0004H
  +--> ?PR?GETXANG?SENSOR
  +--> ?PR?_SETANGZERO?ANGAPP
  +--> ?PR?_SETANGZEROADD?ANGAPP

?PR?_SETANGZERO?ANGAPP                      -----    -----      0030H    0004H      -----    -----

?PR?_SETANGZEROADD?ANGAPP                   -----    -----      0030H    0004H      -----    -----

?PR?_COMM_PUTINT32S?SUB                     -----    -----      -----    -----      -----    -----
  +--> ?PR?_SUB_INT32S2STR?SUB
  +--> ?PR?_COMM_PUTSTR?COMM

?PR?_SUB_INT32S2STR?SUB                     -----    -----      0026H    0007H      -----    -----

?PR?GETYANGALLSETVAL?ANGAPP                 -----    -----      -----    -----      0D5FH    0004H
  +--> ?PR?GETYANG?SENSOR
  +--> ?PR?_SETANGZERO?ANGAPP
  +--> ?PR?_SETANGZEROADD?ANGAPP

BL51 BANKED LINKER/LOCATER V6.22                                                      11/16/2017  16:51:53  PAGE 18


?PR?COMM_PUTNEWLINE?SUB                     -----    -----      -----    -----      -----    -----
  +--> ?PR?_COMM_PUTCHAR?COMM

?PR?SEND_TIMEPROC?SEND                      -----    -----      -----    -----      -----    -----
  +--> ?PR?_COMM_GETCHAR?COMM
  +--> ?PR?_MODRTU_RXPROC?MODBUSRTU
  +--> ?PR?_SEND_RDEAL?SEND
  +--> ?PR?_SEND_CDEAL?SEND
  +--> ?PR?_SEND_SDEAL?SEND
  +--> ?PR?_SEND_UDEAL?SEND
  +--> ?PR?_SEND_WDEAL?SEND
  +--> ?PR?_SEND_TDEAL?SEND

?PR?_COMM_GETCHAR?COMM                      -----    -----      0021H    0006H      -----    -----

?PR?_MODRTU_RXPROC?MODBUSRTU                -----    -----      0021H    0004H      -----    -----
  +--> ?PR?_MODRTU_CHKCRC?MODBUSRTU
  +--> ?PR?_MODRTU_RDREG?MODBUSRTU
  +--> ?PR?_MODRTU_WRREG?MODBUSRTU
  +--> ?PR?_MODRTU_RLYERROR?MODBUSRTU

?PR?_MODRTU_CHKCRC?MODBUSRTU                -----    -----      -----    -----      -----    -----
  +--> ?PR?_MODBUSCRCCNT?MODBUSCRC

?PR?_MODBUSCRCCNT?MODBUSCRC                 -----    -----      002CH    0003H      0D5DH    0004H
  +--> ?CO?MODBUSCRC

?PR?_MODRTU_RDREG?MODBUSRTU                 -----    -----      0025H    0003H      0D51H    000AH
  +--> ?PR?_MODRTU_8TO16?MODBUSRTU
  +--> ?PR?_MODRTU_RDVAL?MODBUSRTU
  +--> ?PR?_MODRTU_RLYERROR?MODBUSRTU
  +--> ?PR?_MODBUSCRCCNT?MODBUSCRC
  +--> ?PR?_MODRTU_WRCRC?MODBUSRTU
  +--> ?PR?_COMM_PUTSTR?COMM
  +--> ?PR?COMM_SENDSTA?COMM

?PR?_MODRTU_RDVAL?MODBUSRTU                 -----    -----      0028H    0008H      0D5BH    0004H
  +--> ?PR?GETXANGALLSETVAL?ANGAPP
  +--> ?PR?GETYANGALLSETVAL?ANGAPP
  +--> ?PR?GETANGP?ANGAPP
  +--> ?PR?GETANGXINST?ANGAPP
  +--> ?PR?GETANGYINST?ANGAPP
  +--> ?PR?GETANGXSET?ANGAPP
  +--> ?PR?GETANGYSET?ANGAPP
  +--> ?PR?GETANGPSET?ANGAPP
  +--> ?PR?_FLOATTOINT?MODBUSRTU
  +--> ?PR?GETANGXUSRZERO?ANGAPP
  +--> ?PR?GETANGYUSRZERO?ANGAPP
  +--> ?PR?GETFILTERCNT?SENSOR
  +--> ?PR?GET_MCUTEMP?SENSOR
  +--> ?PR?_GETTEMPXCALTEMPVAL?CALIBRATION
  +--> ?PR?_GETTEMPXCALADCVAL?CALIBRATION
  +--> ?PR?_GETTEMPYCALADCVAL?CALIBRATION
  +--> ?PR?GETXOFTVAL?SENSOR
  +--> ?PR?_GETANGXCALADCVAL?CALIBRATION
  +--> ?PR?_GETANGXCALANGVAL?CALIBRATION
  +--> ?PR?GETYOFTVAL?SENSOR
BL51 BANKED LINKER/LOCATER V6.22                                                      11/16/2017  16:51:53  PAGE 19


  +--> ?PR?_GETANGYCALADCVAL?CALIBRATION
  +--> ?PR?_GETANGYCALANGVAL?CALIBRATION
  +--> ?PR?GETXFTVAL?SENSOR
  +--> ?PR?GETYFTVAL?SENSOR
  +--> ?PR?GETXANG?SENSOR
  +--> ?PR?GETYANG?SENSOR
  +--> ?PR?GETANGXRELSYS?ANGAPP
  +--> ?PR?GETANGYRELSYS?ANGAPP
  +--> ?PR?GETANGXZEROUSR?ANGAPP
  +--> ?PR?GETANGYZEROUSR?ANGAPP
  +--> ?PR?GETANGXSYSZERO?ANGAPP
  +--> ?PR?GETANGYSYSZERO?ANGAPP
  +--> ?PR?GETANGXCALCNT?CALIBRATION
  +--> ?PR?GETTEMPXCALCNT?CALIBRATION
  +--> ?PR?_MODRTU_RD16U?MODBUSRTU

?PR?GETANGP?ANGAPP                          -----    -----      -----    -----      -----    -----
  +--> ?PR?GETXANGALLSETVAL?ANGAPP
  +--> ?PR?GETYANGALLSETVAL?ANGAPP
  +--> ?PR?_PANGCALC?ANGAPP

?PR?_PANGCALC?ANGAPP                        -----    -----      0030H    0008H      0D5FH    000CH
  +--> ?PR?SIN?SIN
  +--> ?PR?SQRT?SQRT
  +--> ?PR?ASIN?ASIN

?PR?_FLOATTOINT?MODBUSRTU                   -----    -----      0030H    000BH      -----    -----

?PR?_MODRTU_RLYERROR?MODBUSRTU              -----    -----      0029H    0003H      0D5BH    0002H
  +--> ?PR?_MODBUSCRCCNT?MODBUSCRC
  +--> ?PR?_COMM_PUTSTR?COMM
  +--> ?PR?COMM_SENDSTA?COMM

?PR?_MODRTU_WRREG?MODBUSRTU                 -----    -----      0025H    0004H      0D51H    000AH
  +--> ?PR?_MODRTU_8TO16?MODBUSRTU
  +--> ?PR?_MODRTU_WRVAL?MODBUSRTU
  +--> ?PR?_MODRTU_RLYERROR?MODBUSRTU
  +--> ?PR?_MODBUSCRCCNT?MODBUSCRC
  +--> ?PR?_MODRTU_WRCRC?MODBUSRTU
  +--> ?PR?_COMM_PUTSTR?COMM
  +--> ?PR?COMM_SENDSTA?COMM
  +--> ?PR?FLASH_USERDATAUPDATE?FLASH

?PR?_MODRTU_WRVAL?MODBUSRTU                 -----    -----      0029H    0008H      0D5BH    0008H
  +--> ?PR?_MODRTU_WR16U?MODBUSRTU
  +--> ?PR?_SETANGXINST?ANGAPP
  +--> ?PR?_SETANGYINST?ANGAPP
  +--> ?PR?_SETANGXSET?ANGAPP
  +--> ?PR?_SETANGYSET?ANGAPP
  +--> ?PR?_SETANGPSET?ANGAPP
  +--> ?PR?_MODRTU_SETZERO?MODBUSRTU
  +--> ?PR?_MODRTU_WRADDR?MODBUSRTU
  +--> ?PR?_MODRTU_WRBAUD?MODBUSRTU
  +--> ?PR?GETANGXRELSYS?ANGAPP
  +--> ?PR?_SETANGXUSRZERO?ANGAPP
  +--> ?PR?FLASH_USERDATAUPDATE?FLASH
  +--> ?PR?_SETANGCALCNT?CALIBRATION
BL51 BANKED LINKER/LOCATER V6.22                                                      11/16/2017  16:51:53  PAGE 20


  +--> ?PR?GETANGXCALCNT?CALIBRATION
  +--> ?PR?_SETANGXCALANGVAL?CALIBRATION
  +--> ?PR?GETXOFTVAL?SENSOR
  +--> ?PR?_SETANGXCALADCVAL?CALIBRATION
  +--> ?PR?_SETANGYCALANGVAL?CALIBRATION
  +--> ?PR?GETYOFTVAL?SENSOR
  +--> ?PR?_SETANGYCALADCVAL?CALIBRATION
  +--> ?PR?FLASH_CALDATAUPDATE?FLASH
  +--> ?PR?GETXANG?SENSOR
  +--> ?PR?_SETANGXSYSZERO?ANGAPP
  +--> ?PR?GETYANG?SENSOR
  +--> ?PR?_SETANGYSYSZERO?ANGAPP
  +--> ?PR?GETANGYRELSYS?ANGAPP
  +--> ?PR?_SETANGYUSRZERO?ANGAPP
  +--> ?PR?_SETFILTERCNT?SENSOR

?PR?_MODRTU_SETZERO?MODBUSRTU               -----    -----      0031H    0002H      -----    -----
  +--> ?PR?_MODRTU_8TO16?MODBUSRTU
  +--> ?PR?GETANGXRELSYS?ANGAPP
  +--> ?PR?_SETANGXUSRZERO?ANGAPP
  +--> ?PR?GETANGYRELSYS?ANGAPP
  +--> ?PR?_SETANGYUSRZERO?ANGAPP

?PR?FLASH_USERDATAUPDATE?FLASH              -----    -----      -----    -----      -----    -----
  +--> ?PR?_FLASH_CALDATAUPDATE_USER?FLASH

?PR?_SEND_RDEAL?SEND                        -----    -----      0021H    0004H      0D51H    0001H
  +--> ?CO?SEND
  +--> ?PR?_STRNCMP?STRNCMP
  +--> ?PR?SUB_SENDPRMTALL?SUB
  +--> ?PR?SUB_SENDANGXYP?SUB
  +--> ?PR?SUB_SENDANGXY?SUB
  +--> ?PR?SUB_SENDSOFTVER?SUB
  +--> ?PR?SUB_SENDSYSNUM?SUB
  +--> ?PR?SUB_SENDID?SUB
  +--> ?PR?_SUB_STR2INT8U?SUB
  +--> ?PR?_SUB_SENDTEMPCAL?SUB
  +--> ?PR?_COMM_PUTSTR?COMM
  +--> ?PR?GETANGXINST?ANGAPP
  +--> ?PR?GETANGYINST?ANGAPP
  +--> ?PR?_SUB_SENDOFFSET?SUB
  +--> ?PR?_SUB_SENDANGXCAL?SUB
  +--> ?PR?_SUB_SENDANGYCAL?SUB
  +--> ?PR?SUB_SENDERR?SUB

?PR?_STRNCMP?STRNCMP                        -----    -----      0026H    0008H      -----    -----

?PR?SUB_SENDPRMTALL?SUB                     -----    -----      -----    -----      -----    -----
  +--> ?CO?SUB
  +--> ?PR?_COMM_PUTSTR?COMM
  +--> ?PR?GET_MCUTEMP?SENSOR
  +--> ?PR?_COMM_PUTINT16U?SUB
  +--> ?PR?GETXFTVAL?SENSOR
  +--> ?PR?_COMM_PUTINT32U?SUB
  +--> ?PR?_COMM_PUTCHAR?COMM
  +--> ?PR?GETXOFTVAL?SENSOR
  +--> ?PR?GETXANG?SENSOR
BL51 BANKED LINKER/LOCATER V6.22                                                      11/16/2017  16:51:53  PAGE 21


  +--> ?PR?_COMM_PUTINT32S?SUB
  +--> ?PR?GETYFTVAL?SENSOR
  +--> ?PR?GETYOFTVAL?SENSOR
  +--> ?PR?GETYANG?SENSOR
  +--> ?PR?_GETMT?CALMCUT
  +--> ?PR?COMM_PUTNEWLINE?SUB
  +--> ?PR?COMM_SENDSTA?COMM

?PR?_COMM_PUTINT16U?SUB                     -----    -----      -----    -----      -----    -----
  +--> ?PR?_SUB_INT16U2STR?SUB
  +--> ?PR?_COMM_PUTSTR?COMM

?PR?_SUB_INT16U2STR?SUB                     -----    -----      003BH    0005H      -----    -----

?PR?_COMM_PUTINT32U?SUB                     -----    -----      -----    -----      -----    -----
  +--> ?PR?_SUB_INT32U2STR?SUB
  +--> ?PR?_COMM_PUTSTR?COMM

?PR?_SUB_INT32U2STR?SUB                     -----    -----      003BH    0007H      -----    -----

?PR?_GETMT?CALMCUT                          -----    -----      0025H    0002H      0D52H    0005H

?PR?SUB_SENDANGXYP?SUB                      -----    -----      -----    -----      -----    -----
  +--> ?CO?SUB
  +--> ?PR?_COMM_PUTSTR?COMM
  +--> ?PR?GETXANGALLSETVAL?ANGAPP
  +--> ?PR?_COMM_PUTINT32S?SUB
  +--> ?PR?GETYANGALLSETVAL?ANGAPP
  +--> ?PR?GETANGP?ANGAPP
  +--> ?PR?COMM_PUTNEWLINE?SUB
  +--> ?PR?COMM_SENDSTA?COMM

?PR?SUB_SENDSOFTVER?SUB                     -----    -----      -----    -----      -----    -----
  +--> ?CO?SUB
  +--> ?PR?_COMM_PUTSTR?COMM
  +--> ?PR?COMM_PUTNEWLINE?SUB
  +--> ?PR?COMM_SENDSTA?COMM

?PR?SUB_SENDSYSNUM?SUB                      -----    -----      -----    -----      -----    -----
  +--> ?CO?SUB
  +--> ?PR?_COMM_PUTSTR?COMM
  +--> ?PR?COMM_PUTNEWLINE?SUB
  +--> ?PR?COMM_SENDSTA?COMM

?PR?SUB_SENDID?SUB                          -----    -----      -----    -----      -----    -----
  +--> ?PR?_COMM_PUTINT16U?SUB
  +--> ?PR?_COMM_PUTCHAR?COMM
  +--> ?PR?GETANGXCALCNT?CALIBRATION
  +--> ?PR?GETTEMPXCALCNT?CALIBRATION
  +--> ?PR?COMM_PUTNEWLINE?SUB
  +--> ?PR?COMM_SENDSTA?COMM

?PR?_SUB_STR2INT8U?SUB                      -----    -----      -----    -----      0D5BH    0001H

?PR?_SUB_SENDTEMPCAL?SUB                    -----    -----      0025H    0001H      -----    -----
  +--> ?CO?SUB
  +--> ?PR?_COMM_PUTSTR?COMM
BL51 BANKED LINKER/LOCATER V6.22                                                      11/16/2017  16:51:53  PAGE 22


  +--> ?PR?_COMM_PUTINT8U?SUB
  +--> ?PR?_COMM_PUTCHAR?COMM
  +--> ?PR?_GETTEMPXCALTEMPVAL?CALIBRATION
  +--> ?PR?_COMM_PUTINT16U?SUB
  +--> ?PR?_GETTEMPXCALADCVAL?CALIBRATION
  +--> ?PR?_COMM_PUTINT32SAD?SUB
  +--> ?PR?_GETTEMPYCALADCVAL?CALIBRATION
  +--> ?PR?COMM_PUTNEWLINE?SUB
  +--> ?PR?COMM_SENDSTA?COMM

?PR?_COMM_PUTINT8U?SUB                      -----    -----      -----    -----      -----    -----
  +--> ?PR?_SUB_INT8U2STR?SUB
  +--> ?PR?_COMM_PUTSTR?COMM

?PR?_COMM_PUTINT32SAD?SUB                   -----    -----      -----    -----      -----    -----
  +--> ?PR?_SUB_INT32U2STR?SUB
  +--> ?PR?_COMM_PUTSTR?COMM

?PR?_SUB_SENDOFFSET?SUB                     -----    -----      -----    -----      -----    -----
  +--> ?PR?_COMM_PUTINT32S?SUB
  +--> ?PR?COMM_PUTNEWLINE?SUB
  +--> ?PR?COMM_SENDSTA?COMM

?PR?_SUB_SENDANGXCAL?SUB                    -----    -----      0025H    0001H      -----    -----
  +--> ?CO?SUB
  +--> ?PR?_COMM_PUTSTR?COMM
  +--> ?PR?_COMM_PUTINT8U?SUB
  +--> ?PR?_GETANGXCALADCVAL?CALIBRATION
  +--> ?PR?_COMM_PUTINT32U?SUB
  +--> ?PR?_COMM_PUTINT16S?SUB
  +--> ?PR?COMM_PUTNEWLINE?SUB
  +--> ?PR?COMM_SENDSTA?COMM

?PR?_COMM_PUTINT16S?SUB                     -----    -----      -----    -----      -----    -----
  +--> ?PR?_SUB_INT16S2STR?SUB
  +--> ?PR?_COMM_PUTSTR?COMM

?PR?_SUB_INT16S2STR?SUB                     -----    -----      -----    -----      -----    -----
  +--> ?PR?_SUB_INT16U2STR?SUB

?PR?_SUB_SENDANGYCAL?SUB                    -----    -----      0025H    0001H      -----    -----
  +--> ?CO?SUB
  +--> ?PR?_COMM_PUTSTR?COMM
  +--> ?PR?_COMM_PUTINT8U?SUB
  +--> ?PR?_COMM_PUTCHAR?COMM
  +--> ?PR?_GETANGYCALADCVAL?CALIBRATION
  +--> ?PR?_COMM_PUTINT32U?SUB
  +--> ?PR?_COMM_PUTINT16S?SUB
  +--> ?PR?COMM_PUTNEWLINE?SUB
  +--> ?PR?COMM_SENDSTA?COMM

?PR?SUB_SENDERR?SUB                         -----    -----      -----    -----      -----    -----
  +--> ?CO?SUB
  +--> ?PR?_COMM_PUTSTR?COMM
  +--> ?PR?COMM_PUTNEWLINE?SUB
  +--> ?PR?COMM_SENDSTA?COMM

BL51 BANKED LINKER/LOCATER V6.22                                                      11/16/2017  16:51:53  PAGE 23


?PR?_SEND_CDEAL?SEND                        -----    -----      0021H    0004H      -----    -----
  +--> ?CO?SEND
  +--> ?PR?_STRNCMP?STRNCMP
  +--> ?PR?SUB_SENDERR?SUB
  +--> ?PR?_SETANGXSYSZERO?ANGAPP
  +--> ?PR?_SETANGYSYSZERO?ANGAPP
  +--> ?PR?_COMM_PUTSTR?COMM
  +--> ?PR?SUB_SENDOK?SUB
  +--> ?PR?_SETANGXUSRZERO?ANGAPP
  +--> ?PR?ADC_XCALSTA?CMDSUB
  +--> ?PR?ADC_XCALSTOP?CMDSUB
  +--> ?PR?ADC_YCALSTA?CMDSUB
  +--> ?PR?ADC_YCALSTOP?CMDSUB
  +--> ?PR?_SETANGYUSRZERO?ANGAPP
  +--> ?PR?TEMP_CALSTA?CMDSUB
  +--> ?PR?TEMP_CALSTOP?CMDSUB
  +--> ?PR?MCUT_CALSTA?CALMCUT
  +--> ?PR?MCUT_CALSTOP?CALMCUT

?PR?SUB_SENDOK?SUB                          -----    -----      -----    -----      -----    -----
  +--> ?CO?SUB
  +--> ?PR?_COMM_PUTSTR?COMM
  +--> ?PR?COMM_PUTNEWLINE?SUB
  +--> ?PR?COMM_SENDSTA?COMM

?PR?_SEND_SDEAL?SEND                        -----    -----      0021H    0005H      0D51H    0007H
  +--> ?CO?SEND
  +--> ?PR?_STRNCMP?STRNCMP
  +--> ?PR?_COMM_PUTSTR?COMM
  +--> ?PR?SUB_SENDOK?SUB
  +--> ?PR?SUB_SENDERR?SUB
  +--> ?PR?SUB_SENDANGXY?SUB
  +--> ?PR?_SUB_STR2INT8U?SUB
  +--> ?PR?_SETFILTERCNT?SENSOR
  +--> ?PR?GETXANG?SENSOR
  +--> ?PR?_SETANGXSYSZERO?ANGAPP
  +--> ?PR?GETYANG?SENSOR
  +--> ?PR?_SETANGYSYSZERO?ANGAPP
  +--> ?PR?GETANGXRELSYS?ANGAPP
  +--> ?PR?_SETANGXUSRZERO?ANGAPP
  +--> ?PR?GETANGYRELSYS?ANGAPP
  +--> ?PR?_SETANGYUSRZERO?ANGAPP
  +--> ?PR?_SUB_STR2INT32SANG?SUB
  +--> ?PR?_SETANGXINST?ANGAPP
  +--> ?PR?_SETANGYINST?ANGAPP
  +--> ?PR?_SETANGCALCNT?CALIBRATION
  +--> ?PR?_SETTEMPCALCNT?CALIBRATION
  +--> ?PR?_SETMCUTCALCNT?CALMCUT
  +--> ?PR?GETXOFTVAL?SENSOR
  +--> ?PR?_ADC_XCALPROC?CMDSUB
  +--> ?PR?_COMM_PUTCHAR?COMM
  +--> ?PR?GETANGXCALCNT?CALIBRATION
  +--> ?PR?_ANGCHKDIFF?CMDSUB
  +--> ?PR?_COMM_PUTINT32U?SUB
  +--> ?PR?ADC_XCALSTOP?CMDSUB
  +--> ?PR?GETYOFTVAL?SENSOR
  +--> ?PR?_ADC_YCALPROC?CMDSUB
BL51 BANKED LINKER/LOCATER V6.22                                                      11/16/2017  16:51:53  PAGE 24


  +--> ?PR?ADC_YCALSTOP?CMDSUB
  +--> ?PR?_SUB_STR2INT8S?SUB
  +--> ?PR?GET_MCUTEMP?SENSOR
  +--> ?PR?_MCUT_CALSAMP?CALMCUT
  +--> ?PR?GETXFTVAL?SENSOR
  +--> ?PR?GETYFTVAL?SENSOR
  +--> ?PR?_TEMP_CALSAMP?CMDSUB
  +--> ?PR?_TEMP_CALTREFSET?CMDSUB
  +--> ?PR?_SETANGXSET?ANGAPP
  +--> ?PR?_SETANGYSET?ANGAPP
  +--> ?PR?_SETANGPSET?ANGAPP
  +--> ?PR?_SUB_STRALARMCHECK?SUB
  +--> ?PR?_DELAY_MS?DELAY
  +--> ?PR?SUB_SYSRST?SUB

?PR?_SUB_STR2INT32SANG?SUB                  -----    -----      0026H    0006H      0D58H    0004H

?PR?_ADC_XCALPROC?CMDSUB                    -----    -----      0026H    0008H      -----    -----
  +--> ?PR?_ANGCHKDIFF?CMDSUB

?PR?_ANGCHKDIFF?CMDSUB                      -----    -----      002EH    000FH      0D58H    0001H

?PR?_ADC_YCALPROC?CMDSUB                    -----    -----      0026H    0008H      -----    -----
  +--> ?PR?_ANGCHKDIFF?CMDSUB

?PR?_SUB_STR2INT8S?SUB                      -----    -----      0026H    0003H      0D58H    0001H
  +--> ?PR?_SUB_STR2INT8U?SUB

?PR?_MCUT_CALSAMP?CALMCUT                   -----    -----      0026H    0004H      -----    -----
  +--> ?PR?_MCUT_CALVALWR?CALMCUT
  +--> ?PR?_SUB_SENDMCUT?SUB

?PR?_MCUT_CALVALWR?CALMCUT                  -----    -----      002AH    0003H      -----    -----

?PR?_SUB_SENDMCUT?SUB                       -----    -----      002AH    0004H      -----    -----
  +--> ?CO?SUB
  +--> ?PR?_COMM_PUTSTR?COMM
  +--> ?PR?_COMM_PUTINT16S?SUB
  +--> ?PR?_COMM_PUTINT16U?SUB
  +--> ?PR?COMM_PUTNEWLINESTA?SUB

?PR?COMM_PUTNEWLINESTA?SUB                  -----    -----      -----    -----      -----    -----
  +--> ?PR?_COMM_PUTCHAR?COMM
  +--> ?PR?COMM_SENDSTA?COMM

?PR?_TEMP_CALSAMP?CMDSUB                    -----    -----      0026H    000BH      -----    -----
  +--> ?PR?_SUB_SENDADCTXY?SUB
  +--> ?PR?_TEMP_CALVALWR?CMDSUB

?PR?_SUB_SENDADCTXY?SUB                     -----    -----      0031H    000AH      -----    -----
  +--> ?CO?SUB
  +--> ?PR?_COMM_PUTSTR?COMM
  +--> ?PR?_COMM_PUTINT16U?SUB
  +--> ?PR?_COMM_PUTINT32U?SUB
  +--> ?PR?COMM_PUTNEWLINE?SUB
  +--> ?PR?COMM_SENDSTA?COMM

BL51 BANKED LINKER/LOCATER V6.22                                                      11/16/2017  16:51:53  PAGE 25


?PR?_TEMP_CALVALWR?CMDSUB                   -----    -----      0031H    000BH      -----    -----
  +--> ?PR?_SETTEMPXCALADCVAL?CALIBRATION
  +--> ?PR?_SETTEMPYCALADCVAL?CALIBRATION

?PR?_TEMP_CALTREFSET?CMDSUB                 -----    -----      0026H    0001H      0D58H    0009H
  +--> ?PR?TEMP_CALSTOP?CMDSUB

?PR?_SUB_STRALARMCHECK?SUB                  -----    -----      0026H    0006H      -----    -----

?PR?_SEND_UDEAL?SEND                        -----    -----      0021H    0004H      -----    -----
  +--> ?CO?SEND
  +--> ?PR?_STRNCMP?STRNCMP
  +--> ?PR?FLASH_CALDATAUPDATE?FLASH
  +--> ?PR?FLASH_USERDATAUPDATE?FLASH
  +--> ?PR?_COMM_PUTSTR?COMM
  +--> ?PR?SUB_SENDOK?SUB
  +--> ?PR?SUB_SENDERR?SUB

?PR?_SEND_WDEAL?SEND                        -----    -----      0021H    0004H      0D51H    000AH
  +--> ?CO?SEND
  +--> ?PR?_STRNCMP?STRNCMP
  +--> ?PR?_SUB_STR2INT32S?SUB
  +--> ?PR?_SUB_STR2INT16U?SUB
  +--> ?PR?_SUB_STR2INT8U?SUB
  +--> ?PR?_TEMP_CALVALWR?CMDSUB
  +--> ?PR?SUB_SENDERR?SUB
  +--> ?PR?_STRNCPY?STRNCPY
  +--> ?PR?_COMM_PUTSTR?COMM
  +--> ?PR?SUB_SENDOK?SUB

?PR?_SUB_STR2INT32S?SUB                     -----    -----      0025H    0006H      0D5BH    0005H

?PR?_SUB_STR2INT16U?SUB                     -----    -----      0025H    0006H      0D5BH    0001H

?PR?_STRNCPY?STRNCPY                        -----    -----      0025H    000AH      -----    -----

?PR?_SEND_TDEAL?SEND                        -----    -----      0021H    0001H      -----    -----
  +--> ?CO?SEND
  +--> ?PR?_STRNCMP?STRNCMP
  +--> ?PR?SUB_SENDTCALTEST?SUB

?PR?SUB_SENDTCALTEST?SUB                    -----    -----      -----    -----      0D51H    0008H
  +--> ?PR?GET_MCUTEMP?SENSOR
  +--> ?PR?_COMM_PUTINT16U?SUB
  +--> ?PR?_COMM_PUTCHAR?COMM
  +--> ?PR?_COMM_PUTINT32SAD?SUB
  +--> ?PR?COMM_PUTNEWLINE?SUB
  +--> ?PR?COMM_SENDSTA?COMM

*** NEW ROOT ***************************************************

?PR?COMM_ISR?COMM                           -----    -----      004BH    0002H      -----    -----
  +--> ?PR?_COMM_GETTXCHAR?COMM
  +--> ?PR?COMM_SENDSTOP?COMM
  +--> ?PR?_COMM_PUTRXCHAR?COMM
  +--> ?PR?COMM_TIMERINIT?COMM

BL51 BANKED LINKER/LOCATER V6.22                                                      11/16/2017  16:51:53  PAGE 26


?PR?_COMM_GETTXCHAR?COMM                    -----    -----      004DH    0006H      -----    -----

?PR?_COMM_PUTRXCHAR?COMM                    -----    -----      004DH    0003H      -----    -----

*** NEW ROOT ***************************************************

?PR?TIMER2_ISR?TIMER                        -----    -----      -----    -----      -----    -----
  +--> ?PR?TIMER2_TASKINISR?TIMER
  +--> ?PR?_SENSORSPI_WRITE?SPI

?PR?TIMER2_TASKINISR?TIMER                  -----    -----      -----    -----      -----    -----
  +--> ?PR?COMM_TIMERPROC?COMM
  +--> ?CO?SEND

?PR?_SENSORSPI_WRITE?SPI                    -----    -----      0053H    0004H      -----    -----
  +--> ?PR?_DELAY_CYC?DELAY

*** NEW ROOT ***************************************************

?PR?INT0_ISR?INT0                           -----    -----      -----    -----      -----    -----
  +--> ?PR?INT0_DISABLE?INT0
  +--> ?PR?AD7176_INTPROC?AD7176
  +--> ?PR?INT0_ENABLE?INT0

?PR?AD7176_INTPROC?AD7176                   -----    -----      -----    -----      -----    -----
  +--> ?PR?_SPI_READ?SPI

?PR?_SPI_READ?SPI                           -----    -----      0057H    0006H      -----    -----
  +--> ?CO?SPI
  +--> ?PR?_SPI_WRITE_INT?SPI
  +--> ?PR?DELAYXUS?DELAY

?PR?_SPI_WRITE_INT?SPI                      -----    -----      005DH    0001H      -----    -----



SYMBOL TABLE OF MODULE:  .\obj\test (?C_STARTUP)

  VALUE           TYPE          NAME
  ----------------------------------

  -------         MODULE        ?C_STARTUP
  C:65EFH         SEGMENT       ?C_C51STARTUP
  I:005EH         SEGMENT       ?STACK
  C:0000H         PUBLIC        ?C_STARTUP
  D:00E0H         SYMBOL        ACC
  D:00F0H         SYMBOL        B
  D:0083H         SYMBOL        DPH
  D:0082H         SYMBOL        DPL
  N:0000H         SYMBOL        IBPSTACK
  N:0100H         SYMBOL        IBPSTACKTOP
  N:0080H         SYMBOL        IDATALEN
  C:65F2H         SYMBOL        IDATALOOP
  N:0000H         SYMBOL        PBPSTACK
  N:0100H         SYMBOL        PBPSTACKTOP
  N:0000H         SYMBOL        PDATALEN
  N:0000H         SYMBOL        PDATASTART
BL51 BANKED LINKER/LOCATER V6.22                                                      11/16/2017  16:51:53  PAGE 27


  N:0000H         SYMBOL        PPAGE
  N:0000H         SYMBOL        PPAGEENABLE
  D:00A0H         SYMBOL        PPAGE_SFR
  D:0081H         SYMBOL        SP
  C:65EFH         SYMBOL        STARTUP1
  N:0000H         SYMBOL        XBPSTACK
  N:0000H         SYMBOL        XBPSTACKTOP
  N:0000H         SYMBOL        XDATALEN
  N:0000H         SYMBOL        XDATASTART
  C:0000H         LINE#         126
  C:65EFH         LINE#         133
  C:65F1H         LINE#         134
  C:65F2H         LINE#         135
  C:65F3H         LINE#         136
  C:65F5H         LINE#         185
  C:65F8H         LINE#         196
  -------         ENDMOD        ?C_STARTUP

  -------         MODULE        AD7176
  C:0000H         SYMBOL        _ICE_DUMMY_
  C:6B09H         PUBLIC        AD7176_IntProc
  C:7A8AH         PUBLIC        _AD7176_FilterConfig
  D:0090H         PUBLIC        P1
  C:8277H         PUBLIC        _AD7176_OffsetConfig
  D:00A0H         PUBLIC        P2
  X:0768H         PUBLIC        sample
  C:8597H         PUBLIC        Adc_GetXVal
  C:859EH         PUBLIC        Adc_GetYVal
  C:7EDCH         PUBLIC        _AD7176_SetUpConfig
  C:752EH         PUBLIC        _AD7176_INTModeConfig
  X:076CH         PUBLIC        WrRegVal
  C:5740H         PUBLIC        AD7176_InMainProc
  C:8289H         PUBLIC        _AD7176_GainConfig
  X:076EH         PUBLIC        x_axis_adc
  X:0804H         PUBLIC        y_axis_adc
  X:089AH         PUBLIC        q1
  C:706CH         PUBLIC        AdcEntityInit
  X:08A0H         PUBLIC        q2
  X:08A6H         PUBLIC        state
  C:85A5H         PUBLIC        Adc_GetTemp
  B:00F8H.2       PUBLIC        NSSMD0
  X:08A7H         PUBLIC        WordLen
  C:7EB9H         PUBLIC        AD7176_Reset
  X:08A9H         PUBLIC        temp_adc
  C:83A7H         SYMBOL        _?ix1000
  C:83AFH         SYMBOL        _?ix1001
  X:093FH         PUBLIC        mode_test
  C:6E16H         PUBLIC        _AD7176_WrRegVal
  X:0943H         PUBLIC        conf_test
  C:5D0BH         PUBLIC        AD7176_Init
  C:7BE1H         PUBLIC        _AD7176_ChannelConfig
  C:7E96H         PUBLIC        Init_Samad
  X:0947H         PUBLIC        AD_Data
  X:094CH         PUBLIC        Adc_Flag
  C:7CE3H         PUBLIC        _AD7176_ADCModeConfig
  C:5B9DH         PUBLIC        _AdcFilter
  -------         PROC          INIT_SAMAD
BL51 BANKED LINKER/LOCATER V6.22                                                      11/16/2017  16:51:53  PAGE 28


  C:7E96H         LINE#         13
  C:7E96H         LINE#         14
  C:7E96H         LINE#         15
  C:7EA7H         LINE#         16
  C:7EB8H         LINE#         17
  -------         ENDPROC       INIT_SAMAD
  -------         PROC          ADC_GETXVAL
  C:8597H         LINE#         27
  C:8597H         LINE#         28
  C:8597H         LINE#         29
  C:859DH         LINE#         30
  -------         ENDPROC       ADC_GETXVAL
  -------         PROC          ADC_GETYVAL
  C:859EH         LINE#         38
  C:859EH         LINE#         39
  C:859EH         LINE#         40
  C:85A4H         LINE#         41
  -------         ENDPROC       ADC_GETYVAL
  -------         PROC          AD7176_RESET
  -------         DO            
  X:0D51H         SYMBOL        Regarr
  -------         ENDDO         
  C:7EB9H         LINE#         51
  C:7EB9H         LINE#         52
  C:7EB9H         LINE#         53
  C:7ECCH         LINE#         54
  C:7ECEH         LINE#         55
  C:7ED9H         LINE#         56
  C:7EDBH         LINE#         57
  -------         ENDPROC       AD7176_RESET
  -------         PROC          AD7176_INIT
  C:5D0BH         LINE#         67
  C:5D0BH         LINE#         68
  C:5D0BH         LINE#         70
  C:5D0EH         LINE#         72
  C:5D11H         LINE#         74
  C:5D22H         LINE#         77
  C:5D35H         LINE#         78
  C:5D46H         LINE#         81
  C:5D5AH         LINE#         82
  C:5D71H         LINE#         83
  C:5D7CH         LINE#         84
  C:5D96H         LINE#         85
  C:5DB8H         LINE#         88
  C:5DBBH         LINE#         90
  -------         ENDPROC       AD7176_INIT
  -------         PROC          _AD7176_WRREGVAL
  D:0031H         SYMBOL        RegAdd
  D:0032H         SYMBOL        RegVal
  D:0036H         SYMBOL        NumOfBytes
  -------         DO            
  D:0037H         SYMBOL        mid_arr
  D:0003H         SYMBOL        i
  D:003CH         SYMBOL        temp
  -------         ENDDO         
  C:6E16H         LINE#         94
  C:6E18H         LINE#         95
BL51 BANKED LINKER/LOCATER V6.22                                                      11/16/2017  16:51:53  PAGE 29


  C:6E18H         LINE#         96
  C:6E2BH         LINE#         100
  C:6E2EH         LINE#         102
  C:6E30H         LINE#         103
  C:6E3BH         LINE#         106
  C:6E47H         LINE#         107
  C:6E4FH         LINE#         108
  C:6E4FH         LINE#         109
  C:6E6AH         LINE#         110
  C:6E6DH         LINE#         111
  C:6E78H         LINE#         114
  C:6E7AH         LINE#         116
  -------         ENDPROC       _AD7176_WRREGVAL
  -------         PROC          _AD7176_ADCMODECONFIG
  D:0006H         SYMBOL        RefEn
  D:0004H         SYMBOL        SingCycEn
  D:0002H         SYMBOL        Delay
  D:0027H         SYMBOL        OpMode
  D:0029H         SYMBOL        ClockSel
  C:7CE3H         LINE#         118
  C:7CE3H         LINE#         119
  C:7CE3H         LINE#         120
  C:7D04H         LINE#         121
  -------         ENDPROC       _AD7176_ADCMODECONFIG
  -------         PROC          _AD7176_INTMODECONFIG
  D:0006H         SYMBOL        AltSyncEn
  D:0004H         SYMBOL        IostrengthEn
  D:0002H         SYMBOL        DoutReset
  D:0027H         SYMBOL        ContReadEn
  D:0029H         SYMBOL        DataStat
  D:002BH         SYMBOL        RegCheckEn
  D:002DH         SYMBOL        CrcEn
  D:002FH         SYMBOL        WordLen
  C:752EH         LINE#         124
  C:752EH         LINE#         127
  C:752EH         LINE#         128
  C:7567H         LINE#         130
  C:756DH         LINE#         131
  -------         ENDPROC       _AD7176_INTMODECONFIG
  -------         PROC          _AD7176_CHANNELCONFIG
  D:0007H         SYMBOL        RegChanSel
  D:0004H         SYMBOL        ChanEn
  D:0002H         SYMBOL        SetupSelNumber
  D:0026H         SYMBOL        AinPos
  D:0028H         SYMBOL        AinNeg
  C:7BE1H         LINE#         134
  C:7BE1H         LINE#         135
  C:7BE1H         LINE#         136
  C:7BFFH         LINE#         137
  -------         ENDPROC       _AD7176_CHANNELCONFIG
  -------         PROC          _AD7176_SETUPCONFIG
  D:0007H         SYMBOL        RegSetupConfigNumber
  D:0004H         SYMBOL        BiUniPolar
  D:0002H         SYMBOL        RefSel
  C:7EDCH         LINE#         141
  C:7EDCH         LINE#         142
  C:7EDCH         LINE#         143
BL51 BANKED LINKER/LOCATER V6.22                                                      11/16/2017  16:51:53  PAGE 30


  C:7EE9H         LINE#         144
  -------         ENDPROC       _AD7176_SETUPCONFIG
  -------         PROC          _AD7176_FILTERCONFIG
  D:0007H         SYMBOL        RefFilConfigNumber
  D:0004H         SYMBOL        Sinc3Map
  D:0002H         SYMBOL        EnFiltEn
  D:0026H         SYMBOL        EnFilSel
  D:0028H         SYMBOL        Order
  D:002AH         SYMBOL        outputdatarate
  C:7A8AH         LINE#         147
  C:7A8AH         LINE#         148
[...]
  C:6A11H         LINE#         634
  C:6A19H         LINE#         635
  -------         ENDPROC       _SUB_BUFBUBBLE
  -------         PROC          _SUB_BUFBUBBLE2
  D:0027H         SYMBOL        id
  D:002AH         SYMBOL        x
  D:002DH         SYMBOL        y
  D:0030H         SYMBOL        n
  -------         DO            
  X:0D61H         SYMBOL        i
  X:0D62H         SYMBOL        j
  -------         ENDDO         
  C:6A1AH         LINE#         637
  C:6A20H         LINE#         639
  C:6A20H         LINE#         642
  C:6A2EH         LINE#         643
  C:6A3FH         LINE#         644
  C:6A69H         LINE#         645
  C:6A6FH         LINE#         646
  C:6A78H         LINE#         647
  C:6A81H         LINE#         648
BL51 BANKED LINKER/LOCATER V6.22                                                      11/16/2017  16:51:53  PAGE 113


  C:6A81H         LINE#         649
  C:6A89H         LINE#         650
  C:6A92H         LINE#         651
  -------         ENDPROC       _SUB_BUFBUBBLE2
  -------         PROC          _SUB_BUFBUBBLE16S
  D:0025H         SYMBOL        id
  D:0028H         SYMBOL        x
  D:002BH         SYMBOL        n
  -------         DO            
  X:0D51H         SYMBOL        i
  X:0D52H         SYMBOL        j
  -------         ENDDO         
  C:6920H         LINE#         654
  C:6926H         LINE#         655
  C:6926H         LINE#         658
  C:6934H         LINE#         659
  C:6945H         LINE#         660
  C:6975H         LINE#         661
  C:6981H         LINE#         662
  C:698DH         LINE#         663
  C:698DH         LINE#         664
  C:6995H         LINE#         665
  C:699DH         LINE#         666
  -------         ENDPROC       _SUB_BUFBUBBLE16S
  -------         PROC          SUB_SYSRST
  -------         DO            
  D:0007H         SYMBOL        SfrPage_
  -------         ENDDO         
  C:84FFH         LINE#         668
  C:84FFH         LINE#         669
  C:8501H         LINE#         672
  C:8504H         LINE#         673
  C:8507H         LINE#         674
  C:8509H         LINE#         675
  -------         ENDPROC       SUB_SYSRST
  -------         PROC          _SUB_STRALARMCHECK
  D:0026H         SYMBOL        val
  D:0029H         SYMBOL        str
  C:7D44H         LINE#         677
  C:7D4AH         LINE#         678
  C:7D4AH         LINE#         679
  C:7D5CH         LINE#         680
  C:7D5CH         LINE#         681
  C:7D6DH         LINE#         682
  C:7D70H         LINE#         683
  C:7D70H         LINE#         685
  C:7D70H         LINE#         686
  C:7D72H         LINE#         687
  C:7D72H         LINE#         688
  -------         ENDPROC       _SUB_STRALARMCHECK
  -------         ENDMOD        SUB

  -------         MODULE        TIMER
  C:0000H         SYMBOL        _ICE_DUMMY_
  D:0090H         PUBLIC        P1
  D:0017H         SYMBOL        MainTime4En
  D:00A0H         PUBLIC        P2
BL51 BANKED LINKER/LOCATER V6.22                                                      11/16/2017  16:51:53  PAGE 114


  C:6256H         PUBLIC        Timer2_ISR
  D:00A7H         PUBLIC        SFRPAGE
  C:7BABH         PUBLIC        Timer2_TaskInIsr
  B:00C8H.7       PUBLIC        TF2H
  D:00B8H         PUBLIC        IP
  D:00CCH         PUBLIC        TMR2
  X:0D82H         SYMBOL        count
  C:7AC5H         PUBLIC        Timer2_Init
  D:00C8H         PUBLIC        TMR2CN
  D:00CAH         PUBLIC        TMR2RL
  X:0D83H         PUBLIC        vas
  B:00A8H.5       PUBLIC        ET2
  B:00C8H.2       PUBLIC        TR2
  X:0D84H         SYMBOL        count_in
  C:82ADH         PUBLIC        Timer2_TaskInMain
  X:0D85H         PUBLIC        sum_temp
  D:008EH         PUBLIC        CKCON
  X:0D87H         PUBLIC        MainTime4Cnt
  -------         PROC          TIMER2_INIT
  -------         DO            
  D:0007H         SYMBOL        SfrPage_
  -------         ENDDO         
  C:7AC5H         LINE#         34
  C:7AC5H         LINE#         35
  C:7AC5H         LINE#         36
  C:7AC7H         LINE#         37
  C:7ACAH         LINE#         38
  C:7ACCH         LINE#         39
  C:7ACFH         LINE#         40
  C:7AD5H         LINE#         41
  C:7ADBH         LINE#         42
  C:7ADEH         LINE#         43
  C:7AE0H         LINE#         44
  C:7AE2H         LINE#         45
  C:7AE4H         LINE#         46
  C:7AFFH         LINE#         47
  -------         ENDPROC       TIMER2_INIT
  -------         PROC          TIMER2_ISR
  C:6256H         LINE#         83
  C:6273H         LINE#         85
  C:6275H         LINE#         86
  C:6278H         LINE#         87
  C:6283H         LINE#         88
  C:6283H         LINE#         89
  C:628DH         LINE#         90
  C:6296H         LINE#         91
  C:629BH         LINE#         92
  C:62A6H         LINE#         93
  C:62A6H         LINE#         94
  C:62BCH         LINE#         95
  C:62C1H         LINE#         96
  C:62C5H         LINE#         97
  C:62C5H         LINE#         98
  C:62C5H         LINE#         99
  C:62D8H         LINE#         100
  C:62D8H         LINE#         101
  C:62DEH         LINE#         102
BL51 BANKED LINKER/LOCATER V6.22                                                      11/16/2017  16:51:53  PAGE 115


  C:62DEH         LINE#         103
  -------         ENDPROC       TIMER2_ISR
  -------         PROC          TIMER2_TASKINISR
  C:7BABH         LINE#         122
  C:7BABH         LINE#         123
  C:7BABH         LINE#         124
  C:7BAEH         LINE#         125
  C:7BB8H         LINE#         126
  C:7BC2H         LINE#         127
  C:7BC2H         LINE#         128
  C:7BDDH         LINE#         129
  C:7BE0H         LINE#         131
  C:7BE0H         LINE#         132
  -------         ENDPROC       TIMER2_TASKINISR
  -------         PROC          TIMER2_TASKINMAIN
  C:82ADH         LINE#         140
  C:82ADH         LINE#         141
  C:82ADH         LINE#         142
  C:82B2H         LINE#         143
  C:82B2H         LINE#         144
  C:82B5H         LINE#         145
  C:82BBH         LINE#         146
  C:82BEH         LINE#         148
  C:82BEH         LINE#         149
  -------         ENDPROC       TIMER2_TASKINMAIN
  -------         ENDMOD        TIMER

  -------         MODULE        INT0
  C:0000H         SYMBOL        _ICE_DUMMY_
  D:0090H         PUBLIC        P1
  D:00A0H         PUBLIC        P2
  C:869DH         PUBLIC        Int0_Enable
  D:00E4H         PUBLIC        IT01CF
  D:00A7H         PUBLIC        SFRPAGE
  C:7850H         PUBLIC        Int0_ISR
  B:0088H.1       PUBLIC        IE0
  D:0015H         PUBLIC        tem
  B:00A8H.0       PUBLIC        EX0
  B:0088H.0       PUBLIC        IT0
  C:82BFH         PUBLIC        Int0_Init
  D:0016H         PUBLIC        a
  C:86B5H         PUBLIC        Int0_Disable
  -------         PROC          INT0_ENABLE
  C:869DH         LINE#         14
  C:869DH         LINE#         15
  C:869DH         LINE#         16
  C:869FH         LINE#         17
  C:86A1H         LINE#         18
  -------         ENDPROC       INT0_ENABLE
  -------         PROC          INT0_INIT
  -------         DO            
  D:0007H         SYMBOL        page_temp
  -------         ENDDO         
  C:82BFH         LINE#         29
  C:82BFH         LINE#         30
  C:82BFH         LINE#         32
  C:82C1H         LINE#         33
BL51 BANKED LINKER/LOCATER V6.22                                                      11/16/2017  16:51:53  PAGE 116


  C:82C4H         LINE#         34
  C:82C6H         LINE#         35
  C:82C9H         LINE#         36
  C:82CCH         LINE#         37
  C:82CEH         LINE#         38
  -------         ENDPROC       INT0_INIT
  -------         PROC          INT0_DISABLE
  C:86B5H         LINE#         42
  C:86B5H         LINE#         43
  C:86B5H         LINE#         44
  C:86B7H         LINE#         45
  -------         ENDPROC       INT0_DISABLE
  -------         PROC          INT0_ISR
  C:7850H         LINE#         49
  C:786DH         LINE#         51
  C:786FH         LINE#         52
  C:7872H         LINE#         53
  C:7875H         LINE#         54
  C:7878H         LINE#         56
  -------         ENDPROC       INT0_ISR
  -------         ENDMOD        INT0

  -------         MODULE        KEY
  C:0000H         SYMBOL        _ICE_DUMMY_
  D:0090H         PUBLIC        P1
  D:00A0H         PUBLIC        P2
  X:0D89H         PUBLIC        KeyEnb
  -------         ENDMOD        KEY

  -------         MODULE        ?C?FPADD
  C:0D30H         PUBLIC        ?C?FPADD
  C:0D2CH         PUBLIC        ?C?FPSUB
  -------         ENDMOD        ?C?FPADD

  -------         MODULE        ?C?FPMUL
  C:0E21H         PUBLIC        ?C?FPMUL
  -------         ENDMOD        ?C?FPMUL

  -------         MODULE        ?C?FPDIV
  C:0F2AH         PUBLIC        ?C?FPDIV
  -------         ENDMOD        ?C?FPDIV

  -------         MODULE        ?C?FPCMP
  C:0FC9H         PUBLIC        ?C?FPCMP
  C:0FC7H         PUBLIC        ?C?FPCMP3
  -------         ENDMOD        ?C?FPCMP

  -------         MODULE        ?C?FCAST
  C:103EH         PUBLIC        ?C?FCASTC
  C:1039H         PUBLIC        ?C?FCASTI
  C:1034H         PUBLIC        ?C?FCASTL
  -------         ENDMOD        ?C?FCAST

  -------         MODULE        ?C?CASTF
  C:1072H         PUBLIC        ?C?CASTF
  -------         ENDMOD        ?C?CASTF

BL51 BANKED LINKER/LOCATER V6.22                                                      11/16/2017  16:51:53  PAGE 117


  -------         MODULE        SQRT
  C:5F1DH         PUBLIC        _SQRT
  -------         ENDMOD        SQRT

  -------         MODULE        SIN
  C:47C5H         PUBLIC        _COS
  C:47DBH         PUBLIC        _SIN
  C:480DH         PUBLIC        _TAN
  -------         ENDMOD        SIN

  -------         MODULE        ASIN
  C:7B00H         PUBLIC        _ASIN
  -------         ENDMOD        ASIN

  -------         MODULE        ATAN
  C:4CABH         PUBLIC        _ATAN
  -------         ENDMOD        ATAN

  -------         MODULE        ?C?COPY
  C:1210H         PUBLIC        ?C?COPY
  -------         ENDMOD        ?C?COPY

  -------         MODULE        ?C?CLDPTR
  C:1236H         PUBLIC        ?C?CLDPTR
  -------         ENDMOD        ?C?CLDPTR

  -------         MODULE        ?C?CLDOPTR
  C:124FH         PUBLIC        ?C?CLDOPTR
  -------         ENDMOD        ?C?CLDOPTR

  -------         MODULE        ?C?CILDPTR
  C:127CH         PUBLIC        ?C?CILDPTR
  -------         ENDMOD        ?C?CILDPTR

  -------         MODULE        ?C?CSTPTR
  C:129EH         PUBLIC        ?C?CSTPTR
  -------         ENDMOD        ?C?CSTPTR

  -------         MODULE        ?C?CSTOPTR
  C:12B0H         PUBLIC        ?C?CSTOPTR
  -------         ENDMOD        ?C?CSTOPTR

  -------         MODULE        ?C?IMUL
  C:12D2H         PUBLIC        ?C?IMUL
  -------         ENDMOD        ?C?IMUL

  -------         MODULE        ?C?UIDIV
  C:12E4H         PUBLIC        ?C?UIDIV
  -------         ENDMOD        ?C?UIDIV

  -------         MODULE        ?C?SIDIV
  C:1339H         PUBLIC        ?C?SIDIV
  -------         ENDMOD        ?C?SIDIV

  -------         MODULE        ?C?IILDX
  C:136FH         PUBLIC        ?C?IILDX
  -------         ENDMOD        ?C?IILDX
BL51 BANKED LINKER/LOCATER V6.22                                                      11/16/2017  16:51:53  PAGE 118



  -------         MODULE        ?C?ILDPTR
  C:1385H         PUBLIC        ?C?ILDPTR
  -------         ENDMOD        ?C?ILDPTR

  -------         MODULE        ?C?ILDOPTR
  C:13B0H         PUBLIC        ?C?ILDOPTR
  -------         ENDMOD        ?C?ILDOPTR

  -------         MODULE        ?C?IILDPTR
  C:13E8H         PUBLIC        ?C?IILDPTR
  -------         ENDMOD        ?C?IILDPTR

  -------         MODULE        ?C?IILDOPTR
  C:1420H         PUBLIC        ?C?IILDOPTR
  -------         ENDMOD        ?C?IILDOPTR

  -------         MODULE        ?C?ISTPTR
  C:146DH         PUBLIC        ?C?ISTPTR
  -------         ENDMOD        ?C?ISTPTR

  -------         MODULE        ?C?ISTOPTR
  C:148CH         PUBLIC        ?C?ISTOPTR
  -------         ENDMOD        ?C?ISTOPTR

  -------         MODULE        ?C?LADD
  C:14B9H         PUBLIC        ?C?LADD
  -------         ENDMOD        ?C?LADD

  -------         MODULE        ?C?LSUB
  C:14C6H         PUBLIC        ?C?LSUB
  -------         ENDMOD        ?C?LSUB

  -------         MODULE        ?C?LMUL
  C:14D4H         PUBLIC        ?C?LMUL
  -------         ENDMOD        ?C?LMUL

  -------         MODULE        ?C?ULDIV
  C:155FH         PUBLIC        ?C?ULDIV
  -------         ENDMOD        ?C?ULDIV

  -------         MODULE        ?C?SLDIV
  C:77C9H         PUBLIC        ?C?SLDIV
  -------         ENDMOD        ?C?SLDIV

  -------         MODULE        ?C?LOR
  C:15F1H         PUBLIC        ?C?LOR
  -------         ENDMOD        ?C?LOR

  -------         MODULE        ?C?LNEG
  C:15FEH         PUBLIC        ?C?LNEG
  -------         ENDMOD        ?C?LNEG

  -------         MODULE        ?C?SLCMP
  C:160CH         PUBLIC        ?C?SLCMP
  -------         ENDMOD        ?C?SLCMP

BL51 BANKED LINKER/LOCATER V6.22                                                      11/16/2017  16:51:53  PAGE 119


  -------         MODULE        ?C?ULCMP
  C:1622H         PUBLIC        ?C?ULCMP
  -------         ENDMOD        ?C?ULCMP

  -------         MODULE        ?C?ULSHR
  C:1633H         PUBLIC        ?C?ULSHR
  -------         ENDMOD        ?C?ULSHR

  -------         MODULE        ?C?SLSHR
  C:1646H         PUBLIC        ?C?SLSHR
  -------         ENDMOD        ?C?SLSHR

  -------         MODULE        ?C?LSHL
  C:165AH         PUBLIC        ?C?LSHL
  -------         ENDMOD        ?C?LSHL

  -------         MODULE        ?C?LLDPTR
  C:166DH         PUBLIC        ?C?LLDPTR
  -------         ENDMOD        ?C?LLDPTR

  -------         MODULE        ?C?LLDOPTR
  C:168DH         PUBLIC        ?C?LLDOPTR
  -------         ENDMOD        ?C?LLDOPTR

  -------         MODULE        ?C?LSTPTR
  C:16BDH         PUBLIC        ?C?LSTPTR
  -------         ENDMOD        ?C?LSTPTR

  -------         MODULE        ?C?LSTOPTR
  C:16D7H         PUBLIC        ?C?LSTOPTR
  -------         ENDMOD        ?C?LSTOPTR

  -------         MODULE        ?C?LLDIDATA
  C:16FBH         PUBLIC        ?C?LLDIDATA
  -------         ENDMOD        ?C?LLDIDATA

  -------         MODULE        ?C?LLDXDATA
  C:1707H         PUBLIC        ?C?LLDXDATA
  -------         ENDMOD        ?C?LLDXDATA

  -------         MODULE        ?C?LLDCODE
  C:1713H         PUBLIC        ?C?LLDCODE
  -------         ENDMOD        ?C?LLDCODE

  -------         MODULE        ?C?LLDIDATA0
  C:1723H         PUBLIC        ?C?LLDIDATA0
  -------         ENDMOD        ?C?LLDIDATA0

  -------         MODULE        ?C?LLDXDATA0
  C:1730H         PUBLIC        ?C?LLDXDATA0
  -------         ENDMOD        ?C?LLDXDATA0

  -------         MODULE        ?C?LLDCODE0
  C:173CH         PUBLIC        ?C?LLDCODE0
  -------         ENDMOD        ?C?LLDCODE0

  -------         MODULE        ?C?LLDOPTR0
BL51 BANKED LINKER/LOCATER V6.22                                                      11/16/2017  16:51:53  PAGE 120


  C:174CH         PUBLIC        ?C?LLDOPTR0
  -------         ENDMOD        ?C?LLDOPTR0

  -------         MODULE        ?C?LSTIDATA
  C:177CH         PUBLIC        ?C?LSTIDATA
  -------         ENDMOD        ?C?LSTIDATA

  -------         MODULE        ?C?LSTXDATA
  C:1788H         PUBLIC        ?C?LSTXDATA
  -------         ENDMOD        ?C?LSTXDATA

  -------         MODULE        ?C?LSTKIDATA
  C:1794H         PUBLIC        ?C?LSTKIDATA
  -------         ENDMOD        ?C?LSTKIDATA

  -------         MODULE        ?C?LSTKXDATA
  C:17ADH         PUBLIC        ?C?LSTKXDATA
  -------         ENDMOD        ?C?LSTKXDATA

  -------         MODULE        ?C?LSTKPTR
  C:17DEH         PUBLIC        ?C?LSTKPTR
  -------         ENDMOD        ?C?LSTKPTR

  -------         MODULE        ?C?LSTKOPTR
  C:17F8H         PUBLIC        ?C?LSTKOPTR
  -------         ENDMOD        ?C?LSTKOPTR

  -------         MODULE        ?C?OFFXADD
  C:181CH         PUBLIC        ?C?OFFXADD
  -------         ENDMOD        ?C?OFFXADD

  -------         MODULE        ?C?PLDIDATA
  C:1828H         PUBLIC        ?C?PLDIDATA
  -------         ENDMOD        ?C?PLDIDATA

  -------         MODULE        ?C?PLDIIDATA
  C:1831H         PUBLIC        ?C?PLDIIDATA
  -------         ENDMOD        ?C?PLDIIDATA

  -------         MODULE        ?C?PSTIDATA
  C:1841H         PUBLIC        ?C?PSTIDATA
  -------         ENDMOD        ?C?PSTIDATA

  -------         MODULE        ?C?PLDXDATA
  C:184AH         PUBLIC        ?C?PLDXDATA
  -------         ENDMOD        ?C?PLDXDATA

  -------         MODULE        ?C?PSTXDATA
  C:1853H         PUBLIC        ?C?PSTXDATA
  -------         ENDMOD        ?C?PSTXDATA

  -------         MODULE        ?C?PLDOPTR
  C:185CH         PUBLIC        ?C?PLDOPTR
  -------         ENDMOD        ?C?PLDOPTR

  -------         MODULE        ?C?PLDIOPTR
  C:188CH         PUBLIC        ?C?PLDIOPTR
BL51 BANKED LINKER/LOCATER V6.22                                                      11/16/2017  16:51:53  PAGE 121


  -------         ENDMOD        ?C?PLDIOPTR

  -------         MODULE        ?C?PSTOPTR
  C:18BEH         PUBLIC        ?C?PSTOPTR
  -------         ENDMOD        ?C?PSTOPTR

  -------         MODULE        ?C?CCASE
  C:1917H         PUBLIC        ?C?CCASE
  -------         ENDMOD        ?C?CCASE

  -------         MODULE        ?C?ICASE
  C:193DH         PUBLIC        ?C?ICASE
  -------         ENDMOD        ?C?ICASE

  -------         MODULE        ?C?ICALL
  C:196AH         PUBLIC        ?C?ICALL
  C:196EH         PUBLIC        ?C?ICALL2
  -------         ENDMOD        ?C?ICALL

  -------         MODULE        ?C_IBP
  D:0018H         PUBLIC        ?C_IBP
  -------         ENDMOD        ?C_IBP

  -------         MODULE        ?C?LIMUL
  C:1970H         PUBLIC        ?C?LIMUL
  -------         ENDMOD        ?C?LIMUL

  -------         MODULE        STRNCMP
  D:0026H         PUBLIC        ?_strncmp?BYTE
  C:6C60H         PUBLIC        _strncmp
  -------         ENDMOD        STRNCMP

  -------         MODULE        STRNCPY
  D:0025H         PUBLIC        ?_strncpy?BYTE
  C:74DCH         PUBLIC        _strncpy
  -------         ENDMOD        STRNCPY

  -------         MODULE        ?C?LLDPDATA
  C:199DH         PUBLIC        ?C?LLDPDATA
  -------         ENDMOD        ?C?LLDPDATA

  -------         MODULE        ?C?LLDPDATA0
  C:19A9H         PUBLIC        ?C?LLDPDATA0
  -------         ENDMOD        ?C?LLDPDATA0

  -------         MODULE        ?C?LSTPDATA
  C:19B6H         PUBLIC        ?C?LSTPDATA
  -------         ENDMOD        ?C?LSTPDATA

  -------         MODULE        ?C?LSTKPDATA
  C:19C2H         PUBLIC        ?C?LSTKPDATA
  -------         ENDMOD        ?C?LSTKPDATA

  -------         MODULE        ?C?PLDIXDATA
  C:19DBH         PUBLIC        ?C?PLDIXDATA
  -------         ENDMOD        ?C?PLDIXDATA

BL51 BANKED LINKER/LOCATER V6.22                                                      11/16/2017  16:51:53  PAGE 122


  -------         MODULE        ?C?PLDPDATA
  C:19F2H         PUBLIC        ?C?PLDPDATA
  -------         ENDMOD        ?C?PLDPDATA

  -------         MODULE        ?C?PLDIPDATA
  C:19FBH         PUBLIC        ?C?PLDIPDATA
  -------         ENDMOD        ?C?PLDIPDATA

  -------         MODULE        ?C?PSTPDATA
  C:1A0BH         PUBLIC        ?C?PSTPDATA
  -------         ENDMOD        ?C?PSTPDATA

  -------         MODULE        ?C?PLDCODE
  C:1A14H         PUBLIC        ?C?PLDCODE
  -------         ENDMOD        ?C?PLDCODE

Program Size: data=89.4 xdata=3466 code=34489
LINK/LOCATE RUN COMPLETE.  0 WARNING(S),  0 ERROR(S)
