BL51 BANKED LINKER/LOCATER V6.22                                                        06/01/2018  17:39:17  PAGE 1


BL51 BANKED LINKER/LOCATER V6.22, INVOKED BY:
C:\KEIL\C51\BIN\BL51.EXE .\obj\STARTUP.obj, .\obj\AD7176.obj, .\obj\AdcDrv.obj, .\obj\AngApp.obj, .\obj\Calibration.obj,
>>  .\obj\CalMcuT.obj, .\obj\CmdSub.obj, .\obj\Comm.obj, .\obj\Delay.obj, .\obj\Filter.obj, .\obj\Flash.obj, .\obj\Init.
>> obj, .\obj\main.obj, .\obj\ModBusCrc.obj, .\obj\ModBusRtu.obj, .\obj\Send.obj, .\obj\Sensor.obj, .\obj\SPI.obj, .\obj
>> \Sub.obj, .\obj\Timer.obj, .\obj\Int0.obj, .\obj\Key.obj TO .\obj\wtu PRINT (.\list\wtu.m51) RAMSIZE (256)


MEMORY MODEL: SMALL WITH FLOATING POINT ARITHMETIC


INPUT MODULES INCLUDED:
  .\obj\STARTUP.obj (?C_STARTUP)
  .\obj\AD7176.obj (AD7176)
  .\obj\AdcDrv.obj (ADCDRV)
  .\obj\AngApp.obj (ANGAPP)
  .\obj\Calibration.obj (CALIBRATION)
  .\obj\CalMcuT.obj (CALMCUT)
  .\obj\CmdSub.obj (CMDSUB)
  .\obj\Comm.obj (COMM)
  .\obj\Delay.obj (DELAY)
  .\obj\Filter.obj (FILTER)
  .\obj\Flash.obj (FLASH)
  .\obj\Init.obj (INIT)
  .\obj\main.obj (MAIN)
  .\obj\ModBusCrc.obj (MODBUSCRC)
  .\obj\ModBusRtu.obj (MODBUSRTU)
  .\obj\Send.obj (SEND)
  .\obj\Sensor.obj (SENSOR)
  .\obj\SPI.obj (SPI)
  .\obj\Sub.obj (SUB)
  .\obj\Timer.obj (TIMER)
  .\obj\Int0.obj (INT0)
  .\obj\Key.obj (KEY)
  C:\KEIL\C51\LIB\C51FPS.LIB (?C?FPADD)
  C:\KEIL\C51\LIB\C51FPS.LIB (?C?FPMUL)
  C:\KEIL\C51\LIB\C51FPS.LIB (?C?FPDIV)
  C:\KEIL\C51\LIB\C51FPS.LIB (?C?FPCMP)
  C:\KEIL\C51\LIB\C51FPS.LIB (?C?FCAST)
  C:\KEIL\C51\LIB\C51FPS.LIB (?C?CASTF)
  C:\KEIL\C51\LIB\C51FPS.LIB (SQRT)
  C:\KEIL\C51\LIB\C51FPS.LIB (SIN)
  C:\KEIL\C51\LIB\C51FPS.LIB (ASIN)
  C:\KEIL\C51\LIB\C51FPS.LIB (?C?FPGETOPN)
  C:\KEIL\C51\LIB\C51FPS.LIB (?C?FPSERIES)
  C:\KEIL\C51\LIB\C51FPS.LIB (ATAN)
  C:\KEIL\C51\LIB\C51S.LIB (?C_INIT)
  C:\KEIL\C51\LIB\C51S.LIB (?C?COPY)
  C:\KEIL\C51\LIB\C51S.LIB (?C?CLDPTR)
  C:\KEIL\C51\LIB\C51S.LIB (?C?CLDOPTR)
  C:\KEIL\C51\LIB\C51S.LIB (?C?CILDPTR)
  C:\KEIL\C51\LIB\C51S.LIB (?C?CSTPTR)
  C:\KEIL\C51\LIB\C51S.LIB (?C?CSTOPTR)
  C:\KEIL\C51\LIB\C51S.LIB (?C?IMUL)
  C:\KEIL\C51\LIB\C51S.LIB (?C?UIDIV)
  C:\KEIL\C51\LIB\C51S.LIB (?C?SIDIV)
  C:\KEIL\C51\LIB\C51S.LIB (?C?IILDX)
  C:\KEIL\C51\LIB\C51S.LIB (?C?ILDPTR)
  C:\KEIL\C51\LIB\C51S.LIB (?C?ILDOPTR)
BL51 BANKED LINKER/LOCATER V6.22                                                      06/01/2018  17:39:17  PAGE 2


  C:\KEIL\C51\LIB\C51S.LIB (?C?IILDPTR)
  C:\KEIL\C51\LIB\C51S.LIB (?C?IILDOPTR)
  C:\KEIL\C51\LIB\C51S.LIB (?C?ISTPTR)
  C:\KEIL\C51\LIB\C51S.LIB (?C?ISTOPTR)
  C:\KEIL\C51\LIB\C51S.LIB (?C?LADD)
  C:\KEIL\C51\LIB\C51S.LIB (?C?LSUB)
  C:\KEIL\C51\LIB\C51S.LIB (?C?LMUL)
  C:\KEIL\C51\LIB\C51S.LIB (?C?ULDIV)
  C:\KEIL\C51\LIB\C51S.LIB (?C?SLDIV)
  C:\KEIL\C51\LIB\C51S.LIB (?C?LOR)
  C:\KEIL\C51\LIB\C51S.LIB (?C?LNEG)
  C:\KEIL\C51\LIB\C51S.LIB (?C?SLCMP)
  C:\KEIL\C51\LIB\C51S.LIB (?C?ULCMP)
  C:\KEIL\C51\LIB\C51S.LIB (?C?ULSHR)
  C:\KEIL\C51\LIB\C51S.LIB (?C?SLSHR)
  C:\KEIL\C51\LIB\C51S.LIB (?C?LSHL)
  C:\KEIL\C51\LIB\C51S.LIB (?C?LLDPTR)
  C:\KEIL\C51\LIB\C51S.LIB (?C?LLDOPTR)
  C:\KEIL\C51\LIB\C51S.LIB (?C?LSTPTR)
  C:\KEIL\C51\LIB\C51S.LIB (?C?LSTOPTR)
  C:\KEIL\C51\LIB\C51S.LIB (?C?LLDIDATA)
  C:\KEIL\C51\LIB\C51S.LIB (?C?LLDXDATA)
  C:\KEIL\C51\LIB\C51S.LIB (?C?LLDCODE)
  C:\KEIL\C51\LIB\C51S.LIB (?C?LLDIDATA0)
  C:\KEIL\C51\LIB\C51S.LIB (?C?LLDXDATA0)
  C:\KEIL\C51\LIB\C51S.LIB (?C?LLDCODE0)
  C:\KEIL\C51\LIB\C51S.LIB (?C?LLDOPTR0)
  C:\KEIL\C51\LIB\C51S.LIB (?C?LSTIDATA)
  C:\KEIL\C51\LIB\C51S.LIB (?C?LSTXDATA)
  C:\KEIL\C51\LIB\C51S.LIB (?C?LSTKIDATA)
  C:\KEIL\C51\LIB\C51S.LIB (?C?LSTKXDATA)
  C:\KEIL\C51\LIB\C51S.LIB (?C?LSTKPTR)
  C:\KEIL\C51\LIB\C51S.LIB (?C?LSTKOPTR)
  C:\KEIL\C51\LIB\C51S.LIB (?C?OFFXADD)
  C:\KEIL\C51\LIB\C51S.LIB (?C?PLDIDATA)
  C:\KEIL\C51\LIB\C51S.LIB (?C?PLDIIDATA)
  C:\KEIL\C51\LIB\C51S.LIB (?C?PSTIDATA)
  C:\KEIL\C51\LIB\C51S.LIB (?C?PLDXDATA)
  C:\KEIL\C51\LIB\C51S.LIB (?C?PSTXDATA)
  C:\KEIL\C51\LIB\C51S.LIB (?C?PLDOPTR)
  C:\KEIL\C51\LIB\C51S.LIB (?C?PLDIOPTR)
  C:\KEIL\C51\LIB\C51S.LIB (?C?PSTOPTR)
  C:\KEIL\C51\LIB\C51S.LIB (?C?ICASE)
  C:\KEIL\C51\LIB\C51S.LIB (?C?LCASE)
  C:\KEIL\C51\LIB\C51S.LIB (?C?ICALL)
  C:\KEIL\C51\LIB\C51S.LIB (?C_IBP)
  C:\KEIL\C51\LIB\C51S.LIB (?C?LIMUL)
  C:\KEIL\C51\LIB\C51S.LIB (STRNCMP)
  C:\KEIL\C51\LIB\C51S.LIB (STRNCPY)
  C:\KEIL\C51\LIB\C51S.LIB (?C?LLDPDATA)
  C:\KEIL\C51\LIB\C51S.LIB (?C?LLDPDATA0)
  C:\KEIL\C51\LIB\C51S.LIB (?C?LSTPDATA)
  C:\KEIL\C51\LIB\C51S.LIB (?C?LSTKPDATA)
  C:\KEIL\C51\LIB\C51S.LIB (?C?PLDIXDATA)
  C:\KEIL\C51\LIB\C51S.LIB (?C?PLDPDATA)
  C:\KEIL\C51\LIB\C51S.LIB (?C?PLDIPDATA)
  C:\KEIL\C51\LIB\C51S.LIB (?C?PSTPDATA)
BL51 BANKED LINKER/LOCATER V6.22                                                      06/01/2018  17:39:17  PAGE 3


  C:\KEIL\C51\LIB\C51S.LIB (?C?PLDCODE)


LINK MAP OF MODULE:  .\obj\wtu (?C_STARTUP)


            TYPE    BASE      LENGTH    RELOCATION   SEGMENT NAME
            -----------------------------------------------------

            * * * * * * *   D A T A   M E M O R Y   * * * * * * *
            REG     0000H     0008H     ABSOLUTE     "REG BANK 0"
            DATA    0008H     0007H     UNIT         ?DT?SEND
            DATA    000FH     0004H     UNIT         ?DT?CMDSUB
            DATA    0013H     0002H     UNIT         ?DT?CALMCUT
            DATA    0015H     0002H     UNIT         ?DT?INT0
            DATA    0017H     0001H     UNIT         ?DT?TIMER
            DATA    0018H     0001H     UNIT         ?C?LIB_DATA
            IDATA   0019H     0002H     UNIT         ?ID?ADCDRV
                    001BH     0005H                  *** GAP ***
            BIT     0020H.0   0000H.2   UNIT         ?BI?COMM
            BIT     0020H.2   0000H.2   UNIT         _BIT_GROUP_
                    0020H.4   0000H.4                *** GAP ***
            DATA    0021H     003DH     UNIT         _DATA_GROUP_
            IDATA   005EH     0001H     UNIT         ?STACK

            * * * * * * *  X D A T A   M E M O R Y  * * * * * * *
            XDATA   0000H     0568H     UNIT         ?XD?CALIBRATION
            XDATA   0568H     0200H     UNIT         ?XD?FLASH
            XDATA   0768H     01E5H     UNIT         ?XD?AD7176
            XDATA   094DH     01A6H     UNIT         ?XD?COMM
            XDATA   0AF3H     00F1H     UNIT         ?XD?CALMCUT
            XDATA   0BE4H     00CCH     UNIT         ?XD?SEND
            XDATA   0CB0H     004DH     UNIT         ?XD?SENSOR
            XDATA   0CFDH     0038H     UNIT         ?XD?ANGAPP
            XDATA   0D35H     001CH     UNIT         ?XD?CMDSUB
            XDATA   0D51H     001AH     UNIT         _XDATA_GROUP_
            XDATA   0D6BH     000FH     UNIT         ?XD?MODBUSRTU
            XDATA   0D7AH     0008H     UNIT         ?XD?MAIN
            XDATA   0D82H     0007H     UNIT         ?XD?TIMER
            XDATA   0D89H     0001H     UNIT         ?XD?KEY

            * * * * * * *   C O D E   M E M O R Y   * * * * * * *
            CODE    0000H     0003H     ABSOLUTE     
            CODE    0003H     0003H     ABSOLUTE     
            CODE    0006H     001DH     UNIT         ?PR?COMM_TIMERPROC?COMM
            CODE    0023H     0003H     ABSOLUTE     
            CODE    0026H     0005H     UNIT         ?PR?DELAYXUS?DELAY
            CODE    002BH     0003H     ABSOLUTE     
            CODE    002EH     0D0BH     UNIT         ?C?LIB_CODE
            CODE    0D39H     0D05H     UNIT         ?PR?_MODRTU_RDVAL?MODBUSRTU
            CODE    1A3EH     09DDH     UNIT         ?PR?_SEND_SDEAL?SEND
            CODE    241BH     08A5H     UNIT         ?PR?_MODRTU_WRVAL?MODBUSRTU
            CODE    2CC0H     0334H     UNIT         ?PR?_RAM_CALDATA2BUF?FLASH
            CODE    2FF4H     02D5H     UNIT         ?PR?_RAM_BUF2CALDATA?FLASH
            CODE    32C9H     0278H     UNIT         ?CO?SEND
            CODE    3541H     026FH     UNIT         ?PR?_SEND_CDEAL?SEND
            CODE    37B0H     0226H     UNIT         ?PR?_SEND_RDEAL?SEND
BL51 BANKED LINKER/LOCATER V6.22                                                      06/01/2018  17:39:17  PAGE 4


            CODE    39D6H     0200H     UNIT         ?CO?MODBUSCRC
            CODE    3BD6H     01D8H     UNIT         ?PR?_SUB_STR2INT32SANG?SUB
            CODE    3DAEH     01D1H     UNIT         ?PR?_SUB_INT32U2STR?SUB
            CODE    3F7FH     01C4H     UNIT         ?PR?_ANG_CALCPRM?CALIBRATION
            CODE    4143H     019FH     UNIT         ?PR?_SUB_INT32S2STR?SUB
            CODE    42E2H     019DH     UNIT         ?PR?_SUB_STR2INT32S?SUB
            CODE    447FH     0186H     UNIT         ?PR?_MCUT_CALCPRM?CALMCUT
            CODE    4605H     0176H     UNIT         ?PR?_TEMP_CALCPRM?CALIBRATION
            CODE    477BH     016EH     UNIT         ?PR?SIN?SIN
            CODE    48E9H     0157H     UNIT         ?PR?_ANG_CALC?SENSOR
            CODE    4A40H     013DH     UNIT         ?PR?ANGCALDATAINIT?CALIBRATION
            CODE    4B7DH     0128H     UNIT         ?PR?ATAN?ATAN
            CODE    4CA5H     0121H     UNIT         ?PR?_?SLIDEWINFILTER?FILTER
            CODE    4DC6H     0120H     UNIT         ?PR?_MODRTU_WRREG?MODBUSRTU
            CODE    4EE6H     0120H     UNIT         ?PR?SEND_TIMEPROC?SEND
            CODE    5006H     011FH     UNIT         ?PR?_MODRTU_RDREG?MODBUSRTU
            CODE    5125H     011EH     UNIT         ?PR?_SEND_WDEAL?SEND
            CODE    5243H     011DH     UNIT         ?PR?_TEMP_CALTREFSET?CMDSUB
            CODE    5360H     0110H     UNIT         ?PR?MTCALDATAINIT?CALMCUT
            CODE    5470H     010DH     UNIT         ?PR?_PANGCALC?ANGAPP
            CODE    557DH     0105H     UNIT         ?PR?FLASH_CALDATAINIT?FLASH
            CODE    5682H     00F8H     UNIT         ?PR?_ADC_XCALPROC?CMDSUB
            CODE    577AH     00F8H     UNIT         ?PR?_ADC_YCALPROC?CMDSUB
            CODE    5872H     00E8H     UNIT         ?PR?AD7176_INMAINPROC?AD7176
            CODE    595AH     00E8H     UNIT         ?PR?_GETOFFSET?SENSOR
            CODE    5A42H     00E4H     UNIT         ?PR?CALIBINIT?CALIBRATION
            CODE    5B26H     00D9H     UNIT         ?PR?_GETANGCALCVAL?SENSOR
            CODE    5BFFH     00D0H     UNIT         ?PR?_SUB_STR2INT16U?SUB
            CODE    5CCFH     00B9H     UNIT         ?PR?_ADCFILTER?AD7176
            CODE    5D88H     00B3H     UNIT         ?PR?AD7176_INIT?AD7176
            CODE    5E3BH     00B0H     UNIT         ?PR?_SUB_INT16U2STR?SUB
            CODE    5EEBH     00ABH     UNIT         ?PR?_SUB_SENDTEMPCAL?SUB
            CODE    5F96H     00AAH     UNIT         ?PR?SQRT?SQRT
            CODE    6040H     00A6H     UNIT         ?PR?SNPROC?SENSOR
            CODE    60E6H     00A5H     UNIT         ?PR?_COMM_GETTXCHAR?COMM
            CODE    618BH     00A4H     UNIT         ?PR?_COMM_GETCHAR?COMM
            CODE    622FH     00A4H     UNIT         ?PR?_SNFILTER?SENSOR
            CODE    62D3H     00A3H     UNIT         ?PR?TIMER2_ISR?TIMER
            CODE    6376H     009EH     UNIT         ?PR?_TEMP_CALSAMP?CMDSUB
            CODE    6414H     0099H     UNIT         ?PR?ANGINIT?ANGAPP
            CODE    64ADH     008FH     UNIT         ?PR?COMM_SOFTWAREINIT?COMM
            CODE    653CH     008EH     UNIT         ?PR?_FLOATTOINT?MODBUSRTU
            CODE    65CAH     008CH     UNIT         ?C_C51STARTUP
            CODE    6656H     008CH     UNIT         ?PR?_COMM_PUTCHAR?COMM
            CODE    66E2H     0087H     UNIT         ?PR?ADC_XCALSTOP?CMDSUB
            CODE    6769H     0087H     UNIT         ?PR?ADC_YCALSTOP?CMDSUB
            CODE    67F0H     0087H     UNIT         ?PR?_SENSORSPI_WRITE?SPI
            CODE    6877H     0084H     UNIT         ?PR?_COMM_PUTRXCHAR?COMM
            CODE    68FBH     007EH     UNIT         ?PR?_SUB_BUFBUBBLE16S?SUB
            CODE    6979H     007CH     UNIT         ?PR?_SUB_BUFBUBBLE?SUB
            CODE    69F5H     0079H     UNIT         ?PR?_SUB_BUFBUBBLE2?SUB
            CODE    6A6EH     0075H     UNIT         ?PR?AD7176_INTPROC?AD7176
            CODE    6AE3H     0070H     UNIT         ?PR?TEMPSORTANDCALCPRM?CMDSUB
            CODE    6B53H     0070H     UNIT         ?PR?SUB_SENDPRMTALL?SUB
            CODE    6BC3H     006FH     UNIT         ?PR?COMM_ISR?COMM
            CODE    6C32H     006FH     UNIT         ?PR?_STRNCMP?STRNCMP
            CODE    6CA1H     006EH     UNIT         ?PR?SNINIT?SENSOR
BL51 BANKED LINKER/LOCATER V6.22                                                      06/01/2018  17:39:17  PAGE 5


            CODE    6D0FH     006DH     UNIT         ?PR?TEMPCALDATAINIT?CALIBRATION
            CODE    6D7CH     006CH     UNIT         ?PR?_SN_DATAINIT?SENSOR
            CODE    6DE8H     0065H     UNIT         ?PR?_AD7176_WRREGVAL?AD7176
            CODE    6E4DH     0065H     UNIT         ?PR?_FLASH_BUFWR?FLASH
            CODE    6EB2H     0065H     UNIT         ?PR?_SEND_UDEAL?SEND
            CODE    6F17H     0063H     UNIT         ?PR?_ANGCHKDIFF?CMDSUB
            CODE    6F7AH     0063H     UNIT         ?PR?SUB_SENDTCALTEST?SUB
            CODE    6FDDH     0061H     UNIT         ?PR?_FILTER_1ST?FILTER
            CODE    703EH     005EH     UNIT         ?PR?ADCENTITYINIT?AD7176
            CODE    709CH     005DH     UNIT         ?PR?_SUB_UBUFSWITCH?SUB
            CODE    70F9H     005DH     UNIT         ?CO?SUB
            CODE    7156H     005BH     UNIT         ?PR?_SUB_SBUFSWITCH?SUB
            CODE    71B1H     0059H     UNIT         ?PR?_MODBUSCRCCNT?MODBUSCRC
            CODE    720AH     0057H     UNIT         ?PR?_FLASH_BUFRD?FLASH
            CODE    7261H     0057H     UNIT         ?PR?_SUB_16SBUFSWITCH?SUB
            CODE    72B8H     0056H     UNIT         ?PR?FLASHAREA_USER?FLASH
            CODE    730EH     0055H     UNIT         ?PR?_FLASH_CALDATAUPDATE_USER?FLASH
            CODE    7363H     0054H     UNIT         ?PR?_SUB_SENDANGXCAL?SUB
            CODE    73B7H     0053H     UNIT         ?PR?_?VALINRANGE?FILTER
            CODE    740AH     0053H     UNIT         ?PR?_MODRTU_RLYERROR?MODBUSRTU
            CODE    745DH     0052H     UNIT         ?PR?_SUB_32UBUFSWITCH?SUB
            CODE    74AFH     0052H     UNIT         ?PR?_STRNCPY?STRNCPY
            CODE    7501H     0050H     UNIT         ?PR?_AD7176_INTMODECONFIG?AD7176
            CODE    7551H     0050H     UNIT         ?PR?RAM_CALDATAINIT_USER?FLASH
            CODE    75A1H     004FH     UNIT         ?PR?SUB_SENDANGXYP?SUB
            CODE    75F0H     004EH     UNIT         ?PR?_SPI_READ?SPI
            CODE    763EH     0049H     UNIT         ?PR?_MCUT_CALVALWR?CALMCUT
            CODE    7687H     0048H     UNIT         ?PR?_SUB_SENDADCTXY?SUB
            CODE    76CFH     0045H     UNIT         ?PR?_FLASHUPDATE?FLASH
            CODE    7714H     0044H     UNIT         ?PR?GETXANGALLSETVAL?ANGAPP
            CODE    7758H     0044H     UNIT         ?PR?GETYANGALLSETVAL?ANGAPP
            CODE    779CH     0044H     UNIT         ?C?LDIV
            CODE    77E0H     0043H     UNIT         ?PR?FLASH_CALDATAUPDATE?FLASH
            CODE    7823H     0043H     UNIT         ?PR?INIT_SYSTEMPARA?INIT
            CODE    7866H     0043H     UNIT         ?PR?INT0_ISR?INT0
            CODE    78A9H     0041H     UNIT         ?PR?_COMM_PUTINT32SAD?SUB
            CODE    78EAH     0041H     UNIT         ?PR?_SUB_SENDANGYCAL?SUB
            CODE    792BH     0040H     UNIT         ?PR?CALIBMTINIT?CALMCUT
            CODE    796BH     0040H     UNIT         ?PR?_SUB_STR2INT8U?SUB
            CODE    79ABH     003FH     UNIT         ?PR?_TEMP_CALVALWR?CMDSUB
            CODE    79EAH     003EH     UNIT         ?PR?MCUTCALCPRM?CALMCUT
            CODE    7A28H     003CH     UNIT         ?PR?_MODRTU_RXPROC?MODBUSRTU
            CODE    7A64H     003CH     UNIT         ?PR?SUB_SENDID?SUB
            CODE    7AA0H     003BH     UNIT         ?PR?_AD7176_FILTERCONFIG?AD7176
            CODE    7ADBH     003BH     UNIT         ?PR?TIMER2_INIT?TIMER
            CODE    7B16H     003BH     UNIT         ?PR?ASIN?ASIN
            CODE    7B51H     0037H     UNIT         ?PR?_FLASH_CHECKSUM?FLASH
            CODE    7B88H     0036H     UNIT         ?PR?TIMER2_TASKINISR?TIMER
            CODE    7BBEH     0034H     UNIT         ?PR?_AD7176_CHANNELCONFIG?AD7176
            CODE    7BF2H     0034H     UNIT         ?PR?MAIN?MAIN
            CODE    7C26H     0034H     UNIT         ?PR?_COMM_PUTINT16S?SUB
            CODE    7C5AH     0033H     UNIT         ?PR?_MODRTU_SETZERO?MODBUSRTU
            CODE    7C8DH     0033H     UNIT         ?PR?SUB_SENDANGXY?SUB
            CODE    7CC0H     0032H     UNIT         ?PR?_AD7176_ADCMODECONFIG?AD7176
            CODE    7CF2H     002FH     UNIT         ?PR?_SUB_SENDMCUT?SUB
            CODE    7D21H     002FH     UNIT         ?PR?_SUB_STRALARMCHECK?SUB
            CODE    7D50H     002EH     UNIT         ?PR?GETANGP?ANGAPP
BL51 BANKED LINKER/LOCATER V6.22                                                      06/01/2018  17:39:17  PAGE 6


            CODE    7D7EH     002EH     UNIT         ?PR?_SUB_STR2INT8S?SUB
            CODE    7DACH     002DH     UNIT         ?PR?INIT_ALL?INIT
            CODE    7DD9H     002DH     UNIT         ?PR?_SUB_INT8U2STR?SUB
            CODE    7E06H     0029H     UNIT         ?PR?_FLASH_PAGEERASE?FLASH
            CODE    7E2FH     0028H     UNIT         ?PR?_MODRTU_WRADDR?MODBUSRTU
            CODE    7E57H     0025H     UNIT         ?PR?_MODRTU_WRBAUD?MODBUSRTU
            CODE    7E7CH     0024H     UNIT         ?PR?_SETANGZERO?ANGAPP
            CODE    7EA0H     0023H     UNIT         ?PR?INIT_SAMAD?AD7176
            CODE    7EC3H     0023H     UNIT         ?PR?AD7176_RESET?AD7176
            CODE    7EE6H     0023H     UNIT         ?PR?_AD7176_SETUPCONFIG?AD7176
            CODE    7F09H     0022H     UNIT         ?C_INITSEG
            CODE    7F2BH     0022H     UNIT         ?PR?_SUB_INT16S2STR?SUB
            CODE    7F4DH     0021H     UNIT         ?PR?_COMM_PUTSTR?COMM
            CODE    7F6EH     0021H     UNIT         ?PR?_MODRTU_WR16U?MODBUSRTU
            CODE    7F8FH     0020H     UNIT         ?PR?PORTINIT?INIT
            CODE    7FAFH     0020H     UNIT         ?PR?_SEND_TDEAL?SEND
            CODE    7FCFH     001EH     UNIT         ?PR?_SETANGZEROADD?ANGAPP
            CODE    7FEDH     001EH     UNIT         ?PR?_MCUT_CALSAMP?CALMCUT
            CODE    800BH     001EH     UNIT         ?PR?COMM_HARDWAREINIT?COMM
            CODE    8029H     001CH     UNIT         ?PR?_SPI_WRITE_INT?SPI
            CODE    8045H     001CH     UNIT         ?PR?_COMM_PUTINT16U?SUB
            CODE    8061H     001CH     UNIT         ?PR?SUB_SENDSYSNUM?SUB
            CODE    807DH     001BH     UNIT         ?PR?SNXDATAINIT?SENSOR
            CODE    8098H     001BH     UNIT         ?PR?SNYDATAINIT?SENSOR
            CODE    80B3H     001AH     UNIT         ?PR?_SPI_WRITE?SPI
            CODE    80CDH     0019H     UNIT         ?PR?SYS_CLKINIT?INIT
            CODE    80E6H     0018H     UNIT         ?PR?_SETTEMPYCALTEMPVAL?CALIBRATION
            CODE    80FEH     0018H     UNIT         ?PR?_DELAY_MS?DELAY
            CODE    8116H     0018H     UNIT         ?PR?FLASH_USERDATAUPDATE?FLASH
            CODE    812EH     0017H     UNIT         ?PR?_TEMP_RDTEMPVAL?CALIBRATION
            CODE    8145H     0017H     UNIT         ?PR?_TEMP_WRTEMPVAL?CALIBRATION
            CODE    815CH     0017H     UNIT         ?PR?_MCUT_RDADCVAL?CALMCUT
            CODE    8173H     0017H     UNIT         ?PR?_MCUT_WRADCVAL?CALMCUT
            CODE    818AH     0017H     UNIT         ?PR?ADC_XCALSTA?CMDSUB
            CODE    81A1H     0017H     UNIT         ?PR?ADC_YCALSTA?CMDSUB
            CODE    81B8H     0016H     UNIT         ?PR?TEMP_CALSTOP?CMDSUB
            CODE    81CEH     0016H     UNIT         ?PR?_MODRTU_CHKCRC?MODBUSRTU
            CODE    81E4H     0016H     UNIT         ?PR?_COMM_PUTINT8U?SUB
            CODE    81FAH     0015H     UNIT         ?PR?_SETTEMPXCALTEMPVAL?CALIBRATION
            CODE    820FH     0015H     UNIT         ?PR?_SETMCUTCALTEMPVAL?CALMCUT
            CODE    8224H     0015H     UNIT         ?PR?_SETMCUTCALADCVAL?CALMCUT
            CODE    8239H     0014H     UNIT         ?PR?_COMM_PUTINT32S?SUB
            CODE    824DH     0014H     UNIT         ?PR?_COMM_PUTINT32U?SUB
            CODE    8261H     0012H     UNIT         ?PR?_AD7176_OFFSETCONFIG?AD7176
            CODE    8273H     0012H     UNIT         ?PR?_AD7176_GAINCONFIG?AD7176
            CODE    8285H     0012H     UNIT         ?PR?TEMP_CALSTA?CMDSUB
            CODE    8297H     0012H     UNIT         ?PR?TIMER2_TASKINMAIN?TIMER
            CODE    82A9H     0012H     UNIT         ?PR?INT0_INIT?INT0
            CODE    82BBH     0011H     UNIT         ?PR?_MCUT_RDTEMPVAL?CALMCUT
            CODE    82CCH     0011H     UNIT         ?PR?_MCUT_WRTEMPVAL?CALMCUT
            CODE    82DDH     0011H     UNIT         ?PR?SPI_INIT?SPI
            CODE    82EEH     0011H     UNIT         ?PR?SUB_SENDOK?SUB
            CODE    82FFH     0011H     UNIT         ?PR?SUB_SENDERR?SUB
            CODE    8310H     0011H     UNIT         ?PR?SUB_SENDSOFTVER?SUB
            CODE    8321H     000EH     UNIT         ?PR?_TEMP_RDADCVAL?CALIBRATION
            CODE    832FH     000EH     UNIT         ?PR?_TEMP_WRADCVAL?CALIBRATION
            CODE    833DH     000EH     UNIT         ?PR?_ANG_RDANGVAL?CALIBRATION
BL51 BANKED LINKER/LOCATER V6.22                                                      06/01/2018  17:39:17  PAGE 7


            CODE    834BH     000EH     UNIT         ?PR?_ANG_RDADCVAL?CALIBRATION
            CODE    8359H     000EH     UNIT         ?PR?_ANG_WRANGVAL?CALIBRATION
            CODE    8367H     000EH     UNIT         ?PR?_ANG_WRADCVAL?CALIBRATION
            CODE    8375H     000EH     UNIT         ?PR?DELAY_100US?DELAY
            CODE    8383H     000EH     UNIT         ?PR?FLASHCHK?FLASH
            CODE    8391H     000DH     UNIT         ?CO?AD7176
            CODE    839EH     000DH     UNIT         ?PR?_MODRTU_RD16U?MODBUSRTU
            CODE    83ABH     000DH     UNIT         ?PR?COMM_PUTNEWLINESTA?SUB
            CODE    83B8H     000CH     UNIT         ?PR?_GETTEMPXCALTEMPVAL?CALIBRATION
            CODE    83C4H     000CH     UNIT         ?PR?_GETANGXCALANGVAL?CALIBRATION
            CODE    83D0H     000CH     UNIT         ?PR?_GETTEMPYCALTEMPVAL?CALIBRATION
            CODE    83DCH     000CH     UNIT         ?PR?_GETANGYCALANGVAL?CALIBRATION
            CODE    83E8H     000CH     UNIT         ?PR?_GETTEMPXCALADCVAL?CALIBRATION
            CODE    83F4H     000CH     UNIT         ?PR?_GETANGXCALADCVAL?CALIBRATION
            CODE    8400H     000CH     UNIT         ?PR?_GETTEMPYCALADCVAL?CALIBRATION
            CODE    840CH     000CH     UNIT         ?PR?_GETANGYCALADCVAL?CALIBRATION
            CODE    8418H     000CH     UNIT         ?PR?_SETANGXCALANGVAL?CALIBRATION
            CODE    8424H     000CH     UNIT         ?PR?_SETANGYCALANGVAL?CALIBRATION
            CODE    8430H     000CH     UNIT         ?PR?_SETTEMPXCALADCVAL?CALIBRATION
            CODE    843CH     000CH     UNIT         ?PR?_SETANGXCALADCVAL?CALIBRATION
            CODE    8448H     000CH     UNIT         ?PR?_SETTEMPYCALADCVAL?CALIBRATION
            CODE    8454H     000CH     UNIT         ?PR?_SETANGYCALADCVAL?CALIBRATION
            CODE    8460H     000CH     UNIT         ?PR?_GETMCUTCALTEMPVAL?CALMCUT
            CODE    846CH     000CH     UNIT         ?PR?_GETMCUTCALADCVAL?CALMCUT
            CODE    8478H     000CH     UNIT         ?PR?_MODRTU_8TO16?MODBUSRTU
            CODE    8484H     000CH     UNIT         ?PR?_SNXFILTER?SENSOR
            CODE    8490H     000CH     UNIT         ?PR?_SNYFILTER?SENSOR
            CODE    849CH     000BH     UNIT         ?PR?_SETTEMPXCALCNT?CALIBRATION
            CODE    84A7H     000BH     UNIT         ?PR?_SETANGXCALCNT?CALIBRATION
            CODE    84B2H     000BH     UNIT         ?PR?_SETTEMPYCALCNT?CALIBRATION
            CODE    84BDH     000BH     UNIT         ?PR?_SETANGYCALCNT?CALIBRATION
            CODE    84C8H     000BH     UNIT         ?PR?_SETMCUTCALCNT?CALMCUT
            CODE    84D3H     000BH     UNIT         ?PR?_DELAY_CYC?DELAY
            CODE    84DEH     000BH     UNIT         ?PR?_MODRTU_WRCRC?MODBUSRTU
            CODE    84E9H     000BH     UNIT         ?PR?SUB_SYSRST?SUB
            CODE    84F4H     000AH     UNIT         ?PR?COMM_TIMERINIT?COMM
            CODE    84FEH     000AH     UNIT         ?PR?COMM_PUTNEWLINE?SUB
            CODE    8508H     0009H     UNIT         ?PR?TEMPXCALCPRM?CALIBRATION
            CODE    8511H     0009H     UNIT         ?PR?TEMPYCALCPRM?CALIBRATION
            CODE    851AH     0009H     UNIT         ?PR?ANGXCALCPRM?CALIBRATION
            CODE    8523H     0009H     UNIT         ?PR?ANGYCALCPRM?CALIBRATION
            CODE    852CH     0009H     UNIT         ?PR?DELAY500US?DELAY
            CODE    8535H     0009H     UNIT         ?PR?RAM_CALDATAINIT?FLASH
            CODE    853EH     0009H     UNIT         ?PR?ANGXCALC?SENSOR
            CODE    8547H     0009H     UNIT         ?PR?ANGYCALC?SENSOR
            CODE    8550H     0009H     UNIT         ?PR?_SUB_SENDOFFSET?SUB
            CODE    8559H     0008H     UNIT         ?PR?_SETTEMPCALCNT?CALIBRATION
            CODE    8561H     0008H     UNIT         ?PR?_SETANGCALCNT?CALIBRATION
            CODE    8569H     0008H     UNIT         ?PR?DELAY_MS_?DELAY
            CODE    8571H     0008H     UNIT         ?PR?_GETXOFFSET?SENSOR
            CODE    8579H     0008H     UNIT         ?PR?_GETYOFFSET?SENSOR
            CODE    8581H     0007H     UNIT         ?PR?ADC_GETXVAL?AD7176
            CODE    8588H     0007H     UNIT         ?PR?ADC_GETYVAL?AD7176
            CODE    858FH     0007H     UNIT         ?PR?ADC_GETTEMP?AD7176
            CODE    8596H     0007H     UNIT         ?PR?GETANGXSYSZERO?ANGAPP
            CODE    859DH     0007H     UNIT         ?PR?GETANGYSYSZERO?ANGAPP
            CODE    85A4H     0007H     UNIT         ?PR?GETANGXUSRZERO?ANGAPP
BL51 BANKED LINKER/LOCATER V6.22                                                      06/01/2018  17:39:17  PAGE 8


            CODE    85ABH     0007H     UNIT         ?PR?GETANGYUSRZERO?ANGAPP
            CODE    85B2H     0007H     UNIT         ?PR?GETANGXINST?ANGAPP
            CODE    85B9H     0007H     UNIT         ?PR?GETANGYINST?ANGAPP
            CODE    85C0H     0007H     UNIT         ?PR?GETANGXSET?ANGAPP
            CODE    85C7H     0007H     UNIT         ?PR?GETANGYSET?ANGAPP
            CODE    85CEH     0007H     UNIT         ?PR?GETANGPSET?ANGAPP
            CODE    85D5H     0007H     UNIT         ?PR?GETANGXZEROUSR?ANGAPP
            CODE    85DCH     0007H     UNIT         ?PR?GETANGYZEROUSR?ANGAPP
            CODE    85E3H     0007H     UNIT         ?PR?GETANGXRELSYS?ANGAPP
            CODE    85EAH     0007H     UNIT         ?PR?GETANGYRELSYS?ANGAPP
            CODE    85F1H     0007H     UNIT         ?PR?GETXFTVAL?SENSOR
            CODE    85F8H     0007H     UNIT         ?PR?GETYFTVAL?SENSOR
            CODE    85FFH     0007H     UNIT         ?PR?GETXOFTVAL?SENSOR
            CODE    8606H     0007H     UNIT         ?PR?GETYOFTVAL?SENSOR
            CODE    860DH     0007H     UNIT         ?PR?GETXANG?SENSOR
            CODE    8614H     0007H     UNIT         ?PR?GETYANG?SENSOR
            CODE    861BH     0006H     UNIT         ?PR?_SETANGXSYSZERO?ANGAPP
            CODE    8621H     0006H     UNIT         ?PR?_SETANGYSYSZERO?ANGAPP
            CODE    8627H     0006H     UNIT         ?PR?_SETANGXUSRZERO?ANGAPP
            CODE    862DH     0006H     UNIT         ?PR?_SETANGYUSRZERO?ANGAPP
            CODE    8633H     0006H     UNIT         ?PR?_SETANGXINST?ANGAPP
            CODE    8639H     0006H     UNIT         ?PR?_SETANGYINST?ANGAPP
            CODE    863FH     0006H     UNIT         ?PR?_SETANGXSET?ANGAPP
            CODE    8645H     0006H     UNIT         ?PR?_SETANGYSET?ANGAPP
            CODE    864BH     0006H     UNIT         ?PR?_SETANGPSET?ANGAPP
            CODE    8651H     0006H     UNIT         ?PR?GETTEMPXCALCNT?CALIBRATION
            CODE    8657H     0006H     UNIT         ?PR?GETANGXCALCNT?CALIBRATION
            CODE    865DH     0006H     UNIT         ?PR?GETANGYCALCNT?CALIBRATION
            CODE    8663H     0006H     UNIT         ?PR?GETMCUTCALCNT?CALMCUT
            CODE    8669H     0006H     UNIT         ?PR?MCUT_CALSTOP?CALMCUT
            CODE    866FH     0006H     UNIT         ?PR?COMM_SENDSTA?COMM
            CODE    8675H     0006H     UNIT         ?PR?GETFILTERCNT?SENSOR
            CODE    867BH     0006H     UNIT         ?PR?_SETFILTERCNT?SENSOR
            CODE    8681H     0006H     UNIT         ?PR?GET_MCUTEMP?SENSOR
            CODE    8687H     0005H     UNIT         ?PR?INT0_ENABLE?INT0
            CODE    868CH     0004H     UNIT         ?PR?_TEMP_SETCALCNT?CALIBRATION
            CODE    8690H     0004H     UNIT         ?PR?_ANG_SETCALCNT?CALIBRATION
            CODE    8694H     0004H     UNIT         ?PR?_MCUT_SETCALCNT?CALMCUT
            CODE    8698H     0004H     UNIT         ?PR?COMM_SENDSTOP?COMM
            CODE    869CH     0003H     UNIT         ?PR?MCUT_CALSTA?CALMCUT
            CODE    869FH     0003H     UNIT         ?PR?INT0_DISABLE?INT0
            CODE    86A2H     0001H     UNIT         ?CO?SPI



OVERLAY MAP OF MODULE:   .\obj\wtu (?C_STARTUP)


SEGMENT                                        BIT_GROUP          DATA_GROUP          XDATA_GROUP
  +--> CALLED SEGMENT                       START    LENGTH     START    LENGTH     START    LENGTH
---------------------------------------------------------------------------------------------------
?C_C51STARTUP                               -----    -----      -----    -----      -----    -----
  +--> ?PR?MAIN?MAIN
  +--> ?C_INITSEG

?PR?MAIN?MAIN                               -----    -----      -----    -----      -----    -----
  +--> ?PR?INIT_ALL?INIT
BL51 BANKED LINKER/LOCATER V6.22                                                      06/01/2018  17:39:17  PAGE 9


  +--> ?PR?FLASH_CALDATAINIT?FLASH
  +--> ?PR?_DELAY_MS?DELAY
  +--> ?PR?AD7176_INMAINPROC?AD7176
  +--> ?PR?SNPROC?SENSOR
  +--> ?PR?TIMER2_TASKINMAIN?TIMER
  +--> ?PR?SEND_TIMEPROC?SEND

?PR?INIT_ALL?INIT                           -----    -----      -----    -----      -----    -----
  +--> ?PR?PORTINIT?INIT
  +--> ?PR?SYS_CLKINIT?INIT
  +--> ?PR?COMM_HARDWAREINIT?COMM
  +--> ?PR?COMM_SOFTWAREINIT?COMM
  +--> ?PR?TIMER2_INIT?TIMER
  +--> ?PR?INIT_SYSTEMPARA?INIT
  +--> ?PR?SPI_INIT?SPI
  +--> ?PR?CALIBMTINIT?CALMCUT
  +--> ?PR?AD7176_INIT?AD7176
  +--> ?PR?ANGINIT?ANGAPP
  +--> ?PR?INT0_INIT?INT0

?PR?COMM_SOFTWAREINIT?COMM                  -----    -----      0021H    0003H      -----    -----

?PR?TIMER2_INIT?TIMER                       -----    -----      -----    -----      -----    -----
  +--> ?CO?SEND

?PR?INIT_SYSTEMPARA?INIT                    -----    -----      -----    -----      -----    -----
  +--> ?CO?SEND

?PR?CALIBMTINIT?CALMCUT                     -----    -----      -----    -----      -----    -----
  +--> ?PR?_SETMCUTCALCNT?CALMCUT
  +--> ?PR?_GETMCUTCALTEMPVAL?CALMCUT
  +--> ?PR?_GETMCUTCALADCVAL?CALMCUT
  +--> ?PR?_SETMCUTCALTEMPVAL?CALMCUT
  +--> ?PR?_SETMCUTCALADCVAL?CALMCUT

?PR?_SETMCUTCALCNT?CALMCUT                  -----    -----      -----    -----      -----    -----
  +--> ?PR?_MCUT_SETCALCNT?CALMCUT

?PR?_GETMCUTCALTEMPVAL?CALMCUT              -----    -----      -----    -----      -----    -----
  +--> ?PR?_MCUT_RDTEMPVAL?CALMCUT

?PR?_GETMCUTCALADCVAL?CALMCUT               -----    -----      -----    -----      -----    -----
  +--> ?PR?_MCUT_RDADCVAL?CALMCUT

?PR?_SETMCUTCALTEMPVAL?CALMCUT              -----    -----      -----    -----      -----    -----
  +--> ?PR?_MCUT_WRTEMPVAL?CALMCUT

?PR?_MCUT_WRTEMPVAL?CALMCUT                 -----    -----      0026H    0006H      -----    -----

?PR?_SETMCUTCALADCVAL?CALMCUT               -----    -----      -----    -----      -----    -----
  +--> ?PR?_MCUT_WRADCVAL?CALMCUT

?PR?_MCUT_WRADCVAL?CALMCUT                  -----    -----      0026H    0006H      -----    -----

?PR?AD7176_INIT?AD7176                      -----    -----      -----    -----      -----    -----
  +--> ?PR?AD7176_RESET?AD7176
  +--> ?PR?DELAY500US?DELAY
BL51 BANKED LINKER/LOCATER V6.22                                                      06/01/2018  17:39:17  PAGE 10


  +--> ?PR?_AD7176_OFFSETCONFIG?AD7176
  +--> ?PR?_AD7176_ADCMODECONFIG?AD7176
  +--> ?PR?_AD7176_GAINCONFIG?AD7176
  +--> ?PR?_AD7176_CHANNELCONFIG?AD7176
  +--> ?PR?_AD7176_SETUPCONFIG?AD7176
  +--> ?PR?_AD7176_FILTERCONFIG?AD7176
  +--> ?PR?_AD7176_INTMODECONFIG?AD7176
  +--> ?PR?ADCENTITYINIT?AD7176
  +--> ?PR?INIT_SAMAD?AD7176

?PR?AD7176_RESET?AD7176                     -----    -----      -----    -----      0D51H    0008H
  +--> ?CO?AD7176
  +--> ?PR?_SPI_WRITE?SPI

?PR?_AD7176_OFFSETCONFIG?AD7176             -----    -----      0021H    0005H      -----    -----
  +--> ?PR?_AD7176_WRREGVAL?AD7176

?PR?_AD7176_WRREGVAL?AD7176                 -----    -----      0031H    000FH      -----    -----
  +--> ?CO?AD7176
  +--> ?PR?_SPI_WRITE?SPI

?PR?_AD7176_ADCMODECONFIG?AD7176            -----    -----      0021H    000AH      -----    -----
  +--> ?PR?_AD7176_WRREGVAL?AD7176

?PR?_AD7176_GAINCONFIG?AD7176               -----    -----      0021H    0005H      -----    -----
  +--> ?PR?_AD7176_WRREGVAL?AD7176

?PR?_AD7176_CHANNELCONFIG?AD7176            -----    -----      0021H    0009H      -----    -----
  +--> ?PR?_AD7176_WRREGVAL?AD7176

?PR?_AD7176_SETUPCONFIG?AD7176              -----    -----      -----    -----      -----    -----
  +--> ?PR?_AD7176_WRREGVAL?AD7176

?PR?_AD7176_FILTERCONFIG?AD7176             -----    -----      0021H    000BH      -----    -----
  +--> ?PR?_AD7176_WRREGVAL?AD7176

?PR?_AD7176_INTMODECONFIG?AD7176            -----    -----      0021H    0010H      -----    -----
  +--> ?PR?_AD7176_WRREGVAL?AD7176

?PR?ANGINIT?ANGAPP                          -----    -----      -----    -----      -----    -----
  +--> ?PR?SNINIT?SENSOR
  +--> ?PR?_SETANGXINST?ANGAPP
  +--> ?PR?_SETANGYINST?ANGAPP
  +--> ?PR?_SETANGXSYSZERO?ANGAPP
  +--> ?PR?_SETANGYSYSZERO?ANGAPP
  +--> ?PR?_SETANGXUSRZERO?ANGAPP
  +--> ?PR?_SETANGYUSRZERO?ANGAPP
  +--> ?PR?_SETANGXSET?ANGAPP
  +--> ?PR?_SETANGYSET?ANGAPP
  +--> ?PR?_SETANGPSET?ANGAPP

?PR?SNINIT?SENSOR                           -----    -----      -----    -----      -----    -----
  +--> ?PR?CALIBINIT?CALIBRATION
  +--> ?PR?_SETFILTERCNT?SENSOR
  +--> ?PR?SNXDATAINIT?SENSOR
  +--> ?PR?_SNXFILTER?SENSOR
  +--> ?PR?_GETXOFFSET?SENSOR
BL51 BANKED LINKER/LOCATER V6.22                                                      06/01/2018  17:39:17  PAGE 11


  +--> ?PR?ANGXCALC?SENSOR
  +--> ?PR?SNYDATAINIT?SENSOR
  +--> ?PR?_SNYFILTER?SENSOR
  +--> ?PR?_GETYOFFSET?SENSOR
  +--> ?PR?ANGYCALC?SENSOR

?PR?CALIBINIT?CALIBRATION                   -----    -----      -----    -----      -----    -----
  +--> ?PR?_SETTEMPXCALCNT?CALIBRATION
  +--> ?PR?_GETTEMPXCALTEMPVAL?CALIBRATION
  +--> ?PR?_GETTEMPXCALADCVAL?CALIBRATION
  +--> ?PR?_SETTEMPXCALTEMPVAL?CALIBRATION
  +--> ?PR?_SETTEMPXCALADCVAL?CALIBRATION
  +--> ?PR?_SETTEMPYCALCNT?CALIBRATION
  +--> ?PR?_GETTEMPYCALTEMPVAL?CALIBRATION
  +--> ?PR?_GETTEMPYCALADCVAL?CALIBRATION
  +--> ?PR?_SETTEMPYCALTEMPVAL?CALIBRATION
  +--> ?PR?_SETTEMPYCALADCVAL?CALIBRATION
  +--> ?PR?_SETANGXCALCNT?CALIBRATION
  +--> ?PR?_GETANGXCALANGVAL?CALIBRATION
  +--> ?PR?_GETANGXCALADCVAL?CALIBRATION
  +--> ?PR?_SETANGXCALANGVAL?CALIBRATION
  +--> ?PR?_SETANGXCALADCVAL?CALIBRATION
  +--> ?PR?_SETANGYCALCNT?CALIBRATION
  +--> ?PR?_GETANGYCALANGVAL?CALIBRATION
  +--> ?PR?_GETANGYCALADCVAL?CALIBRATION
  +--> ?PR?_SETANGYCALANGVAL?CALIBRATION
  +--> ?PR?_SETANGYCALADCVAL?CALIBRATION

?PR?_SETTEMPXCALCNT?CALIBRATION             -----    -----      -----    -----      -----    -----
  +--> ?PR?_TEMP_SETCALCNT?CALIBRATION

?PR?_GETTEMPXCALTEMPVAL?CALIBRATION         -----    -----      -----    -----      -----    -----
  +--> ?PR?_TEMP_RDTEMPVAL?CALIBRATION

?PR?_GETTEMPXCALADCVAL?CALIBRATION          -----    -----      -----    -----      -----    -----
  +--> ?PR?_TEMP_RDADCVAL?CALIBRATION

?PR?_SETTEMPXCALTEMPVAL?CALIBRATION         -----    -----      -----    -----      -----    -----
  +--> ?PR?_TEMP_WRTEMPVAL?CALIBRATION

?PR?_TEMP_WRTEMPVAL?CALIBRATION             -----    -----      0026H    0006H      -----    -----

?PR?_SETTEMPXCALADCVAL?CALIBRATION          -----    -----      003CH    0005H      -----    -----
  +--> ?PR?_TEMP_WRADCVAL?CALIBRATION

?PR?_TEMP_WRADCVAL?CALIBRATION              -----    -----      0041H    0008H      -----    -----

?PR?_SETTEMPYCALCNT?CALIBRATION             -----    -----      -----    -----      -----    -----
  +--> ?PR?_TEMP_SETCALCNT?CALIBRATION

?PR?_GETTEMPYCALTEMPVAL?CALIBRATION         -----    -----      -----    -----      -----    -----
  +--> ?PR?_TEMP_RDTEMPVAL?CALIBRATION

?PR?_GETTEMPYCALADCVAL?CALIBRATION          -----    -----      -----    -----      -----    -----
  +--> ?PR?_TEMP_RDADCVAL?CALIBRATION

?PR?_SETTEMPYCALTEMPVAL?CALIBRATION         -----    -----      0021H    0005H      -----    -----
BL51 BANKED LINKER/LOCATER V6.22                                                      06/01/2018  17:39:17  PAGE 12


  +--> ?PR?_TEMP_WRTEMPVAL?CALIBRATION

?PR?_SETTEMPYCALADCVAL?CALIBRATION          -----    -----      003CH    0005H      -----    -----
  +--> ?PR?_TEMP_WRADCVAL?CALIBRATION

?PR?_SETANGXCALCNT?CALIBRATION              -----    -----      -----    -----      -----    -----
  +--> ?PR?_ANG_SETCALCNT?CALIBRATION

?PR?_GETANGXCALANGVAL?CALIBRATION           -----    -----      -----    -----      -----    -----
  +--> ?PR?_ANG_RDANGVAL?CALIBRATION

?PR?_GETANGXCALADCVAL?CALIBRATION           -----    -----      -----    -----      -----    -----
  +--> ?PR?_ANG_RDADCVAL?CALIBRATION

?PR?_SETANGXCALANGVAL?CALIBRATION           -----    -----      0031H    0005H      -----    -----
  +--> ?PR?_ANG_WRANGVAL?CALIBRATION

?PR?_ANG_WRANGVAL?CALIBRATION               -----    -----      0036H    0008H      -----    -----

?PR?_SETANGXCALADCVAL?CALIBRATION           -----    -----      0031H    0005H      -----    -----
  +--> ?PR?_ANG_WRADCVAL?CALIBRATION

?PR?_ANG_WRADCVAL?CALIBRATION               -----    -----      0036H    0008H      -----    -----

?PR?_SETANGYCALCNT?CALIBRATION              -----    -----      -----    -----      -----    -----
  +--> ?PR?_ANG_SETCALCNT?CALIBRATION

?PR?_GETANGYCALANGVAL?CALIBRATION           -----    -----      -----    -----      -----    -----
  +--> ?PR?_ANG_RDANGVAL?CALIBRATION

?PR?_GETANGYCALADCVAL?CALIBRATION           -----    -----      -----    -----      -----    -----
  +--> ?PR?_ANG_RDADCVAL?CALIBRATION

?PR?_SETANGYCALANGVAL?CALIBRATION           -----    -----      0031H    0005H      -----    -----
  +--> ?PR?_ANG_WRANGVAL?CALIBRATION

?PR?_SETANGYCALADCVAL?CALIBRATION           -----    -----      0031H    0005H      -----    -----
  +--> ?PR?_ANG_WRADCVAL?CALIBRATION

?PR?SNXDATAINIT?SENSOR                      -----    -----      -----    -----      -----    -----
  +--> ?PR?_SN_DATAINIT?SENSOR

?PR?_SN_DATAINIT?SENSOR                     -----    -----      0021H    0009H      -----    -----

?PR?_SNXFILTER?SENSOR                       -----    -----      0021H    0005H      -----    -----
  +--> ?PR?_SNFILTER?SENSOR

?PR?_SNFILTER?SENSOR                        -----    -----      0026H    0008H      -----    -----
  +--> ?PR?_?VALINRANGE?FILTER
  +--> ?PR?_FILTER_1ST?FILTER

?PR?_FILTER_1ST?FILTER                      -----    -----      002EH    0009H      -----    -----

?PR?_GETXOFFSET?SENSOR                      -----    -----      -----    -----      -----    -----
  +--> ?PR?_GETOFFSET?SENSOR

?PR?_GETOFFSET?SENSOR                       -----    -----      0021H    0005H      0D51H    0005H
BL51 BANKED LINKER/LOCATER V6.22                                                      06/01/2018  17:39:17  PAGE 13



?PR?ANGXCALC?SENSOR                         -----    -----      -----    -----      -----    -----
  +--> ?PR?_ANG_CALC?SENSOR

?PR?_ANG_CALC?SENSOR                        -----    -----      0021H    0003H      0D51H    0004H
  +--> ?PR?_GETANGCALCVAL?SENSOR
  +--> ?PR?ASIN?ASIN

?PR?_GETANGCALCVAL?SENSOR                   -----    -----      0024H    0007H      0D55H    0005H

?PR?ASIN?ASIN                               -----    -----      -----    -----      -----    -----
  +--> ?PR?SQRT?SQRT
  +--> ?PR?ATAN?ATAN

?PR?SQRT?SQRT                               -----    -----      0038H    0004H      -----    -----

?PR?ATAN?ATAN                               0020H.2  0000H.2    0038H    0004H      -----    -----

?PR?SNYDATAINIT?SENSOR                      -----    -----      -----    -----      -----    -----
  +--> ?PR?_SN_DATAINIT?SENSOR

?PR?_SNYFILTER?SENSOR                       -----    -----      0021H    0005H      -----    -----
  +--> ?PR?_SNFILTER?SENSOR

?PR?_GETYOFFSET?SENSOR                      -----    -----      -----    -----      -----    -----
  +--> ?PR?_GETOFFSET?SENSOR

?PR?ANGYCALC?SENSOR                         -----    -----      -----    -----      -----    -----
  +--> ?PR?_ANG_CALC?SENSOR

?PR?INT0_INIT?INT0                          -----    -----      -----    -----      -----    -----
  +--> ?PR?INT0_ENABLE?INT0

?PR?FLASH_CALDATAINIT?FLASH                 -----    -----      0021H    0001H      -----    -----
  +--> ?PR?_FLASH_BUFRD?FLASH
  +--> ?PR?FLASHCHK?FLASH
  +--> ?PR?RAM_CALDATAINIT?FLASH
  +--> ?PR?FLASH_CALDATAUPDATE?FLASH
  +--> ?PR?_RAM_BUF2CALDATA?FLASH
  +--> ?PR?_FLASH_CHECKSUM?FLASH
  +--> ?PR?FLASHAREA_USER?FLASH
  +--> ?PR?_FLASH_CALDATAUPDATE_USER?FLASH
  +--> ?PR?GETANGXCALCNT?CALIBRATION
  +--> ?PR?GETANGYCALCNT?CALIBRATION
  +--> ?PR?ADC_XCALSTOP?CMDSUB
  +--> ?PR?ADC_YCALSTOP?CMDSUB
  +--> ?PR?TEMP_CALSTOP?CMDSUB
  +--> ?PR?MCUT_CALSTOP?CALMCUT
  +--> ?CO?SEND

?PR?_FLASH_BUFRD?FLASH                      0020H.2  0000H.1    0022H    0009H      -----    -----

?PR?RAM_CALDATAINIT?FLASH                   -----    -----      -----    -----      -----    -----
  +--> ?PR?ANGCALDATAINIT?CALIBRATION
  +--> ?PR?TEMPCALDATAINIT?CALIBRATION
  +--> ?PR?MTCALDATAINIT?CALMCUT

BL51 BANKED LINKER/LOCATER V6.22                                                      06/01/2018  17:39:17  PAGE 14


?PR?ANGCALDATAINIT?CALIBRATION              -----    -----      -----    -----      0D51H    0001H
  +--> ?PR?_SETANGCALCNT?CALIBRATION

?PR?_SETANGCALCNT?CALIBRATION               -----    -----      -----    -----      -----    -----
  +--> ?PR?_SETANGXCALCNT?CALIBRATION
  +--> ?PR?_SETANGYCALCNT?CALIBRATION

?PR?TEMPCALDATAINIT?CALIBRATION             -----    -----      -----    -----      0D51H    0001H
  +--> ?PR?_SETTEMPCALCNT?CALIBRATION

?PR?_SETTEMPCALCNT?CALIBRATION              -----    -----      -----    -----      -----    -----
  +--> ?PR?_SETTEMPXCALCNT?CALIBRATION
  +--> ?PR?_SETTEMPYCALCNT?CALIBRATION

?PR?MTCALDATAINIT?CALMCUT                   -----    -----      -----    -----      0D51H    0001H
  +--> ?PR?_SETMCUTCALCNT?CALMCUT

?PR?FLASH_CALDATAUPDATE?FLASH               -----    -----      -----    -----      -----    -----
  +--> ?PR?_RAM_CALDATA2BUF?FLASH
  +--> ?PR?_FLASHUPDATE?FLASH

?PR?_RAM_CALDATA2BUF?FLASH                  -----    -----      0039H    0006H      -----    -----
  +--> ?PR?_GETANGXCALANGVAL?CALIBRATION
  +--> ?PR?_GETANGYCALANGVAL?CALIBRATION
  +--> ?PR?_GETANGXCALADCVAL?CALIBRATION
  +--> ?PR?_GETANGYCALADCVAL?CALIBRATION
  +--> ?PR?GETANGXCALCNT?CALIBRATION
  +--> ?PR?GETTEMPXCALCNT?CALIBRATION
  +--> ?PR?GETANGXSYSZERO?ANGAPP
  +--> ?PR?GETANGYSYSZERO?ANGAPP
  +--> ?PR?GETMCUTCALCNT?CALMCUT
  +--> ?PR?GETFILTERCNT?SENSOR
  +--> ?PR?GETANGXUSRZERO?ANGAPP
  +--> ?PR?GETANGYUSRZERO?ANGAPP
  +--> ?PR?GETANGXINST?ANGAPP
  +--> ?PR?GETANGYINST?ANGAPP
  +--> ?PR?GETANGXSET?ANGAPP
  +--> ?PR?GETANGYSET?ANGAPP
  +--> ?PR?GETANGPSET?ANGAPP
  +--> ?PR?_GETTEMPXCALTEMPVAL?CALIBRATION
  +--> ?PR?_GETTEMPXCALADCVAL?CALIBRATION
  +--> ?PR?_GETTEMPYCALADCVAL?CALIBRATION
  +--> ?PR?_GETMCUTCALTEMPVAL?CALMCUT
  +--> ?PR?_GETMCUTCALADCVAL?CALMCUT
  +--> ?PR?_FLASH_CHECKSUM?FLASH

?PR?_FLASH_CHECKSUM?FLASH                   -----    -----      003FH    0005H      -----    -----

?PR?_FLASHUPDATE?FLASH                      0020H.2  0000H.1    0039H    0007H      -----    -----
  +--> ?PR?_FLASH_PAGEERASE?FLASH
  +--> ?PR?_DELAY_MS?DELAY
  +--> ?PR?_FLASH_BUFWR?FLASH

?PR?_FLASH_PAGEERASE?FLASH                  0020H.3  0000H.1    -----    -----      -----    -----

?PR?_DELAY_MS?DELAY                         -----    -----      -----    -----      -----    -----
  +--> ?PR?DELAY_MS_?DELAY
BL51 BANKED LINKER/LOCATER V6.22                                                      06/01/2018  17:39:17  PAGE 15



?PR?DELAY_MS_?DELAY                         -----    -----      -----    -----      -----    -----
  +--> ?PR?DELAY_100US?DELAY

?PR?_FLASH_BUFWR?FLASH                      0020H.3  0000H.1    0040H    000BH      -----    -----

?PR?_RAM_BUF2CALDATA?FLASH                  -----    -----      0022H    0004H      -----    -----
  +--> ?PR?_SETANGXCALANGVAL?CALIBRATION
  +--> ?PR?_SETANGYCALANGVAL?CALIBRATION
  +--> ?PR?_SETANGXCALADCVAL?CALIBRATION
  +--> ?PR?_SETANGYCALADCVAL?CALIBRATION
  +--> ?PR?_SETANGCALCNT?CALIBRATION
  +--> ?PR?_SETTEMPCALCNT?CALIBRATION
  +--> ?PR?_SETANGXSYSZERO?ANGAPP
  +--> ?PR?_SETANGYSYSZERO?ANGAPP
  +--> ?PR?_SETMCUTCALCNT?CALMCUT
  +--> ?PR?_SETFILTERCNT?SENSOR
  +--> ?PR?_SETANGXUSRZERO?ANGAPP
  +--> ?PR?_SETANGYUSRZERO?ANGAPP
  +--> ?PR?_SETANGXINST?ANGAPP
  +--> ?PR?_SETANGYINST?ANGAPP
  +--> ?PR?_SETANGXSET?ANGAPP
  +--> ?PR?_SETANGYSET?ANGAPP
  +--> ?PR?_SETANGPSET?ANGAPP
  +--> ?PR?_SETTEMPXCALTEMPVAL?CALIBRATION
  +--> ?PR?_SETTEMPXCALADCVAL?CALIBRATION
  +--> ?PR?_SETTEMPYCALADCVAL?CALIBRATION
  +--> ?PR?_SETMCUTCALTEMPVAL?CALMCUT
  +--> ?PR?_SETMCUTCALADCVAL?CALMCUT

?PR?FLASHAREA_USER?FLASH                    -----    -----      -----    -----      -----    -----
  +--> ?PR?_FLASH_BUFRD?FLASH
  +--> ?PR?FLASHCHK?FLASH
  +--> ?PR?_FLASH_CHECKSUM?FLASH
  +--> ?PR?RAM_CALDATAINIT_USER?FLASH
  +--> ?PR?_FLASH_CALDATAUPDATE_USER?FLASH
  +--> ?PR?_RAM_BUF2CALDATA?FLASH

?PR?RAM_CALDATAINIT_USER?FLASH              -----    -----      -----    -----      -----    -----
  +--> ?PR?_SETANGXUSRZERO?ANGAPP
  +--> ?PR?_SETANGYUSRZERO?ANGAPP
  +--> ?PR?_SETANGXSET?ANGAPP
  +--> ?PR?_SETANGYSET?ANGAPP
  +--> ?PR?_SETANGPSET?ANGAPP
  +--> ?PR?_SETANGXINST?ANGAPP
  +--> ?PR?_SETANGYINST?ANGAPP
  +--> ?PR?INIT_SYSTEMPARA?INIT

?PR?_FLASH_CALDATAUPDATE_USER?FLASH         -----    -----      0031H    0008H      0D63H    0001H
  +--> ?PR?_RAM_CALDATA2BUF?FLASH
  +--> ?PR?_FLASHUPDATE?FLASH

?PR?ADC_XCALSTOP?CMDSUB                     -----    -----      0026H    0001H      -----    -----
  +--> ?PR?_SUB_BUFBUBBLE?SUB
  +--> ?PR?ANGXCALCPRM?CALIBRATION

?PR?_SUB_BUFBUBBLE?SUB                      -----    -----      0027H    0007H      0D58H    0002H
BL51 BANKED LINKER/LOCATER V6.22                                                      06/01/2018  17:39:17  PAGE 16


  +--> ?PR?_SUB_SBUFSWITCH?SUB
  +--> ?PR?_SUB_32UBUFSWITCH?SUB

?PR?_SUB_SBUFSWITCH?SUB                     -----    -----      0031H    0005H      0D63H    0004H

?PR?_SUB_32UBUFSWITCH?SUB                   -----    -----      002EH    0005H      0D5AH    0004H

?PR?ANGXCALCPRM?CALIBRATION                 -----    -----      -----    -----      -----    -----
  +--> ?PR?_ANG_CALCPRM?CALIBRATION

?PR?_ANG_CALCPRM?CALIBRATION                -----    -----      0027H    0003H      0D58H    0009H
  +--> ?PR?SIN?SIN

?PR?SIN?SIN                                 0020H.2  0000H.1    0038H    0004H      -----    -----

?PR?ADC_YCALSTOP?CMDSUB                     -----    -----      0026H    0001H      -----    -----
  +--> ?PR?_SUB_BUFBUBBLE?SUB
  +--> ?PR?ANGYCALCPRM?CALIBRATION

?PR?ANGYCALCPRM?CALIBRATION                 -----    -----      -----    -----      -----    -----
  +--> ?PR?_ANG_CALCPRM?CALIBRATION

?PR?TEMP_CALSTOP?CMDSUB                     -----    -----      -----    -----      -----    -----
  +--> ?PR?TEMPSORTANDCALCPRM?CMDSUB

?PR?TEMPSORTANDCALCPRM?CMDSUB               -----    -----      -----    -----      -----    -----
  +--> ?PR?_SUB_BUFBUBBLE2?SUB
  +--> ?PR?TEMPXCALCPRM?CALIBRATION
  +--> ?PR?TEMPYCALCPRM?CALIBRATION

?PR?_SUB_BUFBUBBLE2?SUB                     -----    -----      0027H    000AH      0D61H    0002H
  +--> ?PR?_SUB_UBUFSWITCH?SUB
  +--> ?PR?_SUB_SBUFSWITCH?SUB

?PR?_SUB_UBUFSWITCH?SUB                     -----    -----      0031H    0005H      0D63H    0002H

?PR?TEMPXCALCPRM?CALIBRATION                -----    -----      -----    -----      -----    -----
  +--> ?PR?_TEMP_CALCPRM?CALIBRATION

?PR?_TEMP_CALCPRM?CALIBRATION               -----    -----      0027H    0003H      0D61H    0001H

?PR?TEMPYCALCPRM?CALIBRATION                -----    -----      -----    -----      -----    -----
  +--> ?PR?_TEMP_CALCPRM?CALIBRATION

?PR?MCUT_CALSTOP?CALMCUT                    -----    -----      -----    -----      -----    -----
  +--> ?PR?MCUTCALCPRM?CALMCUT

?PR?MCUTCALCPRM?CALMCUT                     -----    -----      -----    -----      -----    -----
  +--> ?PR?_SUB_BUFBUBBLE16S?SUB
  +--> ?PR?_MCUT_CALCPRM?CALMCUT

?PR?_SUB_BUFBUBBLE16S?SUB                   -----    -----      0025H    0007H      0D51H    0002H
  +--> ?PR?_SUB_16SBUFSWITCH?SUB
  +--> ?PR?_SUB_UBUFSWITCH?SUB

?PR?_SUB_16SBUFSWITCH?SUB                   -----    -----      002CH    0005H      0D53H    0002H

BL51 BANKED LINKER/LOCATER V6.22                                                      06/01/2018  17:39:17  PAGE 17


?PR?_MCUT_CALCPRM?CALMCUT                   -----    -----      0025H    0003H      0D51H    0001H

?PR?AD7176_INMAINPROC?AD7176                -----    -----      0021H    0003H      -----    -----
  +--> ?PR?_ADCFILTER?AD7176

?PR?_ADCFILTER?AD7176                       -----    -----      0024H    0007H      -----    -----
  +--> ?PR?_?VALINRANGE?FILTER
  +--> ?PR?_?SLIDEWINFILTER?FILTER

?PR?SNPROC?SENSOR                           -----    -----      -----    -----      -----    -----
  +--> ?PR?ADC_GETXVAL?AD7176
  +--> ?PR?_SNXFILTER?SENSOR
  +--> ?PR?GET_MCUTEMP?SENSOR
  +--> ?PR?ADC_GETYVAL?AD7176
  +--> ?PR?_SNYFILTER?SENSOR

?PR?GET_MCUTEMP?SENSOR                      -----    -----      -----    -----      -----    -----
  +--> ?PR?ADC_GETTEMP?AD7176

?PR?TIMER2_TASKINMAIN?TIMER                 -----    -----      -----    -----      -----    -----
  +--> ?PR?SUB_SENDANGXY?SUB

?PR?SUB_SENDANGXY?SUB                       -----    -----      -----    -----      -----    -----
  +--> ?CO?SUB
  +--> ?PR?_COMM_PUTSTR?COMM
  +--> ?PR?GETXANGALLSETVAL?ANGAPP
  +--> ?PR?_COMM_PUTINT32S?SUB
  +--> ?PR?GETYANGALLSETVAL?ANGAPP
  +--> ?PR?COMM_PUTNEWLINE?SUB
  +--> ?PR?COMM_SENDSTA?COMM

?PR?_COMM_PUTSTR?COMM                       -----    -----      003BH    0003H      -----    -----
  +--> ?PR?_COMM_PUTCHAR?COMM

?PR?_COMM_PUTCHAR?COMM                      -----    -----      003EH    0003H      -----    -----

?PR?GETXANGALLSETVAL?ANGAPP                 -----    -----      -----    -----      0D5FH    0004H
  +--> ?PR?GETXANG?SENSOR
  +--> ?PR?_SETANGZERO?ANGAPP
  +--> ?PR?_SETANGZEROADD?ANGAPP

?PR?_SETANGZERO?ANGAPP                      -----    -----      0030H    0004H      -----    -----

?PR?_SETANGZEROADD?ANGAPP                   -----    -----      0030H    0004H      -----    -----

?PR?_COMM_PUTINT32S?SUB                     -----    -----      -----    -----      -----    -----
  +--> ?PR?_SUB_INT32S2STR?SUB
  +--> ?PR?_COMM_PUTSTR?COMM

?PR?_SUB_INT32S2STR?SUB                     -----    -----      0026H    0007H      -----    -----

?PR?GETYANGALLSETVAL?ANGAPP                 -----    -----      -----    -----      0D5FH    0004H
  +--> ?PR?GETYANG?SENSOR
  +--> ?PR?_SETANGZERO?ANGAPP
  +--> ?PR?_SETANGZEROADD?ANGAPP

?PR?COMM_PUTNEWLINE?SUB                     -----    -----      -----    -----      -----    -----
BL51 BANKED LINKER/LOCATER V6.22                                                      06/01/2018  17:39:17  PAGE 18


  +--> ?PR?_COMM_PUTCHAR?COMM

?PR?SEND_TIMEPROC?SEND                      -----    -----      -----    -----      -----    -----
  +--> ?PR?_COMM_GETCHAR?COMM
  +--> ?PR?_MODRTU_RXPROC?MODBUSRTU
  +--> ?PR?_SEND_RDEAL?SEND
  +--> ?PR?_SEND_CDEAL?SEND
  +--> ?PR?_SEND_SDEAL?SEND
  +--> ?PR?_SEND_UDEAL?SEND
  +--> ?PR?_SEND_WDEAL?SEND
  +--> ?PR?_SEND_TDEAL?SEND

?PR?_COMM_GETCHAR?COMM                      -----    -----      0021H    0006H      -----    -----

?PR?_MODRTU_RXPROC?MODBUSRTU                -----    -----      0021H    0004H      -----    -----
  +--> ?PR?_MODRTU_CHKCRC?MODBUSRTU
  +--> ?PR?_MODRTU_RDREG?MODBUSRTU
  +--> ?PR?_MODRTU_WRREG?MODBUSRTU
  +--> ?PR?_MODRTU_RLYERROR?MODBUSRTU

?PR?_MODRTU_CHKCRC?MODBUSRTU                -----    -----      -----    -----      -----    -----
  +--> ?PR?_MODBUSCRCCNT?MODBUSCRC

?PR?_MODBUSCRCCNT?MODBUSCRC                 -----    -----      002CH    0003H      0D5DH    0004H
  +--> ?CO?MODBUSCRC

?PR?_MODRTU_RDREG?MODBUSRTU                 -----    -----      0025H    0003H      0D51H    000AH
  +--> ?PR?_MODRTU_8TO16?MODBUSRTU
  +--> ?PR?_MODRTU_RDVAL?MODBUSRTU
  +--> ?PR?_MODRTU_RLYERROR?MODBUSRTU
  +--> ?PR?_MODBUSCRCCNT?MODBUSCRC
  +--> ?PR?_MODRTU_WRCRC?MODBUSRTU
  +--> ?PR?_COMM_PUTSTR?COMM
  +--> ?PR?COMM_SENDSTA?COMM

?PR?_MODRTU_RDVAL?MODBUSRTU                 -----    -----      0028H    0008H      0D5BH    0004H
  +--> ?PR?GETXANGALLSETVAL?ANGAPP
  +--> ?PR?GETYANGALLSETVAL?ANGAPP
  +--> ?PR?GETANGP?ANGAPP
  +--> ?PR?GETANGXINST?ANGAPP
  +--> ?PR?GETANGYINST?ANGAPP
  +--> ?PR?GETANGXSET?ANGAPP
  +--> ?PR?GETANGYSET?ANGAPP
  +--> ?PR?GETANGPSET?ANGAPP
  +--> ?PR?_FLOATTOINT?MODBUSRTU
  +--> ?PR?GETANGXUSRZERO?ANGAPP
  +--> ?PR?GETANGYUSRZERO?ANGAPP
  +--> ?PR?GETFILTERCNT?SENSOR
  +--> ?PR?GET_MCUTEMP?SENSOR
  +--> ?PR?_GETTEMPXCALTEMPVAL?CALIBRATION
  +--> ?PR?_GETTEMPXCALADCVAL?CALIBRATION
  +--> ?PR?_GETTEMPYCALADCVAL?CALIBRATION
  +--> ?PR?GETXOFTVAL?SENSOR
  +--> ?PR?_GETANGXCALADCVAL?CALIBRATION
  +--> ?PR?_GETANGXCALANGVAL?CALIBRATION
  +--> ?PR?GETYOFTVAL?SENSOR
  +--> ?PR?_GETANGYCALADCVAL?CALIBRATION
BL51 BANKED LINKER/LOCATER V6.22                                                      06/01/2018  17:39:17  PAGE 19


  +--> ?PR?_GETANGYCALANGVAL?CALIBRATION
  +--> ?PR?GETXFTVAL?SENSOR
  +--> ?PR?GETYFTVAL?SENSOR
  +--> ?PR?GETXANG?SENSOR
  +--> ?PR?GETYANG?SENSOR
  +--> ?PR?GETANGXRELSYS?ANGAPP
  +--> ?PR?GETANGYRELSYS?ANGAPP
  +--> ?PR?GETANGXZEROUSR?ANGAPP
  +--> ?PR?GETANGYZEROUSR?ANGAPP
  +--> ?PR?GETANGXSYSZERO?ANGAPP
  +--> ?PR?GETANGYSYSZERO?ANGAPP
  +--> ?PR?GETANGXCALCNT?CALIBRATION
  +--> ?PR?GETTEMPXCALCNT?CALIBRATION
  +--> ?PR?_MODRTU_RD16U?MODBUSRTU

?PR?GETANGP?ANGAPP                          -----    -----      -----    -----      -----    -----
  +--> ?PR?GETXANGALLSETVAL?ANGAPP
  +--> ?PR?GETYANGALLSETVAL?ANGAPP
  +--> ?PR?_PANGCALC?ANGAPP

?PR?_PANGCALC?ANGAPP                        -----    -----      0030H    0008H      0D5FH    000CH
  +--> ?PR?SIN?SIN
  +--> ?PR?SQRT?SQRT
  +--> ?PR?ASIN?ASIN

?PR?_FLOATTOINT?MODBUSRTU                   -----    -----      0030H    000BH      -----    -----

?PR?_MODRTU_RLYERROR?MODBUSRTU              -----    -----      0029H    0003H      0D5BH    0002H
  +--> ?PR?_MODBUSCRCCNT?MODBUSCRC
  +--> ?PR?_COMM_PUTSTR?COMM
  +--> ?PR?COMM_SENDSTA?COMM

?PR?_MODRTU_WRREG?MODBUSRTU                 -----    -----      0025H    0004H      0D51H    000AH
  +--> ?PR?_MODRTU_8TO16?MODBUSRTU
  +--> ?PR?_MODRTU_WRVAL?MODBUSRTU
  +--> ?PR?_MODRTU_RLYERROR?MODBUSRTU
  +--> ?PR?_MODBUSCRCCNT?MODBUSCRC
  +--> ?PR?_MODRTU_WRCRC?MODBUSRTU
  +--> ?PR?FLASH_USERDATAUPDATE?FLASH

?PR?_MODRTU_WRVAL?MODBUSRTU                 -----    -----      0029H    0008H      0D5BH    0008H
  +--> ?PR?_MODRTU_WR16U?MODBUSRTU
  +--> ?PR?_SETANGXINST?ANGAPP
  +--> ?PR?_SETANGYINST?ANGAPP
  +--> ?PR?_SETANGXSET?ANGAPP
  +--> ?PR?_SETANGYSET?ANGAPP
  +--> ?PR?_SETANGPSET?ANGAPP
  +--> ?PR?_MODRTU_SETZERO?MODBUSRTU
  +--> ?PR?_MODRTU_WRADDR?MODBUSRTU
  +--> ?PR?_MODRTU_WRBAUD?MODBUSRTU
  +--> ?PR?GETANGXRELSYS?ANGAPP
  +--> ?PR?_SETANGXUSRZERO?ANGAPP
  +--> ?PR?FLASH_USERDATAUPDATE?FLASH
  +--> ?PR?_SETANGCALCNT?CALIBRATION
  +--> ?PR?GETANGXCALCNT?CALIBRATION
  +--> ?PR?_SETANGXCALANGVAL?CALIBRATION
  +--> ?PR?GETXOFTVAL?SENSOR
BL51 BANKED LINKER/LOCATER V6.22                                                      06/01/2018  17:39:17  PAGE 20


  +--> ?PR?_SETANGXCALADCVAL?CALIBRATION
  +--> ?PR?_SETANGYCALANGVAL?CALIBRATION
  +--> ?PR?GETYOFTVAL?SENSOR
  +--> ?PR?_SETANGYCALADCVAL?CALIBRATION
  +--> ?PR?FLASH_CALDATAUPDATE?FLASH
  +--> ?PR?GETXANG?SENSOR
  +--> ?PR?_SETANGXSYSZERO?ANGAPP
  +--> ?PR?GETYANG?SENSOR
  +--> ?PR?_SETANGYSYSZERO?ANGAPP
  +--> ?PR?GETANGYRELSYS?ANGAPP
  +--> ?PR?_SETANGYUSRZERO?ANGAPP
  +--> ?PR?_SETFILTERCNT?SENSOR

?PR?_MODRTU_SETZERO?MODBUSRTU               -----    -----      0031H    0002H      -----    -----
  +--> ?PR?_MODRTU_8TO16?MODBUSRTU
  +--> ?PR?GETANGXRELSYS?ANGAPP
  +--> ?PR?_SETANGXUSRZERO?ANGAPP
  +--> ?PR?GETANGYRELSYS?ANGAPP
  +--> ?PR?_SETANGYUSRZERO?ANGAPP

?PR?FLASH_USERDATAUPDATE?FLASH              -----    -----      -----    -----      -----    -----
  +--> ?PR?_FLASH_CALDATAUPDATE_USER?FLASH

?PR?_SEND_RDEAL?SEND                        -----    -----      0021H    0004H      0D51H    0001H
  +--> ?CO?SEND
  +--> ?PR?_STRNCMP?STRNCMP
  +--> ?PR?SUB_SENDPRMTALL?SUB
  +--> ?PR?SUB_SENDANGXYP?SUB
  +--> ?PR?SUB_SENDANGXY?SUB
  +--> ?PR?SUB_SENDSOFTVER?SUB
  +--> ?PR?SUB_SENDSYSNUM?SUB
  +--> ?PR?SUB_SENDID?SUB
  +--> ?PR?_SUB_STR2INT8U?SUB
  +--> ?PR?_SUB_SENDTEMPCAL?SUB
  +--> ?PR?_COMM_PUTSTR?COMM
  +--> ?PR?GETANGXINST?ANGAPP
  +--> ?PR?GETANGYINST?ANGAPP
  +--> ?PR?_SUB_SENDOFFSET?SUB
  +--> ?PR?_SUB_SENDANGXCAL?SUB
  +--> ?PR?_SUB_SENDANGYCAL?SUB
  +--> ?PR?SUB_SENDERR?SUB

?PR?_STRNCMP?STRNCMP                        -----    -----      0026H    0008H      -----    -----

?PR?SUB_SENDPRMTALL?SUB                     -----    -----      -----    -----      -----    -----
  +--> ?CO?SUB
  +--> ?PR?_COMM_PUTSTR?COMM
  +--> ?PR?GET_MCUTEMP?SENSOR
  +--> ?PR?_COMM_PUTINT8U?SUB
  +--> ?PR?GETXFTVAL?SENSOR
  +--> ?PR?_COMM_PUTINT32U?SUB
  +--> ?PR?_COMM_PUTCHAR?COMM
  +--> ?PR?GETXOFTVAL?SENSOR
  +--> ?PR?GETXANG?SENSOR
  +--> ?PR?_COMM_PUTINT32S?SUB
  +--> ?PR?GETYFTVAL?SENSOR
  +--> ?PR?GETYOFTVAL?SENSOR
BL51 BANKED LINKER/LOCATER V6.22                                                      06/01/2018  17:39:17  PAGE 21


  +--> ?PR?GETYANG?SENSOR
  +--> ?PR?GETANGXCALCNT?CALIBRATION
  +--> ?PR?COMM_PUTNEWLINE?SUB
  +--> ?PR?COMM_SENDSTA?COMM

?PR?_COMM_PUTINT8U?SUB                      -----    -----      -----    -----      -----    -----
  +--> ?PR?_SUB_INT8U2STR?SUB
  +--> ?PR?_COMM_PUTSTR?COMM

?PR?_COMM_PUTINT32U?SUB                     -----    -----      -----    -----      -----    -----
  +--> ?PR?_SUB_INT32U2STR?SUB
  +--> ?PR?_COMM_PUTSTR?COMM

?PR?_SUB_INT32U2STR?SUB                     -----    -----      003BH    0007H      -----    -----

?PR?SUB_SENDANGXYP?SUB                      -----    -----      -----    -----      -----    -----
  +--> ?CO?SUB
  +--> ?PR?_COMM_PUTSTR?COMM
  +--> ?PR?GETXANGALLSETVAL?ANGAPP
  +--> ?PR?_COMM_PUTINT32S?SUB
  +--> ?PR?GETYANGALLSETVAL?ANGAPP
  +--> ?PR?GETANGP?ANGAPP
  +--> ?PR?COMM_PUTNEWLINE?SUB
  +--> ?PR?COMM_SENDSTA?COMM

?PR?SUB_SENDSOFTVER?SUB                     -----    -----      -----    -----      -----    -----
  +--> ?CO?SUB
  +--> ?PR?_COMM_PUTSTR?COMM
  +--> ?PR?COMM_PUTNEWLINE?SUB
  +--> ?PR?COMM_SENDSTA?COMM

?PR?SUB_SENDSYSNUM?SUB                      -----    -----      -----    -----      -----    -----
  +--> ?CO?SUB
  +--> ?PR?_COMM_PUTSTR?COMM
  +--> ?PR?COMM_PUTNEWLINE?SUB
  +--> ?PR?COMM_SENDSTA?COMM

?PR?SUB_SENDID?SUB                          -----    -----      -----    -----      -----    -----
  +--> ?PR?_COMM_PUTINT16U?SUB
  +--> ?PR?_COMM_PUTCHAR?COMM
  +--> ?PR?GETANGXCALCNT?CALIBRATION
  +--> ?PR?GETTEMPXCALCNT?CALIBRATION
  +--> ?PR?COMM_PUTNEWLINE?SUB
  +--> ?PR?COMM_SENDSTA?COMM

?PR?_COMM_PUTINT16U?SUB                     -----    -----      -----    -----      -----    -----
  +--> ?PR?_SUB_INT16U2STR?SUB
  +--> ?PR?_COMM_PUTSTR?COMM

?PR?_SUB_INT16U2STR?SUB                     -----    -----      003BH    0005H      -----    -----

?PR?_SUB_STR2INT8U?SUB                      -----    -----      -----    -----      0D5BH    0001H

?PR?_SUB_SENDTEMPCAL?SUB                    -----    -----      0025H    0001H      -----    -----
  +--> ?CO?SUB
  +--> ?PR?_COMM_PUTSTR?COMM
  +--> ?PR?_COMM_PUTINT8U?SUB
BL51 BANKED LINKER/LOCATER V6.22                                                      06/01/2018  17:39:17  PAGE 22


  +--> ?PR?_COMM_PUTCHAR?COMM
  +--> ?PR?_GETTEMPXCALTEMPVAL?CALIBRATION
  +--> ?PR?_COMM_PUTINT16U?SUB
  +--> ?PR?_GETTEMPXCALADCVAL?CALIBRATION
  +--> ?PR?_COMM_PUTINT32SAD?SUB
  +--> ?PR?_GETTEMPYCALADCVAL?CALIBRATION
  +--> ?PR?COMM_PUTNEWLINE?SUB
  +--> ?PR?COMM_SENDSTA?COMM

?PR?_COMM_PUTINT32SAD?SUB                   -----    -----      -----    -----      -----    -----
  +--> ?PR?_SUB_INT32U2STR?SUB
  +--> ?PR?_COMM_PUTSTR?COMM

?PR?_SUB_SENDOFFSET?SUB                     -----    -----      -----    -----      -----    -----
  +--> ?PR?_COMM_PUTINT32S?SUB
  +--> ?PR?COMM_PUTNEWLINE?SUB
  +--> ?PR?COMM_SENDSTA?COMM

?PR?_SUB_SENDANGXCAL?SUB                    -----    -----      0025H    0001H      -----    -----
  +--> ?CO?SUB
  +--> ?PR?_COMM_PUTSTR?COMM
  +--> ?PR?_COMM_PUTINT8U?SUB
  +--> ?PR?_GETANGXCALADCVAL?CALIBRATION
  +--> ?PR?_COMM_PUTINT32U?SUB
  +--> ?PR?_COMM_PUTINT16S?SUB
  +--> ?PR?COMM_PUTNEWLINE?SUB
  +--> ?PR?COMM_SENDSTA?COMM

?PR?_COMM_PUTINT16S?SUB                     -----    -----      -----    -----      -----    -----
  +--> ?PR?_SUB_INT16S2STR?SUB
  +--> ?PR?_COMM_PUTSTR?COMM

?PR?_SUB_INT16S2STR?SUB                     -----    -----      -----    -----      -----    -----
  +--> ?PR?_SUB_INT16U2STR?SUB

?PR?_SUB_SENDANGYCAL?SUB                    -----    -----      0025H    0001H      -----    -----
  +--> ?CO?SUB
  +--> ?PR?_COMM_PUTSTR?COMM
  +--> ?PR?_COMM_PUTINT8U?SUB
  +--> ?PR?_COMM_PUTCHAR?COMM
  +--> ?PR?_GETANGYCALADCVAL?CALIBRATION
  +--> ?PR?_COMM_PUTINT32U?SUB
  +--> ?PR?_COMM_PUTINT16S?SUB
  +--> ?PR?COMM_PUTNEWLINE?SUB
  +--> ?PR?COMM_SENDSTA?COMM

?PR?SUB_SENDERR?SUB                         -----    -----      -----    -----      -----    -----
  +--> ?CO?SUB
  +--> ?PR?_COMM_PUTSTR?COMM
  +--> ?PR?COMM_PUTNEWLINE?SUB
  +--> ?PR?COMM_SENDSTA?COMM

?PR?_SEND_CDEAL?SEND                        -----    -----      0021H    0004H      -----    -----
  +--> ?CO?SEND
  +--> ?PR?_STRNCMP?STRNCMP
  +--> ?PR?SUB_SENDERR?SUB
  +--> ?PR?_SETANGXSYSZERO?ANGAPP
BL51 BANKED LINKER/LOCATER V6.22                                                      06/01/2018  17:39:17  PAGE 23


  +--> ?PR?_SETANGYSYSZERO?ANGAPP
  +--> ?PR?_COMM_PUTSTR?COMM
  +--> ?PR?SUB_SENDOK?SUB
  +--> ?PR?_SETANGXUSRZERO?ANGAPP
  +--> ?PR?ADC_XCALSTA?CMDSUB
  +--> ?PR?ADC_XCALSTOP?CMDSUB
  +--> ?PR?ADC_YCALSTA?CMDSUB
  +--> ?PR?ADC_YCALSTOP?CMDSUB
  +--> ?PR?_SETANGYUSRZERO?ANGAPP
  +--> ?PR?TEMP_CALSTA?CMDSUB
  +--> ?PR?TEMP_CALSTOP?CMDSUB
  +--> ?PR?MCUT_CALSTA?CALMCUT
  +--> ?PR?MCUT_CALSTOP?CALMCUT

?PR?SUB_SENDOK?SUB                          -----    -----      -----    -----      -----    -----
  +--> ?CO?SUB
  +--> ?PR?_COMM_PUTSTR?COMM
  +--> ?PR?COMM_PUTNEWLINE?SUB
  +--> ?PR?COMM_SENDSTA?COMM

?PR?_SEND_SDEAL?SEND                        -----    -----      0021H    0005H      0D51H    0007H
  +--> ?CO?SEND
  +--> ?PR?_STRNCMP?STRNCMP
  +--> ?PR?_COMM_PUTSTR?COMM
  +--> ?PR?SUB_SENDOK?SUB
  +--> ?PR?SUB_SENDERR?SUB
  +--> ?PR?SUB_SENDANGXY?SUB
  +--> ?PR?_SUB_STR2INT8U?SUB
  +--> ?PR?_SETFILTERCNT?SENSOR
  +--> ?PR?GETXANG?SENSOR
  +--> ?PR?_SETANGXSYSZERO?ANGAPP
  +--> ?PR?GETYANG?SENSOR
  +--> ?PR?_SETANGYSYSZERO?ANGAPP
  +--> ?PR?GETANGXRELSYS?ANGAPP
  +--> ?PR?_SETANGXUSRZERO?ANGAPP
  +--> ?PR?GETANGYRELSYS?ANGAPP
  +--> ?PR?_SETANGYUSRZERO?ANGAPP
  +--> ?PR?_SUB_STR2INT32SANG?SUB
  +--> ?PR?_SETANGXINST?ANGAPP
  +--> ?PR?_SETANGYINST?ANGAPP
  +--> ?PR?_SETANGCALCNT?CALIBRATION
  +--> ?PR?_SETTEMPCALCNT?CALIBRATION
  +--> ?PR?_SETMCUTCALCNT?CALMCUT
  +--> ?PR?GETXOFTVAL?SENSOR
  +--> ?PR?_ADC_XCALPROC?CMDSUB
  +--> ?PR?_COMM_PUTCHAR?COMM
  +--> ?PR?GETANGXCALCNT?CALIBRATION
  +--> ?PR?_ANGCHKDIFF?CMDSUB
  +--> ?PR?_COMM_PUTINT32U?SUB
  +--> ?PR?ADC_XCALSTOP?CMDSUB
  +--> ?PR?GETYOFTVAL?SENSOR
  +--> ?PR?_ADC_YCALPROC?CMDSUB
  +--> ?PR?ADC_YCALSTOP?CMDSUB
  +--> ?PR?_SUB_STR2INT8S?SUB
  +--> ?PR?GET_MCUTEMP?SENSOR
  +--> ?PR?_MCUT_CALSAMP?CALMCUT
  +--> ?PR?GETXFTVAL?SENSOR
BL51 BANKED LINKER/LOCATER V6.22                                                      06/01/2018  17:39:17  PAGE 24


  +--> ?PR?GETYFTVAL?SENSOR
  +--> ?PR?_TEMP_CALSAMP?CMDSUB
  +--> ?PR?_TEMP_CALTREFSET?CMDSUB
  +--> ?PR?_SETANGXSET?ANGAPP
  +--> ?PR?_SETANGYSET?ANGAPP
  +--> ?PR?_SETANGPSET?ANGAPP
  +--> ?PR?_SUB_STRALARMCHECK?SUB
  +--> ?PR?_DELAY_MS?DELAY
  +--> ?PR?SUB_SYSRST?SUB

?PR?_SUB_STR2INT32SANG?SUB                  -----    -----      0026H    0006H      0D58H    0004H

?PR?_ADC_XCALPROC?CMDSUB                    -----    -----      0026H    0008H      -----    -----
  +--> ?PR?_ANGCHKDIFF?CMDSUB

?PR?_ANGCHKDIFF?CMDSUB                      -----    -----      002EH    000FH      0D58H    0001H

?PR?_ADC_YCALPROC?CMDSUB                    -----    -----      0026H    0008H      -----    -----
  +--> ?PR?_ANGCHKDIFF?CMDSUB

?PR?_SUB_STR2INT8S?SUB                      -----    -----      0026H    0003H      0D58H    0001H
  +--> ?PR?_SUB_STR2INT8U?SUB

?PR?_MCUT_CALSAMP?CALMCUT                   -----    -----      0026H    0004H      -----    -----
  +--> ?PR?_MCUT_CALVALWR?CALMCUT
  +--> ?PR?_SUB_SENDMCUT?SUB

?PR?_MCUT_CALVALWR?CALMCUT                  -----    -----      002AH    0003H      -----    -----

?PR?_SUB_SENDMCUT?SUB                       -----    -----      002AH    0004H      -----    -----
  +--> ?CO?SUB
  +--> ?PR?_COMM_PUTSTR?COMM
  +--> ?PR?_COMM_PUTINT16S?SUB
  +--> ?PR?_COMM_PUTINT16U?SUB
  +--> ?PR?COMM_PUTNEWLINESTA?SUB

?PR?COMM_PUTNEWLINESTA?SUB                  -----    -----      -----    -----      -----    -----
  +--> ?PR?_COMM_PUTCHAR?COMM
  +--> ?PR?COMM_SENDSTA?COMM

?PR?_TEMP_CALSAMP?CMDSUB                    -----    -----      0026H    000BH      -----    -----
  +--> ?PR?_SUB_SENDADCTXY?SUB
  +--> ?PR?_TEMP_CALVALWR?CMDSUB

?PR?_SUB_SENDADCTXY?SUB                     -----    -----      0031H    000AH      -----    -----
  +--> ?CO?SUB
  +--> ?PR?_COMM_PUTSTR?COMM
  +--> ?PR?_COMM_PUTINT16U?SUB
  +--> ?PR?_COMM_PUTINT32U?SUB
  +--> ?PR?COMM_PUTNEWLINE?SUB
  +--> ?PR?COMM_SENDSTA?COMM

?PR?_TEMP_CALVALWR?CMDSUB                   -----    -----      0031H    000BH      -----    -----
  +--> ?PR?_SETTEMPXCALADCVAL?CALIBRATION
  +--> ?PR?_SETTEMPYCALADCVAL?CALIBRATION

?PR?_TEMP_CALTREFSET?CMDSUB                 -----    -----      0026H    0001H      0D58H    0009H
BL51 BANKED LINKER/LOCATER V6.22                                                      06/01/2018  17:39:17  PAGE 25


  +--> ?PR?TEMP_CALSTOP?CMDSUB

?PR?_SUB_STRALARMCHECK?SUB                  -----    -----      0026H    0006H      -----    -----

?PR?_SEND_UDEAL?SEND                        -----    -----      0021H    0004H      -----    -----
  +--> ?CO?SEND
  +--> ?PR?_STRNCMP?STRNCMP
  +--> ?PR?FLASH_CALDATAUPDATE?FLASH
  +--> ?PR?FLASH_USERDATAUPDATE?FLASH
  +--> ?PR?_COMM_PUTSTR?COMM
  +--> ?PR?SUB_SENDOK?SUB
  +--> ?PR?SUB_SENDERR?SUB

?PR?_SEND_WDEAL?SEND                        -----    -----      0021H    0004H      0D51H    000AH
  +--> ?CO?SEND
  +--> ?PR?_STRNCMP?STRNCMP
  +--> ?PR?_SUB_STR2INT32S?SUB
  +--> ?PR?_SUB_STR2INT16U?SUB
  +--> ?PR?_SUB_STR2INT8U?SUB
  +--> ?PR?_TEMP_CALVALWR?CMDSUB
  +--> ?PR?SUB_SENDERR?SUB
  +--> ?PR?_STRNCPY?STRNCPY
  +--> ?PR?_COMM_PUTSTR?COMM
  +--> ?PR?SUB_SENDOK?SUB

?PR?_SUB_STR2INT32S?SUB                     -----    -----      0025H    0006H      0D5BH    0005H

?PR?_SUB_STR2INT16U?SUB                     -----    -----      0025H    0006H      0D5BH    0001H

?PR?_STRNCPY?STRNCPY                        -----    -----      0025H    000AH      -----    -----

?PR?_SEND_TDEAL?SEND                        -----    -----      0021H    0001H      -----    -----
  +--> ?CO?SEND
  +--> ?PR?_STRNCMP?STRNCMP
  +--> ?PR?SUB_SENDTCALTEST?SUB

?PR?SUB_SENDTCALTEST?SUB                    -----    -----      -----    -----      0D51H    0008H
  +--> ?PR?GET_MCUTEMP?SENSOR
  +--> ?PR?_COMM_PUTINT16U?SUB
  +--> ?PR?_COMM_PUTCHAR?COMM
  +--> ?PR?_COMM_PUTINT32SAD?SUB
  +--> ?PR?COMM_PUTNEWLINE?SUB
  +--> ?PR?COMM_SENDSTA?COMM

*** NEW ROOT ***************************************************

?PR?COMM_ISR?COMM                           -----    -----      004BH    0002H      -----    -----
  +--> ?PR?_COMM_GETTXCHAR?COMM
  +--> ?PR?COMM_SENDSTOP?COMM
  +--> ?PR?_COMM_PUTRXCHAR?COMM
  +--> ?PR?COMM_TIMERINIT?COMM

?PR?_COMM_GETTXCHAR?COMM                    -----    -----      004DH    0006H      -----    -----

?PR?_COMM_PUTRXCHAR?COMM                    -----    -----      004DH    0003H      -----    -----

*** NEW ROOT ***************************************************
BL51 BANKED LINKER/LOCATER V6.22                                                      06/01/2018  17:39:17  PAGE 26



?PR?TIMER2_ISR?TIMER                        -----    -----      -----    -----      -----    -----
  +--> ?PR?TIMER2_TASKINISR?TIMER
  +--> ?PR?_SENSORSPI_WRITE?SPI

?PR?TIMER2_TASKINISR?TIMER                  -----    -----      -----    -----      -----    -----
  +--> ?PR?COMM_TIMERPROC?COMM
  +--> ?CO?SEND

?PR?_SENSORSPI_WRITE?SPI                    -----    -----      0053H    0004H      -----    -----
  +--> ?PR?_DELAY_CYC?DELAY

*** NEW ROOT ***************************************************

?PR?INT0_ISR?INT0                           -----    -----      -----    -----      -----    -----
  +--> ?PR?INT0_DISABLE?INT0
  +--> ?PR?AD7176_INTPROC?AD7176
  +--> ?PR?INT0_ENABLE?INT0

?PR?AD7176_INTPROC?AD7176                   -----    -----      -----    -----      -----    -----
  +--> ?PR?_SPI_READ?SPI

?PR?_SPI_READ?SPI                           -----    -----      0057H    0006H      -----    -----
  +--> ?CO?SPI
  +--> ?PR?_SPI_WRITE_INT?SPI
  +--> ?PR?DELAYXUS?DELAY

?PR?_SPI_WRITE_INT?SPI                      -----    -----      005DH    0001H      -----    -----



SYMBOL TABLE OF MODULE:  .\obj\wtu (?C_STARTUP)

  VALUE           TYPE          NAME
  ----------------------------------

  -------         MODULE        ?C_STARTUP
  C:65CAH         SEGMENT       ?C_C51STARTUP
  I:005EH         SEGMENT       ?STACK
  C:0000H         PUBLIC        ?C_STARTUP
  D:00E0H         SYMBOL        ACC
  D:00F0H         SYMBOL        B
  D:0083H         SYMBOL        DPH
  D:0082H         SYMBOL        DPL
  N:0000H         SYMBOL        IBPSTACK
  N:0100H         SYMBOL        IBPSTACKTOP
  N:0080H         SYMBOL        IDATALEN
  C:65CDH         SYMBOL        IDATALOOP
  N:0000H         SYMBOL        PBPSTACK
  N:0100H         SYMBOL        PBPSTACKTOP
  N:0000H         SYMBOL        PDATALEN
  N:0000H         SYMBOL        PDATASTART
  N:0000H         SYMBOL        PPAGE
  N:0000H         SYMBOL        PPAGEENABLE
  D:00A0H         SYMBOL        PPAGE_SFR
  D:0081H         SYMBOL        SP
  C:65CAH         SYMBOL        STARTUP1
BL51 BANKED LINKER/LOCATER V6.22                                                      06/01/2018  17:39:17  PAGE 27


  N:0000H         SYMBOL        XBPSTACK
  N:0000H         SYMBOL        XBPSTACKTOP
  N:0000H         SYMBOL        XDATALEN
  N:0000H         SYMBOL        XDATASTART
  C:0000H         LINE#         126
  C:65CAH         LINE#         133
  C:65CCH         LINE#         134
  C:65CDH         LINE#         135
  C:65CEH         LINE#         136
  C:65D0H         LINE#         185
  C:65D3H         LINE#         196
  -------         ENDMOD        ?C_STARTUP

  -------         MODULE        AD7176
  C:0000H         SYMBOL        _ICE_DUMMY_
  C:6A6EH         PUBLIC        AD7176_IntProc
  C:7AA0H         PUBLIC        _AD7176_FilterConfig
  D:0090H         PUBLIC        P1
  C:8261H         PUBLIC        _AD7176_OffsetConfig
  D:00A0H         PUBLIC        P2
  X:0768H         PUBLIC        sample
  C:8581H         PUBLIC        Adc_GetXVal
  C:8588H         PUBLIC        Adc_GetYVal
  C:7EE6H         PUBLIC        _AD7176_SetUpConfig
  C:7501H         PUBLIC        _AD7176_INTModeConfig
  X:076CH         PUBLIC        WrRegVal
  C:5872H         PUBLIC        AD7176_InMainProc
  C:8273H         PUBLIC        _AD7176_GainConfig
  X:076EH         PUBLIC        x_axis_adc
  X:0804H         PUBLIC        y_axis_adc
  X:089AH         PUBLIC        q1
  C:703EH         PUBLIC        AdcEntityInit
  X:08A0H         PUBLIC        q2
  X:08A6H         PUBLIC        state
  C:858FH         PUBLIC        Adc_GetTemp
  B:00F8H.2       PUBLIC        NSSMD0
  X:08A7H         PUBLIC        WordLen
  C:7EC3H         PUBLIC        AD7176_Reset
  X:08A9H         PUBLIC        temp_adc
  C:8391H         SYMBOL        _?ix1000
  C:8399H         SYMBOL        _?ix1001
  X:093FH         PUBLIC        mode_test
  C:6DE8H         PUBLIC        _AD7176_WrRegVal
  X:0943H         PUBLIC        conf_test
  C:5D88H         PUBLIC        AD7176_Init
  C:7BBEH         PUBLIC        _AD7176_ChannelConfig
  C:7EA0H         PUBLIC        Init_Samad
  X:0947H         PUBLIC        AD_Data
  X:094CH         PUBLIC        Adc_Flag
  C:7CC0H         PUBLIC        _AD7176_ADCModeConfig
  C:5CCFH         PUBLIC        _AdcFilter
  -------         PROC          INIT_SAMAD
  C:7EA0H         LINE#         13
  C:7EA0H         LINE#         14
  C:7EA0H         LINE#         15
  C:7EB1H         LINE#         16
  C:7EC2H         LINE#         17
BL51 BANKED LINKER/LOCATER V6.22                                                      06/01/2018  17:39:17  PAGE 28


  -------         ENDPROC       INIT_SAMAD
  -------         PROC          ADC_GETXVAL
  C:8581H         LINE#         27
  C:8581H         LINE#         28
  C:8581H         LINE#         29
  C:8587H         LINE#         30
  -------         ENDPROC       ADC_GETXVAL
  -------         PROC          ADC_GETYVAL
  C:8588H         LINE#         38
  C:8588H         LINE#         39
  C:8588H         LINE#         40
  C:858EH         LINE#         41
  -------         ENDPROC       ADC_GETYVAL
  -------         PROC          AD7176_RESET
  -------         DO            
  X:0D51H         SYMBOL        Regarr
  -------         ENDDO         
  C:7EC3H         LINE#         51
  C:7EC3H         LINE#         52
  C:7EC3H         LINE#         53
  C:7ED6H         LINE#         54
  C:7ED8H         LINE#         55
  C:7EE3H         LINE#         56
  C:7EE5H         LINE#         57
  -------         ENDPROC       AD7176_RESET
  -------         PROC          AD7176_INIT
  C:5D88H         LINE#         67
  C:5D88H         LINE#         68
  C:5D88H         LINE#         70
  C:5D8BH         LINE#         72
  C:5D8EH         LINE#         74
  C:5D9FH         LINE#         77
  C:5DB2H         LINE#         78
  C:5DC3H         LINE#         81
  C:5DD7H         LINE#         83
  C:5DEEH         LINE#         84
  C:5DF9H         LINE#         85
  C:5E13H         LINE#         86
  C:5E35H         LINE#         89
  C:5E38H         LINE#         91
  -------         ENDPROC       AD7176_INIT
  -------         PROC          _AD7176_WRREGVAL
  D:0031H         SYMBOL        RegAdd
  D:0032H         SYMBOL        RegVal
  D:0036H         SYMBOL        NumOfBytes
  -------         DO            
  D:0037H         SYMBOL        mid_arr
  D:0003H         SYMBOL        i
  D:003CH         SYMBOL        temp
  -------         ENDDO         
  C:6DE8H         LINE#         95
  C:6DEAH         LINE#         96
  C:6DEAH         LINE#         97
  C:6DFDH         LINE#         101
  C:6E00H         LINE#         103
  C:6E02H         LINE#         104
  C:6E0DH         LINE#         107
BL51 BANKED LINKER/LOCATER V6.22                                                      06/01/2018  17:39:17  PAGE 29


  C:6E19H         LINE#         108
  C:6E21H         LINE#         109
  C:6E21H         LINE#         110
  C:6E3CH         LINE#         111
  C:6E3FH         LINE#         112
  C:6E4AH         LINE#         115
  C:6E4CH         LINE#         117
  -------         ENDPROC       _AD7176_WRREGVAL
  -------         PROC          _AD7176_ADCMODECONFIG
  D:0006H         SYMBOL        RefEn
  D:0004H         SYMBOL        SingCycEn
  D:0002H         SYMBOL        Delay
  D:0027H         SYMBOL        OpMode
  D:0029H         SYMBOL        ClockSel
  C:7CC0H         LINE#         119
  C:7CC0H         LINE#         120
  C:7CC0H         LINE#         121
  C:7CE1H         LINE#         122
  -------         ENDPROC       _AD7176_ADCMODECONFIG
  -------         PROC          _AD7176_INTMODECONFIG
  D:0006H         SYMBOL        AltSyncEn
  D:0004H         SYMBOL        IostrengthEn
  D:0002H         SYMBOL        DoutReset
  D:0027H         SYMBOL        ContReadEn
  D:0029H         SYMBOL        DataStat
  D:002BH         SYMBOL        RegCheckEn
  D:002DH         SYMBOL        CrcEn
  D:002FH         SYMBOL        WordLen
  C:7501H         LINE#         125
  C:7501H         LINE#         128
  C:7501H         LINE#         129
  C:753AH         LINE#         131
  C:7540H         LINE#         132
  -------         ENDPROC       _AD7176_INTMODECONFIG
  -------         PROC          _AD7176_CHANNELCONFIG
  D:0007H         SYMBOL        RegChanSel
  D:0004H         SYMBOL        ChanEn
  D:0002H         SYMBOL        SetupSelNumber
  D:0026H         SYMBOL        AinPos
  D:0028H         SYMBOL        AinNeg
  C:7BBEH         LINE#         135
  C:7BBEH         LINE#         136
  C:7BBEH         LINE#         137
  C:7BDCH         LINE#         138
  -------         ENDPROC       _AD7176_CHANNELCONFIG
  -------         PROC          _AD7176_SETUPCONFIG
  D:0007H         SYMBOL        RegSetupConfigNumber
  D:0004H         SYMBOL        BiUniPolar
  D:0002H         SYMBOL        RefSel
  C:7EE6H         LINE#         142
  C:7EE6H         LINE#         143
  C:7EE6H         LINE#         144
  C:7EF3H         LINE#         145
  -------         ENDPROC       _AD7176_SETUPCONFIG
  -------         PROC          _AD7176_FILTERCONFIG
  D:0007H         SYMBOL        RefFilConfigNumber
  D:0004H         SYMBOL        Sinc3Map
BL51 BANKED LINKER/LOCATER V6.22                                                      06/01/2018  17:39:17  PAGE 30


  D:0002H         SYMBOL        EnFiltEn
  D:0026H         SYMBOL        EnFilSel
  D:0028H         SYMBOL        Order
  D:002AH         SYMBOL        outputdatarate
  C:7AA0H         LINE#         148
  C:7AA0H         LINE#         149
  C:7AA0H         LINE#         150
  C:7AC5H         LINE#         151
  -------         ENDPROC       _AD7176_FILTERCONFIG
  -------         PROC          _AD7176_OFFSETCONFIG
  D:0007H         SYMBOL        RegOffsetSel
[...]
  C:69ECH         LINE#         622
  C:69F4H         LINE#         623
  -------         ENDPROC       _SUB_BUFBUBBLE
  -------         PROC          _SUB_BUFBUBBLE2
  D:0027H         SYMBOL        id
  D:002AH         SYMBOL        x
  D:002DH         SYMBOL        y
  D:0030H         SYMBOL        n
  -------         DO            
  X:0D61H         SYMBOL        i
  X:0D62H         SYMBOL        j
  -------         ENDDO         
  C:69F5H         LINE#         625
  C:69FBH         LINE#         627
  C:69FBH         LINE#         630
  C:6A09H         LINE#         631
  C:6A1AH         LINE#         632
  C:6A44H         LINE#         633
  C:6A4AH         LINE#         634
  C:6A53H         LINE#         635
  C:6A5CH         LINE#         636
  C:6A5CH         LINE#         637
  C:6A64H         LINE#         638
  C:6A6DH         LINE#         639
  -------         ENDPROC       _SUB_BUFBUBBLE2
  -------         PROC          _SUB_BUFBUBBLE16S
  D:0025H         SYMBOL        id
  D:0028H         SYMBOL        x
  D:002BH         SYMBOL        n
  -------         DO            
BL51 BANKED LINKER/LOCATER V6.22                                                      06/01/2018  17:39:17  PAGE 113


  X:0D51H         SYMBOL        i
  X:0D52H         SYMBOL        j
  -------         ENDDO         
  C:68FBH         LINE#         642
  C:6901H         LINE#         643
  C:6901H         LINE#         646
  C:690FH         LINE#         647
  C:6920H         LINE#         648
  C:6950H         LINE#         649
  C:695CH         LINE#         650
  C:6968H         LINE#         651
  C:6968H         LINE#         652
  C:6970H         LINE#         653
  C:6978H         LINE#         654
  -------         ENDPROC       _SUB_BUFBUBBLE16S
  -------         PROC          SUB_SYSRST
  -------         DO            
  D:0007H         SYMBOL        SfrPage_
  -------         ENDDO         
  C:84E9H         LINE#         656
  C:84E9H         LINE#         657
  C:84EBH         LINE#         660
  C:84EEH         LINE#         661
  C:84F1H         LINE#         662
  C:84F3H         LINE#         663
  -------         ENDPROC       SUB_SYSRST
  -------         PROC          _SUB_STRALARMCHECK
  D:0026H         SYMBOL        val
  D:0029H         SYMBOL        str
  C:7D21H         LINE#         665
  C:7D27H         LINE#         666
  C:7D27H         LINE#         667
  C:7D39H         LINE#         668
  C:7D39H         LINE#         669
  C:7D4AH         LINE#         670
  C:7D4DH         LINE#         671
  C:7D4DH         LINE#         673
  C:7D4DH         LINE#         674
  C:7D4FH         LINE#         675
  C:7D4FH         LINE#         676
  -------         ENDPROC       _SUB_STRALARMCHECK
  -------         ENDMOD        SUB

  -------         MODULE        TIMER
  C:0000H         SYMBOL        _ICE_DUMMY_
  D:0090H         PUBLIC        P1
  D:0017H         SYMBOL        MainTime4En
  D:00A0H         PUBLIC        P2
  C:62D3H         PUBLIC        Timer2_ISR
  D:00A7H         PUBLIC        SFRPAGE
  C:7B88H         PUBLIC        Timer2_TaskInIsr
  B:00C8H.7       PUBLIC        TF2H
  D:00B8H         PUBLIC        IP
  D:00CCH         PUBLIC        TMR2
  X:0D82H         SYMBOL        count
  C:7ADBH         PUBLIC        Timer2_Init
  D:00C8H         PUBLIC        TMR2CN
BL51 BANKED LINKER/LOCATER V6.22                                                      06/01/2018  17:39:17  PAGE 114


  D:00CAH         PUBLIC        TMR2RL
  X:0D83H         PUBLIC        vas
  B:00A8H.5       PUBLIC        ET2
  B:00C8H.2       PUBLIC        TR2
  X:0D84H         SYMBOL        count_in
  C:8297H         PUBLIC        Timer2_TaskInMain
  X:0D85H         PUBLIC        sum_temp
  D:008EH         PUBLIC        CKCON
  X:0D87H         PUBLIC        MainTime4Cnt
  -------         PROC          TIMER2_INIT
  -------         DO            
  D:0007H         SYMBOL        SfrPage_
  -------         ENDDO         
  C:7ADBH         LINE#         34
  C:7ADBH         LINE#         35
  C:7ADBH         LINE#         36
  C:7ADDH         LINE#         37
  C:7AE0H         LINE#         38
  C:7AE2H         LINE#         39
  C:7AE5H         LINE#         40
  C:7AEBH         LINE#         41
  C:7AF1H         LINE#         42
  C:7AF4H         LINE#         43
  C:7AF6H         LINE#         44
  C:7AF8H         LINE#         45
  C:7AFAH         LINE#         46
  C:7B15H         LINE#         47
  -------         ENDPROC       TIMER2_INIT
  -------         PROC          TIMER2_ISR
  C:62D3H         LINE#         83
  C:62F0H         LINE#         85
  C:62F2H         LINE#         86
  C:62F5H         LINE#         87
  C:6300H         LINE#         88
  C:6300H         LINE#         89
  C:630AH         LINE#         90
  C:6313H         LINE#         91
  C:6318H         LINE#         92
  C:6323H         LINE#         93
  C:6323H         LINE#         94
  C:6339H         LINE#         95
  C:633EH         LINE#         96
  C:6342H         LINE#         97
  C:6342H         LINE#         98
  C:6342H         LINE#         99
  C:6355H         LINE#         100
  C:6355H         LINE#         101
  C:635BH         LINE#         102
  C:635BH         LINE#         103
  -------         ENDPROC       TIMER2_ISR
  -------         PROC          TIMER2_TASKINISR
  C:7B88H         LINE#         122
  C:7B88H         LINE#         123
  C:7B88H         LINE#         124
  C:7B8BH         LINE#         125
  C:7B95H         LINE#         126
  C:7B9FH         LINE#         127
BL51 BANKED LINKER/LOCATER V6.22                                                      06/01/2018  17:39:17  PAGE 115


  C:7B9FH         LINE#         128
  C:7BBAH         LINE#         129
  C:7BBDH         LINE#         131
  C:7BBDH         LINE#         132
  -------         ENDPROC       TIMER2_TASKINISR
  -------         PROC          TIMER2_TASKINMAIN
  C:8297H         LINE#         140
  C:8297H         LINE#         141
  C:8297H         LINE#         142
  C:829CH         LINE#         143
  C:829CH         LINE#         144
  C:829FH         LINE#         145
  C:82A5H         LINE#         146
  C:82A8H         LINE#         148
  C:82A8H         LINE#         149
  -------         ENDPROC       TIMER2_TASKINMAIN
  -------         ENDMOD        TIMER

  -------         MODULE        INT0
  C:0000H         SYMBOL        _ICE_DUMMY_
  D:0090H         PUBLIC        P1
  D:00A0H         PUBLIC        P2
  C:8687H         PUBLIC        Int0_Enable
  D:00E4H         PUBLIC        IT01CF
  D:00A7H         PUBLIC        SFRPAGE
  C:7866H         PUBLIC        Int0_ISR
  B:0088H.1       PUBLIC        IE0
  D:0015H         PUBLIC        tem
  B:00A8H.0       PUBLIC        EX0
  B:0088H.0       PUBLIC        IT0
  C:82A9H         PUBLIC        Int0_Init
  D:0016H         PUBLIC        a
  C:869FH         PUBLIC        Int0_Disable
  -------         PROC          INT0_ENABLE
  C:8687H         LINE#         14
  C:8687H         LINE#         15
  C:8687H         LINE#         16
  C:8689H         LINE#         17
  C:868BH         LINE#         18
  -------         ENDPROC       INT0_ENABLE
  -------         PROC          INT0_INIT
  -------         DO            
  D:0007H         SYMBOL        page_temp
  -------         ENDDO         
  C:82A9H         LINE#         29
  C:82A9H         LINE#         30
  C:82A9H         LINE#         32
  C:82ABH         LINE#         33
  C:82AEH         LINE#         34
  C:82B0H         LINE#         35
  C:82B3H         LINE#         36
  C:82B6H         LINE#         37
  C:82B8H         LINE#         38
  -------         ENDPROC       INT0_INIT
  -------         PROC          INT0_DISABLE
  C:869FH         LINE#         42
  C:869FH         LINE#         43
BL51 BANKED LINKER/LOCATER V6.22                                                      06/01/2018  17:39:17  PAGE 116


  C:869FH         LINE#         44
  C:86A1H         LINE#         45
  -------         ENDPROC       INT0_DISABLE
  -------         PROC          INT0_ISR
  C:7866H         LINE#         49
  C:7883H         LINE#         51
  C:7885H         LINE#         52
  C:7888H         LINE#         53
  C:788BH         LINE#         54
  C:788EH         LINE#         56
  -------         ENDPROC       INT0_ISR
  -------         ENDMOD        INT0

  -------         MODULE        KEY
  C:0000H         SYMBOL        _ICE_DUMMY_
  D:0090H         PUBLIC        P1
  D:00A0H         PUBLIC        P2
  X:0D89H         PUBLIC        KeyEnb
  -------         ENDMOD        KEY

  -------         MODULE        ?C?FPADD
  C:0035H         PUBLIC        ?C?FPADD
  C:0031H         PUBLIC        ?C?FPSUB
  -------         ENDMOD        ?C?FPADD

  -------         MODULE        ?C?FPMUL
  C:0126H         PUBLIC        ?C?FPMUL
  -------         ENDMOD        ?C?FPMUL

  -------         MODULE        ?C?FPDIV
  C:022FH         PUBLIC        ?C?FPDIV
  -------         ENDMOD        ?C?FPDIV

  -------         MODULE        ?C?FPCMP
  C:02CEH         PUBLIC        ?C?FPCMP
  C:02CCH         PUBLIC        ?C?FPCMP3
  -------         ENDMOD        ?C?FPCMP

  -------         MODULE        ?C?FCAST
  C:0343H         PUBLIC        ?C?FCASTC
  C:033EH         PUBLIC        ?C?FCASTI
  C:0339H         PUBLIC        ?C?FCASTL
  -------         ENDMOD        ?C?FCAST

  -------         MODULE        ?C?CASTF
  C:0377H         PUBLIC        ?C?CASTF
  -------         ENDMOD        ?C?CASTF

  -------         MODULE        SQRT
  C:5F9AH         PUBLIC        _SQRT
  -------         ENDMOD        SQRT

  -------         MODULE        SIN
  C:47C3H         PUBLIC        _COS
  C:47D9H         PUBLIC        _SIN
  C:480BH         PUBLIC        _TAN
  -------         ENDMOD        SIN
BL51 BANKED LINKER/LOCATER V6.22                                                      06/01/2018  17:39:17  PAGE 117



  -------         MODULE        ASIN
  C:7B16H         PUBLIC        _ASIN
  -------         ENDMOD        ASIN

  -------         MODULE        ATAN
  C:4B9DH         PUBLIC        _ATAN
  -------         ENDMOD        ATAN

  -------         MODULE        ?C?COPY
  C:0515H         PUBLIC        ?C?COPY
  -------         ENDMOD        ?C?COPY

  -------         MODULE        ?C?CLDPTR
  C:053BH         PUBLIC        ?C?CLDPTR
  -------         ENDMOD        ?C?CLDPTR

  -------         MODULE        ?C?CLDOPTR
  C:0554H         PUBLIC        ?C?CLDOPTR
  -------         ENDMOD        ?C?CLDOPTR

  -------         MODULE        ?C?CILDPTR
  C:0581H         PUBLIC        ?C?CILDPTR
  -------         ENDMOD        ?C?CILDPTR

  -------         MODULE        ?C?CSTPTR
  C:05A3H         PUBLIC        ?C?CSTPTR
  -------         ENDMOD        ?C?CSTPTR

  -------         MODULE        ?C?CSTOPTR
  C:05B5H         PUBLIC        ?C?CSTOPTR
  -------         ENDMOD        ?C?CSTOPTR

  -------         MODULE        ?C?IMUL
  C:05D7H         PUBLIC        ?C?IMUL
  -------         ENDMOD        ?C?IMUL

  -------         MODULE        ?C?UIDIV
  C:05E9H         PUBLIC        ?C?UIDIV
  -------         ENDMOD        ?C?UIDIV

  -------         MODULE        ?C?SIDIV
  C:063EH         PUBLIC        ?C?SIDIV
  -------         ENDMOD        ?C?SIDIV

  -------         MODULE        ?C?IILDX
  C:0674H         PUBLIC        ?C?IILDX
  -------         ENDMOD        ?C?IILDX

  -------         MODULE        ?C?ILDPTR
  C:068AH         PUBLIC        ?C?ILDPTR
  -------         ENDMOD        ?C?ILDPTR

  -------         MODULE        ?C?ILDOPTR
  C:06B5H         PUBLIC        ?C?ILDOPTR
  -------         ENDMOD        ?C?ILDOPTR

BL51 BANKED LINKER/LOCATER V6.22                                                      06/01/2018  17:39:17  PAGE 118


  -------         MODULE        ?C?IILDPTR
  C:06EDH         PUBLIC        ?C?IILDPTR
  -------         ENDMOD        ?C?IILDPTR

  -------         MODULE        ?C?IILDOPTR
  C:0725H         PUBLIC        ?C?IILDOPTR
  -------         ENDMOD        ?C?IILDOPTR

  -------         MODULE        ?C?ISTPTR
  C:0772H         PUBLIC        ?C?ISTPTR
  -------         ENDMOD        ?C?ISTPTR

  -------         MODULE        ?C?ISTOPTR
  C:0791H         PUBLIC        ?C?ISTOPTR
  -------         ENDMOD        ?C?ISTOPTR

  -------         MODULE        ?C?LADD
  C:07BEH         PUBLIC        ?C?LADD
  -------         ENDMOD        ?C?LADD

  -------         MODULE        ?C?LSUB
  C:07CBH         PUBLIC        ?C?LSUB
  -------         ENDMOD        ?C?LSUB

  -------         MODULE        ?C?LMUL
  C:07D9H         PUBLIC        ?C?LMUL
  -------         ENDMOD        ?C?LMUL

  -------         MODULE        ?C?ULDIV
  C:0864H         PUBLIC        ?C?ULDIV
  -------         ENDMOD        ?C?ULDIV

  -------         MODULE        ?C?SLDIV
  C:779CH         PUBLIC        ?C?SLDIV
  -------         ENDMOD        ?C?SLDIV

  -------         MODULE        ?C?LOR
  C:08F6H         PUBLIC        ?C?LOR
  -------         ENDMOD        ?C?LOR

  -------         MODULE        ?C?LNEG
  C:0903H         PUBLIC        ?C?LNEG
  -------         ENDMOD        ?C?LNEG

  -------         MODULE        ?C?SLCMP
  C:0911H         PUBLIC        ?C?SLCMP
  -------         ENDMOD        ?C?SLCMP

  -------         MODULE        ?C?ULCMP
  C:0927H         PUBLIC        ?C?ULCMP
  -------         ENDMOD        ?C?ULCMP

  -------         MODULE        ?C?ULSHR
  C:0938H         PUBLIC        ?C?ULSHR
  -------         ENDMOD        ?C?ULSHR

  -------         MODULE        ?C?SLSHR
BL51 BANKED LINKER/LOCATER V6.22                                                      06/01/2018  17:39:17  PAGE 119


  C:094BH         PUBLIC        ?C?SLSHR
  -------         ENDMOD        ?C?SLSHR

  -------         MODULE        ?C?LSHL
  C:095FH         PUBLIC        ?C?LSHL
  -------         ENDMOD        ?C?LSHL

  -------         MODULE        ?C?LLDPTR
  C:0972H         PUBLIC        ?C?LLDPTR
  -------         ENDMOD        ?C?LLDPTR

  -------         MODULE        ?C?LLDOPTR
  C:0992H         PUBLIC        ?C?LLDOPTR
  -------         ENDMOD        ?C?LLDOPTR

  -------         MODULE        ?C?LSTPTR
  C:09C2H         PUBLIC        ?C?LSTPTR
  -------         ENDMOD        ?C?LSTPTR

  -------         MODULE        ?C?LSTOPTR
  C:09DCH         PUBLIC        ?C?LSTOPTR
  -------         ENDMOD        ?C?LSTOPTR

  -------         MODULE        ?C?LLDIDATA
  C:0A00H         PUBLIC        ?C?LLDIDATA
  -------         ENDMOD        ?C?LLDIDATA

  -------         MODULE        ?C?LLDXDATA
  C:0A0CH         PUBLIC        ?C?LLDXDATA
  -------         ENDMOD        ?C?LLDXDATA

  -------         MODULE        ?C?LLDCODE
  C:0A18H         PUBLIC        ?C?LLDCODE
  -------         ENDMOD        ?C?LLDCODE

  -------         MODULE        ?C?LLDIDATA0
  C:0A28H         PUBLIC        ?C?LLDIDATA0
  -------         ENDMOD        ?C?LLDIDATA0

  -------         MODULE        ?C?LLDXDATA0
  C:0A35H         PUBLIC        ?C?LLDXDATA0
  -------         ENDMOD        ?C?LLDXDATA0

  -------         MODULE        ?C?LLDCODE0
  C:0A41H         PUBLIC        ?C?LLDCODE0
  -------         ENDMOD        ?C?LLDCODE0

  -------         MODULE        ?C?LLDOPTR0
  C:0A51H         PUBLIC        ?C?LLDOPTR0
  -------         ENDMOD        ?C?LLDOPTR0

  -------         MODULE        ?C?LSTIDATA
  C:0A81H         PUBLIC        ?C?LSTIDATA
  -------         ENDMOD        ?C?LSTIDATA

  -------         MODULE        ?C?LSTXDATA
  C:0A8DH         PUBLIC        ?C?LSTXDATA
BL51 BANKED LINKER/LOCATER V6.22                                                      06/01/2018  17:39:17  PAGE 120


  -------         ENDMOD        ?C?LSTXDATA

  -------         MODULE        ?C?LSTKIDATA
  C:0A99H         PUBLIC        ?C?LSTKIDATA
  -------         ENDMOD        ?C?LSTKIDATA

  -------         MODULE        ?C?LSTKXDATA
  C:0AB2H         PUBLIC        ?C?LSTKXDATA
  -------         ENDMOD        ?C?LSTKXDATA

  -------         MODULE        ?C?LSTKPTR
  C:0AE3H         PUBLIC        ?C?LSTKPTR
  -------         ENDMOD        ?C?LSTKPTR

  -------         MODULE        ?C?LSTKOPTR
  C:0AFDH         PUBLIC        ?C?LSTKOPTR
  -------         ENDMOD        ?C?LSTKOPTR

  -------         MODULE        ?C?OFFXADD
  C:0B21H         PUBLIC        ?C?OFFXADD
  -------         ENDMOD        ?C?OFFXADD

  -------         MODULE        ?C?PLDIDATA
  C:0B2DH         PUBLIC        ?C?PLDIDATA
  -------         ENDMOD        ?C?PLDIDATA

  -------         MODULE        ?C?PLDIIDATA
  C:0B36H         PUBLIC        ?C?PLDIIDATA
  -------         ENDMOD        ?C?PLDIIDATA

  -------         MODULE        ?C?PSTIDATA
  C:0B46H         PUBLIC        ?C?PSTIDATA
  -------         ENDMOD        ?C?PSTIDATA

  -------         MODULE        ?C?PLDXDATA
  C:0B4FH         PUBLIC        ?C?PLDXDATA
  -------         ENDMOD        ?C?PLDXDATA

  -------         MODULE        ?C?PSTXDATA
  C:0B58H         PUBLIC        ?C?PSTXDATA
  -------         ENDMOD        ?C?PSTXDATA

  -------         MODULE        ?C?PLDOPTR
  C:0B61H         PUBLIC        ?C?PLDOPTR
  -------         ENDMOD        ?C?PLDOPTR

  -------         MODULE        ?C?PLDIOPTR
  C:0B91H         PUBLIC        ?C?PLDIOPTR
  -------         ENDMOD        ?C?PLDIOPTR

  -------         MODULE        ?C?PSTOPTR
  C:0BC3H         PUBLIC        ?C?PSTOPTR
  -------         ENDMOD        ?C?PSTOPTR

  -------         MODULE        ?C?ICASE
  C:0C1CH         PUBLIC        ?C?ICASE
  -------         ENDMOD        ?C?ICASE
BL51 BANKED LINKER/LOCATER V6.22                                                      06/01/2018  17:39:17  PAGE 121



  -------         MODULE        ?C?LCASE
  C:0C49H         PUBLIC        ?C?LCASE
  -------         ENDMOD        ?C?LCASE

  -------         MODULE        ?C?ICALL
  C:0C83H         PUBLIC        ?C?ICALL
  C:0C87H         PUBLIC        ?C?ICALL2
  -------         ENDMOD        ?C?ICALL

  -------         MODULE        ?C_IBP
  D:0018H         PUBLIC        ?C_IBP
  -------         ENDMOD        ?C_IBP

  -------         MODULE        ?C?LIMUL
  C:0C89H         PUBLIC        ?C?LIMUL
  -------         ENDMOD        ?C?LIMUL

  -------         MODULE        STRNCMP
  D:0026H         PUBLIC        ?_strncmp?BYTE
  C:6C32H         PUBLIC        _strncmp
  -------         ENDMOD        STRNCMP

  -------         MODULE        STRNCPY
  D:0025H         PUBLIC        ?_strncpy?BYTE
  C:74AFH         PUBLIC        _strncpy
  -------         ENDMOD        STRNCPY

  -------         MODULE        ?C?LLDPDATA
  C:0CB6H         PUBLIC        ?C?LLDPDATA
  -------         ENDMOD        ?C?LLDPDATA

  -------         MODULE        ?C?LLDPDATA0
  C:0CC2H         PUBLIC        ?C?LLDPDATA0
  -------         ENDMOD        ?C?LLDPDATA0

  -------         MODULE        ?C?LSTPDATA
  C:0CCFH         PUBLIC        ?C?LSTPDATA
  -------         ENDMOD        ?C?LSTPDATA

  -------         MODULE        ?C?LSTKPDATA
  C:0CDBH         PUBLIC        ?C?LSTKPDATA
  -------         ENDMOD        ?C?LSTKPDATA

  -------         MODULE        ?C?PLDIXDATA
  C:0CF4H         PUBLIC        ?C?PLDIXDATA
  -------         ENDMOD        ?C?PLDIXDATA

  -------         MODULE        ?C?PLDPDATA
  C:0D0BH         PUBLIC        ?C?PLDPDATA
  -------         ENDMOD        ?C?PLDPDATA

  -------         MODULE        ?C?PLDIPDATA
  C:0D14H         PUBLIC        ?C?PLDIPDATA
  -------         ENDMOD        ?C?PLDIPDATA

  -------         MODULE        ?C?PSTPDATA
BL51 BANKED LINKER/LOCATER V6.22                                                      06/01/2018  17:39:17  PAGE 122


  C:0D24H         PUBLIC        ?C?PSTPDATA
  -------         ENDMOD        ?C?PSTPDATA

  -------         MODULE        ?C?PLDCODE
  C:0D2DH         PUBLIC        ?C?PLDCODE
  -------         ENDMOD        ?C?PLDCODE

Program Size: data=89.4 xdata=3466 code=34467
LINK/LOCATE RUN COMPLETE.  0 WARNING(S),  0 ERROR(S)
